dco_display.c:41:6:display_Init	16	static
dco_display.c:54:6:display_InitBis	8	static
dco_display.c:70:6:display_dco	232	static
dco_display.c:205:6:ClearScreen	8	static
dco_display.c:213:6:display_Print_PPM	48	static
dco_display.c:233:6:display_son	24	static
dco_display.c:255:6:display_warning	32	static
dco_display.c:274:6:display_GPS_status	64	static
dco_display.c:345:6:display_Wifi	40	static
dco_display.c:362:6:NetworkStatus	88	static
dco_display.c:432:6:RepeaterLinkStatus	48	static
dco_display.c:467:6:display_network_status	24	static
dco_display.c:484:6:display_Chargement	24	static
dco_display.c:596:6:display_Chargement_perso	48	static
dco_display.c:672:6:display_AlerteDanger	56	static
dco_display.c:757:6:display_SendMess	16	static
dco_display.c:770:6:display_AlerteGaz	16	static
dco_display.c:779:6:display_Alerte	160	static
dco_display.c:919:6:display_wait	24	static
dco_display.c:1019:6:display_Print	16	static
dco_display.c:1032:9:u8x8_byte_hw_i2c	40	static
dco_display.c:1078:9:u8x8_gpio_and_delay	24	static
dco_display.c:1118:6:display_Print_Sound_Level	24	static
dco_display.c:1157:6:display_Print_UART	16	static
dco_display.c:1202:6:display_BatteryLvl	24	static
