stm32l4xx_ll_bus.h:329:22:LL_AHB1_GRP1_EnableClock	24	static
stm32l4xx_ll_crc.h:157:22:LL_CRC_ResetCRCCalculationUnit	16	static
stm32l4xx_ll_crc.h:173:22:LL_CRC_SetPolynomialSize	16	static
stm32l4xx_ll_crc.h:291:22:LL_CRC_SetPolynomialCoef	16	static
stm32l4xx_ll_crc.h:325:22:LL_CRC_FeedData32	16	static
stm32l4xx_ll_crc.h:337:22:LL_CRC_FeedData16	24	static
stm32l4xx_ll_crc.h:375:26:LL_CRC_ReadData16	16	static
eeprom_emul.c:213:11:EE_Init	72	static
eeprom_emul.c:594:11:EE_Format	24	static
eeprom_emul.c:674:11:EE_ReadVariable32bits	24	static
eeprom_emul.c:696:11:EE_ReadVariable16bits	24	static
eeprom_emul.c:717:11:EE_ReadVariable8bits	24	static
eeprom_emul.c:741:11:EE_WriteVariable32bits	16	static
eeprom_emul.c:758:11:EE_WriteVariable16bits	16	static
eeprom_emul.c:774:11:EE_WriteVariable8bits	16	static
eeprom_emul.c:788:11:EE_CleanUp	32	static
eeprom_emul.c:856:11:EE_CleanUp_IT	32	static
eeprom_emul.c:914:11:EE_DeleteCorruptedFlashAddress	16	static
eeprom_emul.c:923:13:EE_EndOfCleanup_UserCallback	4	static
eeprom_emul.c:948:18:ReadVariable	48	static
eeprom_emul.c:1021:18:WriteVariable	24	static
eeprom_emul.c:1049:18:VerifyPageFullyErased	24	static
eeprom_emul.c:1084:17:FindPage	32	static
eeprom_emul.c:1234:18:PagesTransfer	48	static
eeprom_emul.c:1446:18:VerifyPagesFullWriteVariable	56	static
eeprom_emul.c:1510:18:SetPageState	32	static
eeprom_emul.c:1611:22:GetPageState	48	static
eeprom_emul.c:1660:6:ConfigureCrc	8	static
eeprom_emul.c:1690:10:CalculateCrc	16	static
