hes_task.c:5:6:TaskClearScreen	8	static
hes_task.c:10:6:TaskBigScreen	96	static
hes_task.c:62:6:TaskLedBlinking	16	static
hes_task.c:91:6:TaskUpdateUpperLed	16	static
hes_task.c:249:6:TaskCharger	24	static
hes_task.c:292:6:TaskReadBat	24	static
hes_task.c:302:6:TaskExtButton	24	static
hes_task.c:480:6:TaskFallTest	24	static
hes_task.c:540:6:TaskAlertAll	40	static
hes_task.c:756:6:TaskOnScreen	16	static
hes_task.c:801:6:TaskGPS	56	static
hes_task.c:888:6:TaskSendMessage	24	static
hes_task.c:903:6:TaskSendLoraWan	56	static
hes_task.c:930:6:TaskSendSigfox	64	static
hes_task.c:972:6:TaskSendDUAL	64	static
hes_task.c:1022:6:TaskSendLora	56	static
hes_task.c:1044:6:TaskButtonManager	16	static
hes_task.c:1153:6:TaskAlertManager	16	static
hes_task.c:1232:6:TaskFallManager	32	static
hes_task.c:1296:6:TaskSendLoraNoGPS	56	static
hes_task.c:1362:6:Task_Read_Nemeus	24	static
hes_task.c:1618:6:Task_Read_Incoming_Rak	80	static
hes_task.c:1710:6:Repeater_Link_Management	8	static
hes_task.c:1791:6:Battery_Charger_Management	16	static
hes_task.c:1918:6:GPS_Management	8	static
hes_task.c:1965:6:Task_USB_Configuration	272	dynamic
