hes_task.c:6:6:TaskClearScreen	8	static
hes_task.c:11:6:TaskBigScreen	96	static
hes_task.c:63:6:TaskLedBlinking	16	static
hes_task.c:92:6:TaskUpdateUpperLed	16	static
hes_task.c:250:6:TaskCharger	24	static
hes_task.c:293:6:TaskReadBat	24	static
hes_task.c:303:6:TaskExtButton	24	static
hes_task.c:481:6:TaskFallTest	24	static
hes_task.c:541:6:TaskAlertAll	40	static
hes_task.c:757:6:TaskOnScreen	16	static
hes_task.c:802:6:TaskGPS	56	static
hes_task.c:889:6:TaskSendMessage	24	static
hes_task.c:904:6:TaskSendLoraWan	56	static
hes_task.c:931:6:TaskSendSigfox	64	static
hes_task.c:973:6:TaskSendDUAL	64	static
hes_task.c:1023:6:TaskSendLora	56	static
hes_task.c:1045:6:TaskButtonManager	16	static
hes_task.c:1154:6:TaskAlertManager	16	static
hes_task.c:1233:6:TaskFallManager	32	static
hes_task.c:1297:6:TaskSendLoraNoGPS	56	static
hes_task.c:1363:6:Task_Read_Nemeus	24	static
hes_task.c:1619:6:Task_Read_Incoming_Rak	80	static
hes_task.c:1711:6:Repeater_Link_Management	8	static
hes_task.c:1792:6:Battery_Charger_Management	16	static
hes_task.c:1919:6:GPS_Management	8	static
hes_task.c:1966:6:Task_USB_Configuration	360	dynamic
