hes_sigfoxlora.c:11:6:WakeUpNemeusLS	8	static
hes_sigfoxlora.c:20:6:RebootNemeusLS	144	static
hes_sigfoxlora.c:33:6:TurnOffAllLayers	136	static
hes_sigfoxlora.c:48:6:PowerOffNemeus	136	static
hes_sigfoxlora.c:59:6:LoraWanOn	4	static
hes_sigfoxlora.c:72:6:LoraWanAskKey	16	static
hes_sigfoxlora.c:81:6:SendOnLora	4	static
hes_sigfoxlora.c:91:6:SendMessLoraWan	56	static
hes_sigfoxlora.c:108:6:SendIdAskSF	4	static
hes_sigfoxlora.c:117:6:SigfoxOn	4	static
hes_sigfoxlora.c:129:6:SendMessSigfox	72	static
hes_sigfoxlora.c:145:6:SendOnMessSigfox	16	static
hes_sigfoxlora.c:158:6:SendOffMessSigfox	4	static
hes_sigfoxlora.c:174:6:SendTestLora811	144	static
hes_sigfoxlora.c:184:6:EnableLora811	136	static
hes_sigfoxlora.c:208:6:EnableLoraSend811	136	static
hes_sigfoxlora.c:216:6:EnableLoraReceive811	136	static
hes_sigfoxlora.c:224:6:SendMessLora811	184	static
hes_sigfoxlora.c:237:6:PingHelios_Rak811	136	static
hes_sigfoxlora.c:258:6:SendTestLora	4	static
hes_sigfoxlora.c:269:6:SendMessLora	56	static
hes_sigfoxlora.c:281:6:ContinuousRxLora	4	static
hes_sigfoxlora.c:313:6:BuildMessAlert	88	static
hes_sigfoxlora.c:387:6:BuildMessGPS	200	static
hes_sigfoxlora.c:501:6:FuncLoraMessNoGPS	56	static
hes_sigfoxlora.c:574:6:BuildMessWifi	168	static
hes_sigfoxlora.c:668:6:SendMess	24	static
hes_sigfoxlora.c:676:6:SendMessWifi	24	static
hes_sigfoxlora.c:685:6:decimal2hexa	32	static
