usbd_conf.c:70:6:HAL_PCD_MspInit	24	static
usbd_conf.c:89:6:HAL_PCD_MspDeInit	16	static
usbd_conf.c:116:6:HAL_PCD_SetupStageCallback	16	static
usbd_conf.c:131:6:HAL_PCD_DataOutStageCallback	16	static
usbd_conf.c:146:6:HAL_PCD_DataInStageCallback	16	static
usbd_conf.c:160:6:HAL_PCD_SOFCallback	16	static
usbd_conf.c:174:6:HAL_PCD_ResetCallback	24	static
usbd_conf.c:199:6:HAL_PCD_SuspendCallback	16	static
usbd_conf.c:223:6:HAL_PCD_ResumeCallback	16	static
usbd_conf.c:247:6:HAL_PCD_ISOOUTIncompleteCallback	16	static
usbd_conf.c:262:6:HAL_PCD_ISOINIncompleteCallback	16	static
usbd_conf.c:276:6:HAL_PCD_ConnectCallback	16	static
usbd_conf.c:290:6:HAL_PCD_DisconnectCallback	16	static
usbd_conf.c:305:20:USBD_LL_Init	16	static
usbd_conf.c:351:20:USBD_LL_Init_CDC	16	static
usbd_conf.c:406:20:USBD_LL_DeInit	24	static
usbd_conf.c:438:20:USBD_LL_Start	24	static
usbd_conf.c:470:20:USBD_LL_Stop	24	static
usbd_conf.c:505:20:USBD_LL_OpenEP	24	static
usbd_conf.c:538:20:USBD_LL_CloseEP	24	static
usbd_conf.c:571:20:USBD_LL_FlushEP	24	static
usbd_conf.c:604:20:USBD_LL_StallEP	24	static
usbd_conf.c:637:20:USBD_LL_ClearStallEP	24	static
usbd_conf.c:670:9:USBD_LL_IsStallEP	24	static
usbd_conf.c:690:20:USBD_LL_SetUSBAddress	24	static
usbd_conf.c:725:20:USBD_LL_Transmit	32	static
usbd_conf.c:760:20:USBD_LL_PrepareReceive	32	static
usbd_conf.c:793:10:USBD_LL_GetRxDataSize	16	static
usbd_conf.c:804:6:HAL_PCDEx_LPM_Callback	16	static
usbd_conf.c:837:6:USBD_LL_Delay	16	static
usbd_conf.c:847:7:USBD_static_malloc	16	static
usbd_conf.c:858:6:USBD_static_free	16	static
usbd_conf.c:869:13:SystemClockConfig_Resume	8	static
