dco_display.c:957:9:u8x8_byte_hw_i2c	24	static
dco_display.c:999:9:u8x8_gpio_and_delay	8	static
dco_display.c:53:6:display_InitBis	8	static
dco_display.c:200:6:ClearScreen	0	static
dco_display.c:208:6:display_Print_PPM	40	static
dco_display.c:227:6:display_son	16	static
dco_display.c:245:6:display_warning	32	static
dco_display.c:260:6:display_GPS_status	40	static
dco_display.c:330:6:display_Wifi	0	static
dco_display.c:346:6:NetworkStatus	32	static
dco_display.c:454:6:display_network_status	16	static
dco_display.c:469:6:display_Chargement	40	static
dco_display.c:551:6:display_Chargement_perso	32	static
dco_display.c:42:6:display_Init	8	static
dco_display.c:626:6:display_AlerteDanger	48	static
dco_display.c:708:6:display_SendMess	24	static
dco_display.c:719:6:display_AlerteGaz	0	static
dco_display.c:727:6:display_Alerte	48	static
dco_display.c:864:6:display_wait	24	static
dco_display.c:946:6:display_Print	16	static
dco_display.c:1036:6:display_Print_Sound_Level	24	static
dco_display.c:1065:6:display_Print_UART	32	static
dco_display.c:1106:6:display_BatteryLvl	16	static
dco_display.c:68:6:display_dco	224	static
dco_display.c:418:6:RepeaterLinkStatus	40	static
