eeprom_emul.c:1611:22:GetPageState	20	static
eeprom_emul.c:1510:18:SetPageState	16	static
eeprom_emul.c:594:11:EE_Format	24	static
eeprom_emul.c:788:11:EE_CleanUp	32	static
eeprom_emul.c:1084:17:FindPage	24	static
eeprom_emul.c:856:11:EE_CleanUp_IT	32	static
eeprom_emul.c:914:11:EE_DeleteCorruptedFlashAddress	0	static
eeprom_emul.c:923:13:EE_EndOfCleanup_UserCallback	0	static
eeprom_emul.c:1660:6:ConfigureCrc	8	static
eeprom_emul.c:1690:10:CalculateCrc	0	static
eeprom_emul.c:948:18:ReadVariable	48	static
eeprom_emul.c:674:11:EE_ReadVariable32bits	16	static
eeprom_emul.c:696:11:EE_ReadVariable16bits	16	static
eeprom_emul.c:717:11:EE_ReadVariable8bits	16	static
eeprom_emul.c:1446:18:VerifyPagesFullWriteVariable	32	static
eeprom_emul.c:1234:18:PagesTransfer	56	static
eeprom_emul.c:213:11:EE_Init	48	static
eeprom_emul.c:1021:18:WriteVariable	16	static
eeprom_emul.c:741:11:EE_WriteVariable32bits	0	static
eeprom_emul.c:758:11:EE_WriteVariable16bits	0	static
eeprom_emul.c:774:11:EE_WriteVariable8bits	0	static
