hes_uart_CarteGaz.c:5:10:uart_convData	0	static
hes_uart_CarteGaz.c:10:10:uart_getValue	0	static
hes_uart_CarteGaz.c:16:6:uart_sendCommandWarning	16	static
hes_uart_CarteGaz.c:20:6:uart_sendCommandGet	16	static
hes_uart_CarteGaz.c:25:6:uart_sendCommandPrint	24	static
hes_uart_CarteGaz.c:30:6:uart_sendCommandDisplay_PPM2	136	static
hes_uart_CarteGaz.c:99:6:uart_sendCommandDisplay_PPM	96	static
hes_uart_CarteGaz.c:149:6:uart_commandAlerte	16	static
hes_uart_CarteGaz.c:153:6:uart_setGPS_Status	16	static
hes_uart_CarteGaz.c:157:6:uart_setNetwork_Status	16	static
hes_uart_CarteGaz.c:161:6:uart_setNiv_Sonore	16	static
hes_uart_CarteGaz.c:165:6:uart_sendCommandGPIO	16	static
hes_uart_CarteGaz.c:170:6:uart_sendCommandDisplay	24	dynamic
hes_uart_CarteGaz.c:184:6:uart_sendCommandBlink	16	static
hes_uart_CarteGaz.c:189:6:uart_sendCommandBattery	16	static
hes_uart_CarteGaz.c:194:6:uart_sendCommandLPM	16	static
hes_uart_CarteGaz.c:200:6:uart_sendCommandDisplay_value	24	static
hes_uart_CarteGaz.c:206:9:uart_searchForCommand	0	static
hes_uart_CarteGaz.c:229:6:uart_wait	16	static
hes_uart_CarteGaz.c:243:6:uart_recieveCommand	16	dynamic
hes_uart_CarteGaz.c:273:6:uart_Process_Data	8	static
hes_uart_CarteGaz.c:303:9:uart_isReady	0	static
hes_uart_CarteGaz.c:312:6:uart_putValue	16	static
hes_uart_CarteGaz.c:341:6:uart_sendCommandExtinction	16	static
