hes_uart_CarteGaz.c:5:10:uart_convData	24	static
hes_uart_CarteGaz.c:10:10:uart_getValue	24	static
hes_uart_CarteGaz.c:16:6:uart_sendCommandWarning	24	static
hes_uart_CarteGaz.c:20:6:uart_sendCommandGet	24	static
hes_uart_CarteGaz.c:25:6:uart_sendCommandPrint	24	static
hes_uart_CarteGaz.c:30:6:uart_sendCommandDisplay_PPM2	128	static
hes_uart_CarteGaz.c:99:6:uart_sendCommandDisplay_PPM	96	static
hes_uart_CarteGaz.c:149:6:uart_commandAlerte	24	static
hes_uart_CarteGaz.c:153:6:uart_setGPS_Status	24	static
hes_uart_CarteGaz.c:157:6:uart_setNetwork_Status	24	static
hes_uart_CarteGaz.c:161:6:uart_setNiv_Sonore	24	static
hes_uart_CarteGaz.c:165:6:uart_sendCommandGPIO	24	static
hes_uart_CarteGaz.c:170:6:uart_sendCommandDisplay	40	dynamic
hes_uart_CarteGaz.c:184:6:uart_sendCommandBlink	24	static
hes_uart_CarteGaz.c:189:6:uart_sendCommandBattery	24	static
hes_uart_CarteGaz.c:194:6:uart_sendCommandLPM	24	static
hes_uart_CarteGaz.c:200:6:uart_sendCommandDisplay_value	32	static
hes_uart_CarteGaz.c:206:9:uart_searchForCommand	24	static
hes_uart_CarteGaz.c:229:6:uart_wait	16	static
hes_uart_CarteGaz.c:243:6:uart_recieveCommand	40	dynamic
hes_uart_CarteGaz.c:273:6:uart_Process_Data	16	static
hes_uart_CarteGaz.c:303:9:uart_isReady	24	static
hes_uart_CarteGaz.c:312:6:uart_putValue	24	static
hes_uart_CarteGaz.c:341:6:uart_sendCommandExtinction	24	static
