hes_sigfoxlora.c:11:6:WakeUpNemeusLS	8	static
hes_sigfoxlora.c:59:6:LoraWanOn	0	static
hes_sigfoxlora.c:72:6:LoraWanAskKey	0	static
hes_sigfoxlora.c:81:6:SendOnLora	0	static
hes_sigfoxlora.c:91:6:SendMessLoraWan	0	static
hes_sigfoxlora.c:258:6:SendTestLora	0	static
hes_sigfoxlora.c:269:6:SendMessLora	0	static
hes_sigfoxlora.c:281:6:ContinuousRxLora	0	static
hes_sigfoxlora.c:313:6:BuildMessAlert	4	static
hes_sigfoxlora.c:501:6:FuncLoraMessNoGPS	4	static
hes_sigfoxlora.c:668:6:SendMess	16	static
hes_sigfoxlora.c:20:6:RebootNemeusLS	128	static
hes_sigfoxlora.c:33:6:TurnOffAllLayers	136	static
hes_sigfoxlora.c:48:6:PowerOffNemeus	128	static
hes_sigfoxlora.c:108:6:SendIdAskSF	128	static
hes_sigfoxlora.c:117:6:SigfoxOn	128	static
hes_sigfoxlora.c:129:6:SendMessSigfox	192	static
hes_sigfoxlora.c:145:6:SendOnMessSigfox	128	static
hes_sigfoxlora.c:158:6:SendOffMessSigfox	128	static
hes_sigfoxlora.c:174:6:SendTestLora811	144	static
hes_sigfoxlora.c:184:6:EnableLora811	136	static
hes_sigfoxlora.c:208:6:EnableLoraSend811	128	static
hes_sigfoxlora.c:216:6:EnableLoraReceive811	128	static
hes_sigfoxlora.c:224:6:SendMessLora811	176	static
hes_sigfoxlora.c:237:6:PingHelios_Rak811	128	static
hes_sigfoxlora.c:676:6:SendMessWifi	16	static
hes_sigfoxlora.c:685:6:decimal2hexa	0	static
hes_sigfoxlora.c:387:6:BuildMessGPS	120	static
hes_sigfoxlora.c:574:6:BuildMessWifi	120	static
