hes_sigfoxlora.c:11:6:WakeUpNemeusLS	8	static
hes_sigfoxlora.c:54:6:LoraWanOn	0	static
hes_sigfoxlora.c:63:6:LoraWanAskKey	0	static
hes_sigfoxlora.c:72:6:SendOnLora	0	static
hes_sigfoxlora.c:82:6:SendMessLoraWan	0	static
hes_sigfoxlora.c:249:6:SendTestLora	0	static
hes_sigfoxlora.c:260:6:SendMessLora	0	static
hes_sigfoxlora.c:272:6:ContinuousRxLora	0	static
hes_sigfoxlora.c:304:6:BuildMessAlert	4	static
hes_sigfoxlora.c:486:6:FuncLoraMessNoGPS	4	static
hes_sigfoxlora.c:653:6:SendMess	16	static
hes_sigfoxlora.c:20:6:RebootNemeusLS	128	static
hes_sigfoxlora.c:33:6:TurnOffAllLayers	136	static
hes_sigfoxlora.c:43:6:PowerOffNemeus	128	static
hes_sigfoxlora.c:99:6:SendIdAskSF	128	static
hes_sigfoxlora.c:108:6:SigfoxOn	128	static
hes_sigfoxlora.c:120:6:SendMessSigfox	192	static
hes_sigfoxlora.c:136:6:SendOnMessSigfox	128	static
hes_sigfoxlora.c:149:6:SendOffMessSigfox	128	static
hes_sigfoxlora.c:165:6:SendTestLora811	144	static
hes_sigfoxlora.c:175:6:EnableLora811	136	static
hes_sigfoxlora.c:199:6:EnableLoraSend811	128	static
hes_sigfoxlora.c:207:6:EnableLoraReceive811	128	static
hes_sigfoxlora.c:215:6:SendMessLora811	176	static
hes_sigfoxlora.c:228:6:PingHelios_Rak811	128	static
hes_sigfoxlora.c:661:6:SendMessWifi	16	static
hes_sigfoxlora.c:670:6:decimal2hexa	0	static
hes_sigfoxlora.c:378:6:BuildMessGPS	120	static
hes_sigfoxlora.c:559:6:BuildMessWifi	120	static
