hes_task.c:5:6:TaskClearScreen	0	static
hes_task.c:10:6:TaskBigScreen	104	static
hes_task.c:62:6:TaskLedBlinking	8	static
hes_task.c:91:6:TaskUpdateUpperLed	8	static
hes_task.c:249:6:TaskCharger	24	static
hes_task.c:292:6:TaskReadBat	16	static
hes_task.c:302:6:TaskExtButton	32	static
hes_task.c:480:6:TaskFallTest	16	static
hes_task.c:540:6:TaskAlertAll	24	static
hes_task.c:756:6:TaskOnScreen	16	static
hes_task.c:801:6:TaskGPS	56	static
hes_task.c:903:6:TaskSendLoraWan	0	static
hes_task.c:930:6:TaskSendSigfox	64	static
hes_task.c:888:6:TaskSendMessage	0	static
hes_task.c:971:6:TaskSendDUAL	64	static
hes_task.c:1021:6:TaskSendLora	0	static
hes_task.c:1043:6:TaskButtonManager	16	static
hes_task.c:1152:6:TaskAlertManager	16	static
hes_task.c:1231:6:TaskFallManager	24	static
hes_task.c:1295:6:TaskSendLoraNoGPS	0	static
hes_task.c:1361:6:Task_Read_Nemeus	24	static
hes_task.c:1617:6:Task_Read_Incoming_Rak	48	static
hes_task.c:1709:6:Repeater_Link_Management	16	static
hes_task.c:1790:6:Battery_Charger_Management	24	static
hes_task.c:1917:6:GPS_Management	24	static
