lis2dh12_reg.c:49:9:lis2dh12_read_reg	40	static
lis2dh12_reg.c:67:9:lis2dh12_write_reg	40	static
lis2dh12_reg.c:87:7:lis2dh12_from_fs2_hr_to_mg	16	static
lis2dh12_reg.c:92:7:lis2dh12_from_fs4_hr_to_mg	16	static
lis2dh12_reg.c:97:7:lis2dh12_from_fs8_hr_to_mg	16	static
lis2dh12_reg.c:102:7:lis2dh12_from_fs16_hr_to_mg	16	static
lis2dh12_reg.c:107:7:lis2dh12_from_lsb_hr_to_celsius	16	static
lis2dh12_reg.c:112:7:lis2dh12_from_fs2_nm_to_mg	16	static
lis2dh12_reg.c:117:7:lis2dh12_from_fs4_nm_to_mg	16	static
lis2dh12_reg.c:122:7:lis2dh12_from_fs8_nm_to_mg	16	static
lis2dh12_reg.c:127:7:lis2dh12_from_fs16_nm_to_mg	16	static
lis2dh12_reg.c:132:7:lis2dh12_from_lsb_nm_to_celsius	16	static
lis2dh12_reg.c:137:7:lis2dh12_from_fs2_lp_to_mg	16	static
lis2dh12_reg.c:142:7:lis2dh12_from_fs4_lp_to_mg	16	static
lis2dh12_reg.c:147:7:lis2dh12_from_fs8_lp_to_mg	16	static
lis2dh12_reg.c:152:7:lis2dh12_from_fs16_lp_to_mg	16	static
lis2dh12_reg.c:157:7:lis2dh12_from_lsb_lp_to_celsius	16	static
lis2dh12_reg.c:182:9:lis2dh12_temp_status_reg_get	24	static
lis2dh12_reg.c:196:9:lis2dh12_temp_data_ready_get	24	static
lis2dh12_reg.c:215:9:lis2dh12_temp_data_ovr_get	24	static
lis2dh12_reg.c:234:9:lis2dh12_temperature_raw_get	24	static
lis2dh12_reg.c:248:9:lis2dh12_temperature_meas_set	24	static
lis2dh12_reg.c:270:9:lis2dh12_temperature_meas_get	24	static
lis2dh12_reg.c:300:9:lis2dh12_operating_mode_set	32	static
lis2dh12_reg.c:341:9:lis2dh12_operating_mode_get	32	static
lis2dh12_reg.c:369:9:lis2dh12_data_rate_set	24	static
lis2dh12_reg.c:390:9:lis2dh12_data_rate_get	24	static
lis2dh12_reg.c:443:9:lis2dh12_high_pass_on_outputs_set	24	static
lis2dh12_reg.c:465:9:lis2dh12_high_pass_on_outputs_get	24	static
lis2dh12_reg.c:490:9:lis2dh12_high_pass_bandwidth_set	24	static
lis2dh12_reg.c:518:9:lis2dh12_high_pass_bandwidth_get	24	static
lis2dh12_reg.c:553:9:lis2dh12_high_pass_mode_set	24	static
lis2dh12_reg.c:574:9:lis2dh12_high_pass_mode_get	24	static
lis2dh12_reg.c:608:9:lis2dh12_full_scale_set	24	static
lis2dh12_reg.c:629:9:lis2dh12_full_scale_get	24	static
lis2dh12_reg.c:663:9:lis2dh12_block_data_update_set	24	static
lis2dh12_reg.c:684:9:lis2dh12_block_data_update_get	24	static
lis2dh12_reg.c:704:9:lis2dh12_filter_reference_set	24	static
lis2dh12_reg.c:720:9:lis2dh12_filter_reference_get	24	static
lis2dh12_reg.c:734:9:lis2dh12_xl_data_ready_get	24	static
lis2dh12_reg.c:752:9:lis2dh12_xl_data_ovr_get	24	static
lis2dh12_reg.c:770:9:lis2dh12_acceleration_raw_get	24	static
lis2dh12_reg.c:796:9:lis2dh12_device_id_get	24	static
lis2dh12_reg.c:810:9:lis2dh12_self_test_set	24	static
lis2dh12_reg.c:831:9:lis2dh12_self_test_get	24	static
lis2dh12_reg.c:862:9:lis2dh12_data_format_set	24	static
lis2dh12_reg.c:883:9:lis2dh12_data_format_get	24	static
lis2dh12_reg.c:911:9:lis2dh12_boot_set	24	static
lis2dh12_reg.c:932:9:lis2dh12_boot_get	24	static
lis2dh12_reg.c:951:9:lis2dh12_status_get	24	static
lis2dh12_reg.c:978:9:lis2dh12_int1_gen_conf_set	24	static
lis2dh12_reg.c:994:9:lis2dh12_int1_gen_conf_get	24	static
lis2dh12_reg.c:1010:9:lis2dh12_int1_gen_source_get	24	static
lis2dh12_reg.c:1027:9:lis2dh12_int1_gen_threshold_set	24	static
lis2dh12_reg.c:1050:9:lis2dh12_int1_gen_threshold_get	24	static
lis2dh12_reg.c:1070:9:lis2dh12_int1_gen_duration_set	24	static
lis2dh12_reg.c:1092:9:lis2dh12_int1_gen_duration_get	24	static
lis2dh12_reg.c:1124:9:lis2dh12_int2_gen_conf_set	24	static
lis2dh12_reg.c:1140:9:lis2dh12_int2_gen_conf_get	24	static
lis2dh12_reg.c:1155:9:lis2dh12_int2_gen_source_get	24	static
lis2dh12_reg.c:1172:9:lis2dh12_int2_gen_threshold_set	24	static
lis2dh12_reg.c:1195:9:lis2dh12_int2_gen_threshold_get	24	static
lis2dh12_reg.c:1215:9:lis2dh12_int2_gen_duration_set	24	static
lis2dh12_reg.c:1237:9:lis2dh12_int2_gen_duration_get	24	static
lis2dh12_reg.c:1268:9:lis2dh12_high_pass_int_conf_set	24	static
lis2dh12_reg.c:1290:9:lis2dh12_high_pass_int_conf_get	24	static
lis2dh12_reg.c:1337:9:lis2dh12_pin_int1_config_set	24	static
lis2dh12_reg.c:1353:9:lis2dh12_pin_int1_config_get	24	static
lis2dh12_reg.c:1370:9:lis2dh12_int2_pin_detect_4d_set	24	static
lis2dh12_reg.c:1392:9:lis2dh12_int2_pin_detect_4d_get	24	static
lis2dh12_reg.c:1413:9:lis2dh12_int2_pin_notification_mode_set	24	static
lis2dh12_reg.c:1437:9:lis2dh12_int2_pin_notification_mode_get	24	static
lis2dh12_reg.c:1467:9:lis2dh12_int1_pin_detect_4d_set	24	static
lis2dh12_reg.c:1489:9:lis2dh12_int1_pin_detect_4d_get	24	static
lis2dh12_reg.c:1509:9:lis2dh12_int1_pin_notification_mode_set	24	static
lis2dh12_reg.c:1532:9:lis2dh12_int1_pin_notification_mode_get	24	static
lis2dh12_reg.c:1561:9:lis2dh12_pin_int2_config_set	24	static
lis2dh12_reg.c:1577:9:lis2dh12_pin_int2_config_get	24	static
lis2dh12_reg.c:1604:9:lis2dh12_fifo_set	24	static
lis2dh12_reg.c:1625:9:lis2dh12_fifo_get	24	static
lis2dh12_reg.c:1644:9:lis2dh12_fifo_watermark_set	24	static
lis2dh12_reg.c:1665:9:lis2dh12_fifo_watermark_get	24	static
lis2dh12_reg.c:1684:9:lis2dh12_fifo_trigger_event_set	24	static
lis2dh12_reg.c:1706:9:lis2dh12_fifo_trigger_event_get	24	static
lis2dh12_reg.c:1735:9:lis2dh12_fifo_mode_set	24	static
lis2dh12_reg.c:1756:9:lis2dh12_fifo_mode_get	24	static
lis2dh12_reg.c:1790:9:lis2dh12_fifo_status_get	24	static
lis2dh12_reg.c:1805:9:lis2dh12_fifo_data_level_get	24	static
lis2dh12_reg.c:1823:9:lis2dh12_fifo_empty_flag_get	24	static
lis2dh12_reg.c:1841:9:lis2dh12_fifo_ovr_flag_get	24	static
lis2dh12_reg.c:1859:9:lis2dh12_fifo_fth_flag_get	24	static
lis2dh12_reg.c:1890:9:lis2dh12_tap_conf_set	24	static
lis2dh12_reg.c:1905:9:lis2dh12_tap_conf_get	24	static
lis2dh12_reg.c:1919:9:lis2dh12_tap_source_get	24	static
lis2dh12_reg.c:1934:9:lis2dh12_tap_threshold_set	24	static
lis2dh12_reg.c:1956:9:lis2dh12_tap_threshold_get	24	static
lis2dh12_reg.c:1978:9:lis2dh12_tap_notification_mode_set	24	static
lis2dh12_reg.c:2003:9:lis2dh12_tap_notification_mode_get	24	static
lis2dh12_reg.c:2034:9:lis2dh12_shock_dur_set	24	static
lis2dh12_reg.c:2057:9:lis2dh12_shock_dur_get	24	static
lis2dh12_reg.c:2079:9:lis2dh12_quiet_dur_set	24	static
lis2dh12_reg.c:2103:9:lis2dh12_quiet_dur_get	24	static
lis2dh12_reg.c:2125:9:lis2dh12_double_tap_timeout_set	24	static
lis2dh12_reg.c:2149:9:lis2dh12_double_tap_timeout_get	24	static
lis2dh12_reg.c:2183:9:lis2dh12_act_threshold_set	24	static
lis2dh12_reg.c:2206:9:lis2dh12_act_threshold_get	24	static
lis2dh12_reg.c:2226:9:lis2dh12_act_timeout_set	24	static
lis2dh12_reg.c:2248:9:lis2dh12_act_timeout_get	24	static
lis2dh12_reg.c:2280:9:lis2dh12_pin_sdo_sa0_mode_set	24	static
lis2dh12_reg.c:2302:9:lis2dh12_pin_sdo_sa0_mode_get	24	static
lis2dh12_reg.c:2331:9:lis2dh12_spi_mode_set	24	static
lis2dh12_reg.c:2352:9:lis2dh12_spi_mode_get	24	static
