usbd_desc.c:334:11:USBD_FS_DeviceDescriptor_CDC	0	static
usbd_desc.c:341:11:USBD_FS_DeviceDescriptor	0	static
usbd_desc.c:354:11:USBD_FS_LangIDStrDescriptor	0	static
usbd_desc.c:505:11:USBD_FS_USR_BOSDescriptor	0	static
usbd_desc.c:542:13:IntToUnicode	16	static
usbd_desc.c:417:11:USBD_FS_SerialStrDescriptor	8	static
usbd_desc.c:404:11:USBD_FS_ManufacturerStrDescriptor	8	static
usbd_desc.c:370:11:USBD_FS_ProductStrDescriptor_CDC	8	static
usbd_desc.c:385:11:USBD_FS_ProductStrDescriptor	8	static
usbd_desc.c:437:11:USBD_FS_ConfigStrDescriptor_CDC	8	static
usbd_desc.c:451:11:USBD_FS_ConfigStrDescriptor	8	static
usbd_desc.c:471:11:USBD_FS_InterfaceStrDescriptor_CDC	8	static
usbd_desc.c:485:11:USBD_FS_InterfaceStrDescriptor	8	static
