Archive member included to satisfy reference by file (symbol)

c:/st/stm32cubeide_1.5.1/stm32cubeide/plugins/com.st.stm32cube.ide.mcu.externaltools.gnu-tools-for-stm32.9-2020-q2-update.win32_1.5.0.202011040924/tools/bin/../lib/gcc/arm-none-eabi/9.3.1/../../../../arm-none-eabi/lib/thumb/v7e-m+fp/hard\libc_nano.a(lib_a-atoi.o)
                              Core/Lib/hes_fct.o (atoi)
c:/st/stm32cubeide_1.5.1/stm32cubeide/plugins/com.st.stm32cube.ide.mcu.externaltools.gnu-tools-for-stm32.9-2020-q2-update.win32_1.5.0.202011040924/tools/bin/../lib/gcc/arm-none-eabi/9.3.1/../../../../arm-none-eabi/lib/thumb/v7e-m+fp/hard\libc_nano.a(lib_a-errno.o)
                              Core/Src/syscalls.o (__errno)
c:/st/stm32cubeide_1.5.1/stm32cubeide/plugins/com.st.stm32cube.ide.mcu.externaltools.gnu-tools-for-stm32.9-2020-q2-update.win32_1.5.0.202011040924/tools/bin/../lib/gcc/arm-none-eabi/9.3.1/../../../../arm-none-eabi/lib/thumb/v7e-m+fp/hard\libc_nano.a(lib_a-exit.o)
                              c:/st/stm32cubeide_1.5.1/stm32cubeide/plugins/com.st.stm32cube.ide.mcu.externaltools.gnu-tools-for-stm32.9-2020-q2-update.win32_1.5.0.202011040924/tools/bin/../lib/gcc/arm-none-eabi/9.3.1/../../../../arm-none-eabi/lib/thumb/v7e-m+fp/hard/crt0.o (exit)
c:/st/stm32cubeide_1.5.1/stm32cubeide/plugins/com.st.stm32cube.ide.mcu.externaltools.gnu-tools-for-stm32.9-2020-q2-update.win32_1.5.0.202011040924/tools/bin/../lib/gcc/arm-none-eabi/9.3.1/../../../../arm-none-eabi/lib/thumb/v7e-m+fp/hard\libc_nano.a(lib_a-impure.o)
                              c:/st/stm32cubeide_1.5.1/stm32cubeide/plugins/com.st.stm32cube.ide.mcu.externaltools.gnu-tools-for-stm32.9-2020-q2-update.win32_1.5.0.202011040924/tools/bin/../lib/gcc/arm-none-eabi/9.3.1/../../../../arm-none-eabi/lib/thumb/v7e-m+fp/hard\libc_nano.a(lib_a-exit.o) (_global_impure_ptr)
c:/st/stm32cubeide_1.5.1/stm32cubeide/plugins/com.st.stm32cube.ide.mcu.externaltools.gnu-tools-for-stm32.9-2020-q2-update.win32_1.5.0.202011040924/tools/bin/../lib/gcc/arm-none-eabi/9.3.1/../../../../arm-none-eabi/lib/thumb/v7e-m+fp/hard\libc_nano.a(lib_a-init.o)
                              c:/st/stm32cubeide_1.5.1/stm32cubeide/plugins/com.st.stm32cube.ide.mcu.externaltools.gnu-tools-for-stm32.9-2020-q2-update.win32_1.5.0.202011040924/tools/bin/../lib/gcc/arm-none-eabi/9.3.1/../../../../arm-none-eabi/lib/thumb/v7e-m+fp/hard/crt0.o (__libc_init_array)
c:/st/stm32cubeide_1.5.1/stm32cubeide/plugins/com.st.stm32cube.ide.mcu.externaltools.gnu-tools-for-stm32.9-2020-q2-update.win32_1.5.0.202011040924/tools/bin/../lib/gcc/arm-none-eabi/9.3.1/../../../../arm-none-eabi/lib/thumb/v7e-m+fp/hard\libc_nano.a(lib_a-memcpy-stub.o)
                              Core/Lib/USB_CDC/usbd_cdc_if.o (memcpy)
c:/st/stm32cubeide_1.5.1/stm32cubeide/plugins/com.st.stm32cube.ide.mcu.externaltools.gnu-tools-for-stm32.9-2020-q2-update.win32_1.5.0.202011040924/tools/bin/../lib/gcc/arm-none-eabi/9.3.1/../../../../arm-none-eabi/lib/thumb/v7e-m+fp/hard\libc_nano.a(lib_a-memset.o)
                              c:/st/stm32cubeide_1.5.1/stm32cubeide/plugins/com.st.stm32cube.ide.mcu.externaltools.gnu-tools-for-stm32.9-2020-q2-update.win32_1.5.0.202011040924/tools/bin/../lib/gcc/arm-none-eabi/9.3.1/../../../../arm-none-eabi/lib/thumb/v7e-m+fp/hard/crt0.o (memset)
c:/st/stm32cubeide_1.5.1/stm32cubeide/plugins/com.st.stm32cube.ide.mcu.externaltools.gnu-tools-for-stm32.9-2020-q2-update.win32_1.5.0.202011040924/tools/bin/../lib/gcc/arm-none-eabi/9.3.1/../../../../arm-none-eabi/lib/thumb/v7e-m+fp/hard\libc_nano.a(lib_a-nano-vfprintf_float.o)
                              (_printf_float)
c:/st/stm32cubeide_1.5.1/stm32cubeide/plugins/com.st.stm32cube.ide.mcu.externaltools.gnu-tools-for-stm32.9-2020-q2-update.win32_1.5.0.202011040924/tools/bin/../lib/gcc/arm-none-eabi/9.3.1/../../../../arm-none-eabi/lib/thumb/v7e-m+fp/hard\libc_nano.a(lib_a-nano-vfprintf_i.o)
                              c:/st/stm32cubeide_1.5.1/stm32cubeide/plugins/com.st.stm32cube.ide.mcu.externaltools.gnu-tools-for-stm32.9-2020-q2-update.win32_1.5.0.202011040924/tools/bin/../lib/gcc/arm-none-eabi/9.3.1/../../../../arm-none-eabi/lib/thumb/v7e-m+fp/hard\libc_nano.a(lib_a-nano-vfprintf_float.o) (_printf_common)
c:/st/stm32cubeide_1.5.1/stm32cubeide/plugins/com.st.stm32cube.ide.mcu.externaltools.gnu-tools-for-stm32.9-2020-q2-update.win32_1.5.0.202011040924/tools/bin/../lib/gcc/arm-none-eabi/9.3.1/../../../../arm-none-eabi/lib/thumb/v7e-m+fp/hard\libc_nano.a(lib_a-putchar.o)
                              Core/Lib/u8g2/u8x8_d_stdio.o (putchar)
c:/st/stm32cubeide_1.5.1/stm32cubeide/plugins/com.st.stm32cube.ide.mcu.externaltools.gnu-tools-for-stm32.9-2020-q2-update.win32_1.5.0.202011040924/tools/bin/../lib/gcc/arm-none-eabi/9.3.1/../../../../arm-none-eabi/lib/thumb/v7e-m+fp/hard\libc_nano.a(lib_a-rand.o)
                              Core/Lib/hes_task.o (srand)
[...]
Memory Configuration

Name             Origin             Length             Attributes
RAM              0x0000000020000000 0x0000000000010000 xrw
FLASH            0x0000000008000000 0x0000000000040000 xr
*default*        0x0000000000000000 0xffffffffffffffff

Linker script and memory map

LOAD c:/st/stm32cubeide_1.5.1/stm32cubeide/plugins/com.st.stm32cube.ide.mcu.externaltools.gnu-tools-for-stm32.9-2020-q2-update.win32_1.5.0.202011040924/tools/bin/../lib/gcc/arm-none-eabi/9.3.1/thumb/v7e-m+fp/hard/crti.o
LOAD c:/st/stm32cubeide_1.5.1/stm32cubeide/plugins/com.st.stm32cube.ide.mcu.externaltools.gnu-tools-for-stm32.9-2020-q2-update.win32_1.5.0.202011040924/tools/bin/../lib/gcc/arm-none-eabi/9.3.1/thumb/v7e-m+fp/hard/crtbegin.o
LOAD c:/st/stm32cubeide_1.5.1/stm32cubeide/plugins/com.st.stm32cube.ide.mcu.externaltools.gnu-tools-for-stm32.9-2020-q2-update.win32_1.5.0.202011040924/tools/bin/../lib/gcc/arm-none-eabi/9.3.1/../../../../arm-none-eabi/lib/thumb/v7e-m+fp/hard/crt0.o
LOAD Core/Lib/USB_CDC/usbd_cdc.o
LOAD Core/Lib/USB_CDC/usbd_cdc_if.o
LOAD Core/Lib/dco_display.o
LOAD Core/Lib/eeprom_emul.o
LOAD Core/Lib/eeprom_flash.o
LOAD Core/Lib/flash_interface.o
LOAD Core/Lib/hes_adc_CartreGaz.o
LOAD Core/Lib/hes_bms.o
LOAD Core/Lib/hes_buzvib.o
LOAD Core/Lib/hes_charger.o
LOAD Core/Lib/hes_ee.o
LOAD Core/Lib/hes_fall.o
LOAD Core/Lib/hes_fct.o
LOAD Core/Lib/hes_fct_screen.o
LOAD Core/Lib/hes_filt.o
LOAD Core/Lib/hes_fonts.o
LOAD Core/Lib/hes_gpio_h3.o
LOAD Core/Lib/hes_gps.o
LOAD Core/Lib/hes_imu.o
LOAD Core/Lib/hes_led.o
LOAD Core/Lib/hes_powersave.o
LOAD Core/Lib/hes_screen.o
LOAD Core/Lib/hes_sequencer.o
LOAD Core/Lib/hes_sigfoxlora.o
LOAD Core/Lib/hes_task.o
LOAD Core/Lib/hes_uart_CarteGaz.o
LOAD Core/Lib/hes_uint82bitint.o
LOAD Core/Lib/lis2dh12_reg.o
LOAD Core/Lib/u8g2/u8g2_bitmap.o
LOAD Core/Lib/u8g2/u8g2_box.o
LOAD Core/Lib/u8g2/u8g2_buffer.o
LOAD Core/Lib/u8g2/u8g2_circle.o
LOAD Core/Lib/u8g2/u8g2_cleardisplay.o
LOAD Core/Lib/u8g2/u8g2_d_memory.o
LOAD Core/Lib/u8g2/u8g2_d_setup.o
LOAD Core/Lib/u8g2/u8g2_font.o
LOAD Core/Lib/u8g2/u8g2_fonts.o
LOAD Core/Lib/u8g2/u8g2_hvline.o
LOAD Core/Lib/u8g2/u8g2_input_value.o
LOAD Core/Lib/u8g2/u8g2_intersection.o
LOAD Core/Lib/u8g2/u8g2_kerning.o
LOAD Core/Lib/u8g2/u8g2_line.o
LOAD Core/Lib/u8g2/u8g2_ll_hvline.o
LOAD Core/Lib/u8g2/u8g2_message.o
LOAD Core/Lib/u8g2/u8g2_polygon.o
LOAD Core/Lib/u8g2/u8g2_selection_list.o
LOAD Core/Lib/u8g2/u8g2_setup.o
LOAD Core/Lib/u8g2/u8log.o
LOAD Core/Lib/u8g2/u8log_u8g2.o
LOAD Core/Lib/u8g2/u8log_u8x8.o
LOAD Core/Lib/u8g2/u8x8_8x8.o
LOAD Core/Lib/u8g2/u8x8_byte.o
LOAD Core/Lib/u8g2/u8x8_cad.o
LOAD Core/Lib/u8g2/u8x8_capture.o
LOAD Core/Lib/u8g2/u8x8_d_a2printer.o
LOAD Core/Lib/u8g2/u8x8_d_il3820_296x128.o
LOAD Core/Lib/u8g2/u8x8_d_ist3020.o
LOAD Core/Lib/u8g2/u8x8_d_ist7920.o
LOAD Core/Lib/u8g2/u8x8_d_ks0108.o
LOAD Core/Lib/u8g2/u8x8_d_lc7981.o
LOAD Core/Lib/u8g2/u8x8_d_ld7032_60x32.o
LOAD Core/Lib/u8g2/u8x8_d_ls013b7dh03.o
LOAD Core/Lib/u8g2/u8x8_d_max7219.o
LOAD Core/Lib/u8g2/u8x8_d_pcd8544_84x48.o
LOAD Core/Lib/u8g2/u8x8_d_pcf8812.o
LOAD Core/Lib/u8g2/u8x8_d_pcf8814_hx1230.o
LOAD Core/Lib/u8g2/u8x8_d_sbn1661.o
LOAD Core/Lib/u8g2/u8x8_d_sed1330.o
LOAD Core/Lib/u8g2/u8x8_d_sh1106_64x32.o
LOAD Core/Lib/u8g2/u8x8_d_sh1106_72x40.o
LOAD Core/Lib/u8g2/u8x8_d_sh1107.o
LOAD Core/Lib/u8g2/u8x8_d_sh1108.o
LOAD Core/Lib/u8g2/u8x8_d_sh1122.o
LOAD Core/Lib/u8g2/u8x8_d_ssd1305.o
LOAD Core/Lib/u8g2/u8x8_d_ssd1306_128x32.o
LOAD Core/Lib/u8g2/u8x8_d_ssd1306_128x64_noname.o
LOAD Core/Lib/u8g2/u8x8_d_ssd1306_48x64.o
LOAD Core/Lib/u8g2/u8x8_d_ssd1306_64x32.o
LOAD Core/Lib/u8g2/u8x8_d_ssd1306_64x48.o
LOAD Core/Lib/u8g2/u8x8_d_ssd1306_96x16.o
LOAD Core/Lib/u8g2/u8x8_d_ssd1309.o
LOAD Core/Lib/u8g2/u8x8_d_ssd1316.o
LOAD Core/Lib/u8g2/u8x8_d_ssd1317.o
LOAD Core/Lib/u8g2/u8x8_d_ssd1318.o
LOAD Core/Lib/u8g2/u8x8_d_ssd1322.o
LOAD Core/Lib/u8g2/u8x8_d_ssd1325.o
LOAD Core/Lib/u8g2/u8x8_d_ssd1326.o
LOAD Core/Lib/u8g2/u8x8_d_ssd1327.o
LOAD Core/Lib/u8g2/u8x8_d_ssd1329.o
LOAD Core/Lib/u8g2/u8x8_d_ssd1606_172x72.o
LOAD Core/Lib/u8g2/u8x8_d_ssd1607_200x200.o
LOAD Core/Lib/u8g2/u8x8_d_st7511.o
LOAD Core/Lib/u8g2/u8x8_d_st75256.o
LOAD Core/Lib/u8g2/u8x8_d_st7528.o
LOAD Core/Lib/u8g2/u8x8_d_st75320.o
LOAD Core/Lib/u8g2/u8x8_d_st7565.o
LOAD Core/Lib/u8g2/u8x8_d_st7567.o
LOAD Core/Lib/u8g2/u8x8_d_st7586s_erc240160.o
LOAD Core/Lib/u8g2/u8x8_d_st7586s_s028hn118a.o
LOAD Core/Lib/u8g2/u8x8_d_st7588.o
LOAD Core/Lib/u8g2/u8x8_d_st7920.o
LOAD Core/Lib/u8g2/u8x8_d_stdio.o
LOAD Core/Lib/u8g2/u8x8_d_t6963.o
LOAD Core/Lib/u8g2/u8x8_d_uc1601.o
LOAD Core/Lib/u8g2/u8x8_d_uc1604.o
LOAD Core/Lib/u8g2/u8x8_d_uc1608.o
LOAD Core/Lib/u8g2/u8x8_d_uc1610.o
LOAD Core/Lib/u8g2/u8x8_d_uc1611.o
LOAD Core/Lib/u8g2/u8x8_d_uc1617.o
LOAD Core/Lib/u8g2/u8x8_d_uc1638.o
LOAD Core/Lib/u8g2/u8x8_d_uc1701_dogs102.o
LOAD Core/Lib/u8g2/u8x8_d_uc1701_mini12864.o
LOAD Core/Lib/u8g2/u8x8_debounce.o
LOAD Core/Lib/u8g2/u8x8_display.o
LOAD Core/Lib/u8g2/u8x8_fonts.o
LOAD Core/Lib/u8g2/u8x8_gpio.o
LOAD Core/Lib/u8g2/u8x8_input_value.o
LOAD Core/Lib/u8g2/u8x8_message.o
LOAD Core/Lib/u8g2/u8x8_selection_list.o
LOAD Core/Lib/u8g2/u8x8_setup.o
LOAD Core/Lib/u8g2/u8x8_string.o
LOAD Core/Lib/u8g2/u8x8_u16toa.o
LOAD Core/Lib/u8g2/u8x8_u8toa.o
LOAD Core/Src/dma.o
LOAD Core/Src/gpio.o
LOAD Core/Src/i2c.o
LOAD Core/Src/iwdg.o
LOAD Core/Src/main.o
LOAD Core/Src/stm32l4xx_hal_msp.o
LOAD Core/Src/stm32l4xx_it.o
LOAD Core/Src/syscalls.o
LOAD Core/Src/sysmem.o
LOAD Core/Src/system_stm32l4xx.o
LOAD Core/Src/tim.o
LOAD Core/Src/usart.o
LOAD Core/Startup/startup_stm32l433ccux.o
LOAD Drivers/STM32L4xx_HAL_Driver/Src/stm32l4xx_hal.o
LOAD Drivers/STM32L4xx_HAL_Driver/Src/stm32l4xx_hal_cortex.o
LOAD Drivers/STM32L4xx_HAL_Driver/Src/stm32l4xx_hal_dma.o
LOAD Drivers/STM32L4xx_HAL_Driver/Src/stm32l4xx_hal_dma_ex.o
LOAD Drivers/STM32L4xx_HAL_Driver/Src/stm32l4xx_hal_exti.o
LOAD Drivers/STM32L4xx_HAL_Driver/Src/stm32l4xx_hal_flash.o
LOAD Drivers/STM32L4xx_HAL_Driver/Src/stm32l4xx_hal_flash_ex.o
LOAD Drivers/STM32L4xx_HAL_Driver/Src/stm32l4xx_hal_flash_ramfunc.o
LOAD Drivers/STM32L4xx_HAL_Driver/Src/stm32l4xx_hal_gpio.o
LOAD Drivers/STM32L4xx_HAL_Driver/Src/stm32l4xx_hal_i2c.o
LOAD Drivers/STM32L4xx_HAL_Driver/Src/stm32l4xx_hal_i2c_ex.o
LOAD Drivers/STM32L4xx_HAL_Driver/Src/stm32l4xx_hal_iwdg.o
LOAD Drivers/STM32L4xx_HAL_Driver/Src/stm32l4xx_hal_pcd.o
LOAD Drivers/STM32L4xx_HAL_Driver/Src/stm32l4xx_hal_pcd_ex.o
LOAD Drivers/STM32L4xx_HAL_Driver/Src/stm32l4xx_hal_pwr.o
LOAD Drivers/STM32L4xx_HAL_Driver/Src/stm32l4xx_hal_pwr_ex.o
LOAD Drivers/STM32L4xx_HAL_Driver/Src/stm32l4xx_hal_rcc.o
LOAD Drivers/STM32L4xx_HAL_Driver/Src/stm32l4xx_hal_rcc_ex.o
LOAD Drivers/STM32L4xx_HAL_Driver/Src/stm32l4xx_hal_tim.o
LOAD Drivers/STM32L4xx_HAL_Driver/Src/stm32l4xx_hal_tim_ex.o
LOAD Drivers/STM32L4xx_HAL_Driver/Src/stm32l4xx_hal_uart.o
LOAD Drivers/STM32L4xx_HAL_Driver/Src/stm32l4xx_hal_uart_ex.o
LOAD Drivers/STM32L4xx_HAL_Driver/Src/stm32l4xx_ll_usb.o
LOAD Middlewares/ST/STM32_USB_Device_Library/Class/DFU/Src/usbd_dfu.o
LOAD Middlewares/ST/STM32_USB_Device_Library/Core/Src/usbd_core.o
LOAD Middlewares/ST/STM32_USB_Device_Library/Core/Src/usbd_ctlreq.o
LOAD Middlewares/ST/STM32_USB_Device_Library/Core/Src/usbd_ioreq.o
LOAD USB_DEVICE/App/usb_device.o
LOAD USB_DEVICE/App/usbd_desc.o
LOAD USB_DEVICE/App/usbd_dfu_if.o
LOAD USB_DEVICE/Target/usbd_conf.o
START GROUP
LOAD c:/st/stm32cubeide_1.5.1/stm32cubeide/plugins/com.st.stm32cube.ide.mcu.externaltools.gnu-tools-for-stm32.9-2020-q2-update.win32_1.5.0.202011040924/tools/bin/../lib/gcc/arm-none-eabi/9.3.1/../../../../arm-none-eabi/lib/thumb/v7e-m+fp/hard\libc_nano.a
LOAD c:/st/stm32cubeide_1.5.1/stm32cubeide/plugins/com.st.stm32cube.ide.mcu.externaltools.gnu-tools-for-stm32.9-2020-q2-update.win32_1.5.0.202011040924/tools/bin/../lib/gcc/arm-none-eabi/9.3.1/../../../../arm-none-eabi/lib/thumb/v7e-m+fp/hard\libm.a
END GROUP
START GROUP
LOAD c:/st/stm32cubeide_1.5.1/stm32cubeide/plugins/com.st.stm32cube.ide.mcu.externaltools.gnu-tools-for-stm32.9-2020-q2-update.win32_1.5.0.202011040924/tools/bin/../lib/gcc/arm-none-eabi/9.3.1/thumb/v7e-m+fp/hard\libgcc.a
LOAD c:/st/stm32cubeide_1.5.1/stm32cubeide/plugins/com.st.stm32cube.ide.mcu.externaltools.gnu-tools-for-stm32.9-2020-q2-update.win32_1.5.0.202011040924/tools/bin/../lib/gcc/arm-none-eabi/9.3.1/../../../../arm-none-eabi/lib/thumb/v7e-m+fp/hard\libc_nano.a
END GROUP
START GROUP
LOAD c:/st/stm32cubeide_1.5.1/stm32cubeide/plugins/com.st.stm32cube.ide.mcu.externaltools.gnu-tools-for-stm32.9-2020-q2-update.win32_1.5.0.202011040924/tools/bin/../lib/gcc/arm-none-eabi/9.3.1/thumb/v7e-m+fp/hard\libgcc.a
LOAD c:/st/stm32cubeide_1.5.1/stm32cubeide/plugins/com.st.stm32cube.ide.mcu.externaltools.gnu-tools-for-stm32.9-2020-q2-update.win32_1.5.0.202011040924/tools/bin/../lib/gcc/arm-none-eabi/9.3.1/../../../../arm-none-eabi/lib/thumb/v7e-m+fp/hard\libc_nano.a
LOAD c:/st/stm32cubeide_1.5.1/stm32cubeide/plugins/com.st.stm32cube.ide.mcu.externaltools.gnu-tools-for-stm32.9-2020-q2-update.win32_1.5.0.202011040924/tools/bin/../lib/gcc/arm-none-eabi/9.3.1/../../../../arm-none-eabi/lib/thumb/v7e-m+fp/hard\libnosys.a
END GROUP
START GROUP
LOAD c:/st/stm32cubeide_1.5.1/stm32cubeide/plugins/com.st.stm32cube.ide.mcu.externaltools.gnu-tools-for-stm32.9-2020-q2-update.win32_1.5.0.202011040924/tools/bin/../lib/gcc/arm-none-eabi/9.3.1/thumb/v7e-m+fp/hard\libgcc.a
LOAD c:/st/stm32cubeide_1.5.1/stm32cubeide/plugins/com.st.stm32cube.ide.mcu.externaltools.gnu-tools-for-stm32.9-2020-q2-update.win32_1.5.0.202011040924/tools/bin/../lib/gcc/arm-none-eabi/9.3.1/../../../../arm-none-eabi/lib/thumb/v7e-m+fp/hard\libc_nano.a
LOAD c:/st/stm32cubeide_1.5.1/stm32cubeide/plugins/com.st.stm32cube.ide.mcu.externaltools.gnu-tools-for-stm32.9-2020-q2-update.win32_1.5.0.202011040924/tools/bin/../lib/gcc/arm-none-eabi/9.3.1/../../../../arm-none-eabi/lib/thumb/v7e-m+fp/hard\libnosys.a
END GROUP
LOAD c:/st/stm32cubeide_1.5.1/stm32cubeide/plugins/com.st.stm32cube.ide.mcu.externaltools.gnu-tools-for-stm32.9-2020-q2-update.win32_1.5.0.202011040924/tools/bin/../lib/gcc/arm-none-eabi/9.3.1/thumb/v7e-m+fp/hard/crtend.o
LOAD c:/st/stm32cubeide_1.5.1/stm32cubeide/plugins/com.st.stm32cube.ide.mcu.externaltools.gnu-tools-for-stm32.9-2020-q2-update.win32_1.5.0.202011040924/tools/bin/../lib/gcc/arm-none-eabi/9.3.1/thumb/v7e-m+fp/hard/crtn.o
                0x0000000020010000                _estack = (ORIGIN (RAM) + LENGTH (RAM))
                0x0000000000000800                _Min_Heap_Size = 0x800
                0x0000000000000800                _Min_Stack_Size = 0x800

.isr_vector     0x0000000008000000      0x18c
                0x0000000008000000                . = ALIGN (0x4)
 *(.isr_vector)
 .isr_vector    0x0000000008000000      0x18c Core/Startup/startup_stm32l433ccux.o
                0x0000000008000000                g_pfnVectors
                0x000000000800018c                . = ALIGN (0x4)

.text           0x0000000008000190     0xf90c
                0x0000000008000190                . = ALIGN (0x4)
 *(.text)
 .text          0x0000000008000190       0x40 c:/st/stm32cubeide_1.5.1/stm32cubeide/plugins/com.st.stm32cube.ide.mcu.externaltools.gnu-tools-for-stm32.9-2020-q2-update.win32_1.5.0.202011040924/tools/bin/../lib/gcc/arm-none-eabi/9.3.1/thumb/v7e-m+fp/hard/crtbegin.o
 .text          0x00000000080001d0       0x10 c:/st/stm32cubeide_1.5.1/stm32cubeide/plugins/com.st.stm32cube.ide.mcu.externaltools.gnu-tools-for-stm32.9-2020-q2-update.win32_1.5.0.202011040924/tools/bin/../lib/gcc/arm-none-eabi/9.3.1/../../../../arm-none-eabi/lib/thumb/v7e-m+fp/hard\libc_nano.a(lib_a-strlen.o)
                0x00000000080001d0                strlen
 .text          0x00000000080001e0       0xa0 c:/st/stm32cubeide_1.5.1/stm32cubeide/plugins/com.st.stm32cube.ide.mcu.externaltools.gnu-tools-for-stm32.9-2020-q2-update.win32_1.5.0.202011040924/tools/bin/../lib/gcc/arm-none-eabi/9.3.1/../../../../arm-none-eabi/lib/thumb/v7e-m+fp/hard\libc_nano.a(lib_a-memchr.o)
                0x00000000080001e0                memchr
 .text          0x0000000008000280      0x378 c:/st/stm32cubeide_1.5.1/stm32cubeide/plugins/com.st.stm32cube.ide.mcu.externaltools.gnu-tools-for-stm32.9-2020-q2-update.win32_1.5.0.202011040924/tools/bin/../lib/gcc/arm-none-eabi/9.3.1/thumb/v7e-m+fp/hard\libgcc.a(_arm_addsubdf3.o)
                0x0000000008000280                __aeabi_drsub
                0x0000000008000288                __subdf3
                0x0000000008000288                __aeabi_dsub
                0x000000000800028c                __aeabi_dadd
                0x000000000800028c                __adddf3
                0x0000000008000504                __floatunsidf
                0x0000000008000504                __aeabi_ui2d
                0x0000000008000524                __aeabi_i2d
                0x0000000008000524                __floatsidf
                0x0000000008000548                __extendsfdf2
                0x0000000008000548                __aeabi_f2d
                0x000000000800058c                __floatundidf
                0x000000000800058c                __aeabi_ul2d
                0x000000000800059c                __aeabi_l2d
                0x000000000800059c                __floatdidf
 .text          0x00000000080005f8      0x424 c:/st/stm32cubeide_1.5.1/stm32cubeide/plugins/com.st.stm32cube.ide.mcu.externaltools.gnu-tools-for-stm32.9-2020-q2-update.win32_1.5.0.202011040924/tools/bin/../lib/gcc/arm-none-eabi/9.3.1/thumb/v7e-m+fp/hard\libgcc.a(_arm_muldivdf3.o)
                0x00000000080005f8                __aeabi_dmul
                0x00000000080005f8                __muldf3
                0x000000000800084c                __divdf3
                0x000000000800084c                __aeabi_ddiv
 .text          0x0000000008000a1c      0x110 c:/st/stm32cubeide_1.5.1/stm32cubeide/plugins/com.st.stm32cube.ide.mcu.externaltools.gnu-tools-for-stm32.9-2020-q2-update.win32_1.5.0.202011040924/tools/bin/../lib/gcc/arm-none-eabi/9.3.1/thumb/v7e-m+fp/hard\libgcc.a(_arm_cmpdf2.o)
                0x0000000008000a1c                __gtdf2
                0x0000000008000a1c                __gedf2
                0x0000000008000a24                __ltdf2
                0x0000000008000a24                __ledf2
                0x0000000008000a2c                __nedf2
                0x0000000008000a2c                __cmpdf2
                0x0000000008000a2c                __eqdf2
                0x0000000008000aa8                __aeabi_cdrcmple
                0x0000000008000ab8                __aeabi_cdcmple
                0x0000000008000ab8                __aeabi_cdcmpeq
                0x0000000008000ac8                __aeabi_dcmpeq
                0x0000000008000adc                __aeabi_dcmplt
                0x0000000008000af0                __aeabi_dcmple
                0x0000000008000b04                __aeabi_dcmpge
                0x0000000008000b18                __aeabi_dcmpgt
 .text          0x0000000008000b2c       0x2c c:/st/stm32cubeide_1.5.1/stm32cubeide/plugins/com.st.stm32cube.ide.mcu.externaltools.gnu-tools-for-stm32.9-2020-q2-update.win32_1.5.0.202011040924/tools/bin/../lib/gcc/arm-none-eabi/9.3.1/thumb/v7e-m+fp/hard\libgcc.a(_arm_unorddf2.o)
                0x0000000008000b2c                __unorddf2
                0x0000000008000b2c                __aeabi_dcmpun
 .text          0x0000000008000b58       0x50 c:/st/stm32cubeide_1.5.1/stm32cubeide/plugins/com.st.stm32cube.ide.mcu.externaltools.gnu-tools-for-stm32.9-2020-q2-update.win32_1.5.0.202011040924/tools/bin/../lib/gcc/arm-none-eabi/9.3.1/thumb/v7e-m+fp/hard\libgcc.a(_arm_fixdfsi.o)
                0x0000000008000b58                __fixdfsi
                0x0000000008000b58                __aeabi_d2iz
 .text          0x0000000008000ba8       0x40 c:/st/stm32cubeide_1.5.1/stm32cubeide/plugins/com.st.stm32cube.ide.mcu.externaltools.gnu-tools-for-stm32.9-2020-q2-update.win32_1.5.0.202011040924/tools/bin/../lib/gcc/arm-none-eabi/9.3.1/thumb/v7e-m+fp/hard\libgcc.a(_arm_fixunsdfsi.o)
                0x0000000008000ba8                __fixunsdfsi
                0x0000000008000ba8                __aeabi_d2uiz
 .text          0x0000000008000be8       0xa0 c:/st/stm32cubeide_1.5.1/stm32cubeide/plugins/com.st.stm32cube.ide.mcu.externaltools.gnu-tools-for-stm32.9-2020-q2-update.win32_1.5.0.202011040924/tools/bin/../lib/gcc/arm-none-eabi/9.3.1/thumb/v7e-m+fp/hard\libgcc.a(_arm_truncdfsf2.o)
                0x0000000008000be8                __truncdfsf2
                0x0000000008000be8                __aeabi_d2f
 .text          0x0000000008000c88       0x30 c:/st/stm32cubeide_1.5.1/stm32cubeide/plugins/com.st.stm32cube.ide.mcu.externaltools.gnu-tools-for-stm32.9-2020-q2-update.win32_1.5.0.202011040924/tools/bin/../lib/gcc/arm-none-eabi/9.3.1/thumb/v7e-m+fp/hard\libgcc.a(_aeabi_uldivmod.o)
                0x0000000008000c88                __aeabi_uldivmod
 .text          0x0000000008000cb8      0x2c4 c:/st/stm32cubeide_1.5.1/stm32cubeide/plugins/com.st.stm32cube.ide.mcu.externaltools.gnu-tools-for-stm32.9-2020-q2-update.win32_1.5.0.202011040924/tools/bin/../lib/gcc/arm-none-eabi/9.3.1/thumb/v7e-m+fp/hard\libgcc.a(_udivmoddi4.o)
                0x0000000008000cb8                __udivmoddi4
 .text          0x0000000008000f7c        0x4 c:/st/stm32cubeide_1.5.1/stm32cubeide/plugins/com.st.stm32cube.ide.mcu.externaltools.gnu-tools-for-stm32.9-2020-q2-update.win32_1.5.0.202011040924/tools/bin/../lib/gcc/arm-none-eabi/9.3.1/thumb/v7e-m+fp/hard\libgcc.a(_dvmd_tls.o)
                0x0000000008000f7c                __aeabi_idiv0
                0x0000000008000f7c                __aeabi_ldiv0
 *(.text*)
 .text.USBD_CDC_EP0_RxReady
                0x0000000008000f80       0x2e Core/Lib/USB_CDC/usbd_cdc.o
 *fill*         0x0000000008000fae        0x2 
 .text.USBD_CDC_GetFSCfgDesc
                0x0000000008000fb0        0xc Core/Lib/USB_CDC/usbd_cdc.o
 .text.USBD_CDC_GetHSCfgDesc
                0x0000000008000fbc        0xc Core/Lib/USB_CDC/usbd_cdc.o
 .text.USBD_CDC_GetOtherSpeedCfgDesc
                0x0000000008000fc8        0xc Core/Lib/USB_CDC/usbd_cdc.o
 .text.USBD_CDC_GetDeviceQualifierDescriptor
                0x0000000008000fd4        0xc Core/Lib/USB_CDC/usbd_cdc.o
                0x0000000008000fd4                USBD_CDC_GetDeviceQualifierDescriptor
 .text.USBD_CDC_DataOut
                0x0000000008000fe0       0x2a Core/Lib/USB_CDC/usbd_cdc.o
 .text.USBD_CDC_DataIn
                0x000000000800100a       0x60 Core/Lib/USB_CDC/usbd_cdc.o
 *fill*         0x000000000800106a        0x2 
 .text.USBD_CDC_Setup
                0x000000000800106c       0xf8 Core/Lib/USB_CDC/usbd_cdc.o
 .text.USBD_CDC_DeInit
                0x0000000008001164       0x42 Core/Lib/USB_CDC/usbd_cdc.o
 .text.USBD_CDC_Init
                0x00000000080011a6       0xa6 Core/Lib/USB_CDC/usbd_cdc.o
 .text.USBD_CDC_RegisterInterface
                0x000000000800124c        0xe Core/Lib/USB_CDC/usbd_cdc.o
                0x000000000800124c                USBD_CDC_RegisterInterface
 .text.USBD_CDC_SetTxBuffer
                0x000000000800125a       0x16 Core/Lib/USB_CDC/usbd_cdc.o
                0x000000000800125a                USBD_CDC_SetTxBuffer
 .text.USBD_CDC_SetRxBuffer
                0x0000000008001270       0x12 Core/Lib/USB_CDC/usbd_cdc.o
                0x0000000008001270                USBD_CDC_SetRxBuffer
 .text.USBD_CDC_TransmitPacket
                0x0000000008001282       0x30 Core/Lib/USB_CDC/usbd_cdc.o
                0x0000000008001282                USBD_CDC_TransmitPacket
 .text.USBD_CDC_ReceivePacket
                0x00000000080012b2       0x2e Core/Lib/USB_CDC/usbd_cdc.o
                0x00000000080012b2                USBD_CDC_ReceivePacket
 .text.CDC_DeInit_FS
                0x00000000080012e0        0x4 Core/Lib/USB_CDC/usbd_cdc_if.o
 .text.CDC_Control_FS
                0x00000000080012e4        0x4 Core/Lib/USB_CDC/usbd_cdc_if.o
 .text.CDC_TransmitCplt_FS
                0x00000000080012e8        0x4 Core/Lib/USB_CDC/usbd_cdc_if.o
 .text.CDC_Init_FS
                0x00000000080012ec       0x28 Core/Lib/USB_CDC/usbd_cdc_if.o
 .text.CDC_Receive_FS
                0x0000000008001314       0x44 Core/Lib/USB_CDC/usbd_cdc_if.o
                0x0000000008001314                CDC_Receive_FS
 .text.CDC_Transmit_FS
                0x0000000008001358       0x2c Core/Lib/USB_CDC/usbd_cdc_if.o
                0x0000000008001358                CDC_Transmit_FS
 .text.u8x8_byte_hw_i2c
                0x0000000008001384       0x70 Core/Lib/dco_display.o
                0x0000000008001384                u8x8_byte_hw_i2c
 .text.u8x8_gpio_and_delay
                0x00000000080013f4       0x44 Core/Lib/dco_display.o
                0x00000000080013f4                u8x8_gpio_and_delay
 .text.display_InitBis
                0x0000000008001438       0x38 Core/Lib/dco_display.o
                0x0000000008001438                display_InitBis
 .text.display_GPS_status
                0x0000000008001470       0xe0 Core/Lib/dco_display.o
                0x0000000008001470                display_GPS_status
 .text.display_Chargement_perso
                0x0000000008001550       0x58 Core/Lib/dco_display.o
                0x0000000008001550                display_Chargement_perso
 .text.display_Init
                0x00000000080015a8       0x44 Core/Lib/dco_display.o
                0x00000000080015a8                display_Init
 .text.display_AlerteDanger
                0x00000000080015ec      0x1e0 Core/Lib/dco_display.o
                0x00000000080015ec                display_AlerteDanger
 .text.display_SendMess
                0x00000000080017cc       0x60 Core/Lib/dco_display.o
                0x00000000080017cc                display_SendMess
 .text.display_Alerte
                0x000000000800182c      0x114 Core/Lib/dco_display.o
                0x000000000800182c                display_Alerte
 .text.display_wait
                0x0000000008001940      0x280 Core/Lib/dco_display.o
                0x0000000008001940                display_wait
 .text.display_Print
                0x0000000008001bc0       0x38 Core/Lib/dco_display.o
                0x0000000008001bc0                display_Print
 .text.display_BatteryLvl
                0x0000000008001bf8       0x80 Core/Lib/dco_display.o
                0x0000000008001bf8                display_BatteryLvl
 .text.display_dco
                0x0000000008001c78      0x248 Core/Lib/dco_display.o
                0x0000000008001c78                display_dco
 .text.PowerBuzVib
                0x0000000008001ec0       0x22 Core/Lib/hes_buzvib.o
                0x0000000008001ec0                PowerBuzVib
 .text.PowerVib
                0x0000000008001ee2       0x1a Core/Lib/hes_buzvib.o
                0x0000000008001ee2                PowerVib
 .text.chargerRead
                0x0000000008001efc       0x4c Core/Lib/hes_charger.o
                0x0000000008001efc                chargerRead
 .text.ReadBat  0x0000000008001f48      0x12c Core/Lib/hes_charger.o
                0x0000000008001f48                ReadBat
 .text.ee_write.part.0
                0x0000000008002074       0x98 Core/Lib/hes_ee.o
 .text.ee_format
                0x000000000800210c       0x54 Core/Lib/hes_ee.o
                0x000000000800210c                ee_format
 .text.ee_read  0x0000000008002160       0x44 Core/Lib/hes_ee.o
                0x0000000008002160                ee_read
 .text.ee_init  0x00000000080021a4        0xc Core/Lib/hes_ee.o
                0x00000000080021a4                ee_init
 .text.ee_writeToRam
                0x00000000080021b0       0x2c Core/Lib/hes_ee.o
                0x00000000080021b0                ee_writeToRam
 .text.ee_commit
                0x00000000080021dc       0x20 Core/Lib/hes_ee.o
                0x00000000080021dc                ee_commit
 .text.mean     0x00000000080021fc       0x28 Core/Lib/hes_fall.o
                0x00000000080021fc                mean
 .text.test_chute
                0x0000000008002224       0x70 Core/Lib/hes_fall.o
                0x0000000008002224                test_chute
 .text.LedChargeIndic
                0x0000000008002294       0x72 Core/Lib/hes_fct.o
                0x0000000008002294                LedChargeIndic
 .text.TaskAlertAcc
                0x0000000008002306       0x2c Core/Lib/hes_fct.o
                0x0000000008002306                TaskAlertAcc
 .text.bootloader
                0x0000000008002332       0x26 Core/Lib/hes_fct.o
                0x0000000008002332                bootloader
 .text.default_value
                0x0000000008002358       0xc0 Core/Lib/hes_fct.o
                0x0000000008002358                default_value
 .text.Load_configuration_value
                0x0000000008002418       0x88 Core/Lib/hes_fct.o
                0x0000000008002418                Load_configuration_value
 .text.Load_ID_Sigfox
                0x00000000080024a0       0x68 Core/Lib/hes_fct.o
                0x00000000080024a0                Load_ID_Sigfox
 .text.OuChaIsel
                0x0000000008002508       0x18 Core/Lib/hes_gpio_h3.o
                0x0000000008002508                OuChaIsel
 .text.OutDone1
                0x0000000008002520       0x18 Core/Lib/hes_gpio_h3.o
                0x0000000008002520                OutDone1
 .text.OutDone2
                0x0000000008002538       0x18 Core/Lib/hes_gpio_h3.o
                0x0000000008002538                OutDone2
 .text.OutDwmRst
                0x0000000008002550       0x14 Core/Lib/hes_gpio_h3.o
                0x0000000008002550                OutDwmRst
 .text.OutDwmWu
                0x0000000008002564       0x18 Core/Lib/hes_gpio_h3.o
                0x0000000008002564                OutDwmWu
 .text.OutOledWu
                0x000000000800257c       0x18 Core/Lib/hes_gpio_h3.o
                0x000000000800257c                OutOledWu
 .text.OutLoraWu
                0x0000000008002594       0x18 Core/Lib/hes_gpio_h3.o
                0x0000000008002594                OutLoraWu
 .text.OutGpsRst
                0x00000000080025ac       0x18 Core/Lib/hes_gpio_h3.o
                0x00000000080025ac                OutGpsRst
 .text.OutLedWu
                0x00000000080025c4       0x18 Core/Lib/hes_gpio_h3.o
                0x00000000080025c4                OutLedWu
 .text.OutMotorWu
                0x00000000080025dc       0x14 Core/Lib/hes_gpio_h3.o
                0x00000000080025dc                OutMotorWu
 .text.OutOledRst
                0x00000000080025f0       0x18 Core/Lib/hes_gpio_h3.o
                0x00000000080025f0                OutOledRst
 .text.InOn     0x0000000008002608       0x18 Core/Lib/hes_gpio_h3.o
                0x0000000008002608                InOn
 .text.InSOS    0x0000000008002620       0x18 Core/Lib/hes_gpio_h3.o
                0x0000000008002620                InSOS
 .text.OutBuzOn
                0x0000000008002638        0xc Core/Lib/hes_gpio_h3.o
                0x0000000008002638                OutBuzOn
 .text.OutBuzOff
                0x0000000008002644        0xc Core/Lib/hes_gpio_h3.o
                0x0000000008002644                OutBuzOff
 .text.GpsStop  0x0000000008002650       0x58 Core/Lib/hes_gps.o
                0x0000000008002650                GpsStop
 .text.CheckSum
                0x00000000080026a8       0x32 Core/Lib/hes_gps.o
                0x00000000080026a8                CheckSum
 *fill*         0x00000000080026da        0x2 
 .text.GpsStart
                0x00000000080026dc      0x1fc Core/Lib/hes_gps.o
                0x00000000080026dc                GpsStart
 .text.Init_IMU
                0x00000000080028d8       0x80 Core/Lib/hes_imu.o
                0x00000000080028d8                Init_IMU
 .text.imuMsr2floatG_y_bit_res16bit
                0x0000000008002958       0xc8 Core/Lib/hes_imu.o
                0x0000000008002958                imuMsr2floatG_y_bit_res16bit
 .text.Measure_IMU
                0x0000000008002a20       0xac Core/Lib/hes_imu.o
                0x0000000008002a20                Measure_IMU
 .text.LedOff   0x0000000008002acc       0x6c Core/Lib/hes_led.o
                0x0000000008002acc                LedOff
 .text.LedOn    0x0000000008002b38       0x64 Core/Lib/hes_led.o
                0x0000000008002b38                LedOn
 .text.PowerSave
                0x0000000008002b9c       0x24 Core/Lib/hes_powersave.o
                0x0000000008002b9c                PowerSave
 .text.ssd1306_On
                0x0000000008002bc0       0x2a Core/Lib/hes_screen.o
                0x0000000008002bc0                ssd1306_On
 .text.ScreenOn
                0x0000000008002bea        0x4 Core/Lib/hes_screen.o
                0x0000000008002bea                ScreenOn
 .text.ScreenOff
                0x0000000008002bee       0x12 Core/Lib/hes_screen.o
                0x0000000008002bee                ScreenOff
 .text.InitTaskState
                0x0000000008002c00       0x10 Core/Lib/hes_sequencer.o
                0x0000000008002c00                InitTaskState
 .text.TaskState
                0x0000000008002c10       0x42 Core/Lib/hes_sequencer.o
                0x0000000008002c10                TaskState
 .text.WakeUpNemeusLS
                0x0000000008002c52       0x18 Core/Lib/hes_sigfoxlora.o
                0x0000000008002c52                WakeUpNemeusLS
 .text.LoraWanOn
                0x0000000008002c6a        0x2 Core/Lib/hes_sigfoxlora.o
                0x0000000008002c6a                LoraWanOn
 .text.SendOnLora
                0x0000000008002c6c        0x2 Core/Lib/hes_sigfoxlora.o
                0x0000000008002c6c                SendOnLora
 .text.SendMessLoraWan
                0x0000000008002c6e        0x2 Core/Lib/hes_sigfoxlora.o
                0x0000000008002c6e                SendMessLoraWan
 .text.SendMess
                0x0000000008002c70       0x26 Core/Lib/hes_sigfoxlora.o
                0x0000000008002c70                SendMess
 *fill*         0x0000000008002c96        0x2 
 .text.RebootNemeusLS
                0x0000000008002c98       0x34 Core/Lib/hes_sigfoxlora.o
                0x0000000008002c98                RebootNemeusLS
 .text.SendIdAskSF
                0x0000000008002ccc       0x28 Core/Lib/hes_sigfoxlora.o
                0x0000000008002ccc                SendIdAskSF
 .text.SigfoxOn
                0x0000000008002cf4       0x34 Core/Lib/hes_sigfoxlora.o
                0x0000000008002cf4                SigfoxOn
 .text.SendMessSigfox
                0x0000000008002d28       0x4c Core/Lib/hes_sigfoxlora.o
                0x0000000008002d28                SendMessSigfox
 .text.SendOnMessSigfox
                0x0000000008002d74       0x48 Core/Lib/hes_sigfoxlora.o
                0x0000000008002d74                SendOnMessSigfox
 .text.decimal2hexa
                0x0000000008002dbc       0x28 Core/Lib/hes_sigfoxlora.o
                0x0000000008002dbc                decimal2hexa
 .text.BuildMessGPS
                0x0000000008002de4      0x1b8 Core/Lib/hes_sigfoxlora.o
                0x0000000008002de4                BuildMessGPS
 .text.TaskBigScreen
                0x0000000008002f9c       0x88 Core/Lib/hes_task.o
                0x0000000008002f9c                TaskBigScreen
 .text.TaskLedBlinking
                0x0000000008003024       0x50 Core/Lib/hes_task.o
                0x0000000008003024                TaskLedBlinking
 .text.TaskUpdateUpperLed
                0x0000000008003074       0x96 Core/Lib/hes_task.o
                0x0000000008003074                TaskUpdateUpperLed
 .text.TaskCharger
                0x000000000800310a       0x34 Core/Lib/hes_task.o
                0x000000000800310a                TaskCharger
 .text.TaskReadBat
                0x000000000800313e       0x1a Core/Lib/hes_task.o
                0x000000000800313e                TaskReadBat
 .text.TaskExtButton
                0x0000000008003158      0x234 Core/Lib/hes_task.o
                0x0000000008003158                TaskExtButton
 .text.TaskFallTest
                0x000000000800338c       0x68 Core/Lib/hes_task.o
                0x000000000800338c                TaskFallTest
 .text.TaskAlertAll
                0x00000000080033f4      0x258 Core/Lib/hes_task.o
                0x00000000080033f4                TaskAlertAll
 .text.TaskOnScreen
                0x000000000800364c       0x4e Core/Lib/hes_task.o
                0x000000000800364c                TaskOnScreen
 *fill*         0x000000000800369a        0x6 
 .text.TaskGPS  0x00000000080036a0      0x390 Core/Lib/hes_task.o
                0x00000000080036a0                TaskGPS
 .text.TaskSendSigfox
                0x0000000008003a30       0x94 Core/Lib/hes_task.o
                0x0000000008003a30                TaskSendSigfox
 .text.TaskSendDUAL
                0x0000000008003ac4       0xd8 Core/Lib/hes_task.o
                0x0000000008003ac4                TaskSendDUAL
 .text.TaskButtonManager
                0x0000000008003b9c       0xcc Core/Lib/hes_task.o
                0x0000000008003b9c                TaskButtonManager
 .text.TaskAlertManager
                0x0000000008003c68       0xfc Core/Lib/hes_task.o
                0x0000000008003c68                TaskAlertManager
 .text.TaskFallManager
                0x0000000008003d64      0x114 Core/Lib/hes_task.o
                0x0000000008003d64                TaskFallManager
 .text.Task_Read_Nemeus
                0x0000000008003e78      0x32c Core/Lib/hes_task.o
                0x0000000008003e78                Task_Read_Nemeus
 .text.Battery_Charger_Management
                0x00000000080041a4      0x200 Core/Lib/hes_task.o
                0x00000000080041a4                Battery_Charger_Management
 .text.GPS_Management
                0x00000000080043a4       0xb4 Core/Lib/hes_task.o
                0x00000000080043a4                GPS_Management
 .text.Task_USB_Configuration
                0x0000000008004458      0x398 Core/Lib/hes_task.o
                0x0000000008004458                Task_USB_Configuration
 .text.u8g2_DrawHXBM
                0x00000000080047f0       0x84 Core/Lib/u8g2/u8g2_bitmap.o
                0x00000000080047f0                u8g2_DrawHXBM
 .text.u8g2_DrawXBM
                0x0000000008004874       0x4e Core/Lib/u8g2/u8g2_bitmap.o
                0x0000000008004874                u8g2_DrawXBM
 .text.u8g2_send_buffer
                0x00000000080048c2       0x52 Core/Lib/u8g2/u8g2_buffer.o
 .text.u8g2_ClearBuffer
                0x0000000008004914       0x16 Core/Lib/u8g2/u8g2_buffer.o
                0x0000000008004914                u8g2_ClearBuffer
 .text.u8g2_SetBufferCurrTileRow
                0x000000000800492a       0x1a Core/Lib/u8g2/u8g2_buffer.o
                0x000000000800492a                u8g2_SetBufferCurrTileRow
 .text.u8g2_FirstPage
                0x0000000008004944       0x1a Core/Lib/u8g2/u8g2_buffer.o
                0x0000000008004944                u8g2_FirstPage
 .text.u8g2_NextPage
                0x000000000800495e       0x3e Core/Lib/u8g2/u8g2_buffer.o
                0x000000000800495e                u8g2_NextPage
 .text.u8g2_ClearDisplay
                0x000000000800499c       0x1e Core/Lib/u8g2/u8g2_cleardisplay.o
                0x000000000800499c                u8g2_ClearDisplay
 *fill*         0x00000000080049ba        0x2 
 .text.u8g2_m_16_4_1
                0x00000000080049bc        0xc Core/Lib/u8g2/u8g2_d_memory.o
                0x00000000080049bc                u8g2_m_16_4_1
 .text.u8g2_Setup_ssd1306_i2c_128x32_univision_1
                0x00000000080049c8       0x3c Core/Lib/u8g2/u8g2_d_setup.o
                0x00000000080049c8                u8g2_Setup_ssd1306_i2c_128x32_univision_1
 .text.u8g2_font_get_word
                0x0000000008004a04        0xe Core/Lib/u8g2/u8g2_font.o
 .text.u8g2_add_vector_y
                0x0000000008004a12       0x1c Core/Lib/u8g2/u8g2_font.o
 .text.u8g2_add_vector_x
                0x0000000008004a2e       0x1c Core/Lib/u8g2/u8g2_font.o
 .text.u8g2_font_calc_vref_font
                0x0000000008004a4a        0x4 Core/Lib/u8g2/u8g2_font.o
                0x0000000008004a4a                u8g2_font_calc_vref_font
 .text.u8g2_read_font_info
                0x0000000008004a4e       0x6a Core/Lib/u8g2/u8g2_font.o
                0x0000000008004a4e                u8g2_read_font_info
 .text.u8g2_font_decode_get_unsigned_bits
                0x0000000008004ab8       0x3c Core/Lib/u8g2/u8g2_font.o
                0x0000000008004ab8                u8g2_font_decode_get_unsigned_bits
 .text.u8g2_font_setup_decode
                0x0000000008004af4       0x40 Core/Lib/u8g2/u8g2_font.o
 .text.u8g2_font_decode_get_signed_bits
                0x0000000008004b34       0x16 Core/Lib/u8g2/u8g2_font.o
                0x0000000008004b34                u8g2_font_decode_get_signed_bits
 .text.u8g2_font_decode_len
                0x0000000008004b4a       0x9c Core/Lib/u8g2/u8g2_font.o
                0x0000000008004b4a                u8g2_font_decode_len
 .text.u8g2_font_decode_glyph
                0x0000000008004be6      0x132 Core/Lib/u8g2/u8g2_font.o
                0x0000000008004be6                u8g2_font_decode_glyph
 .text.u8g2_font_get_glyph_data
                0x0000000008004d18       0x6e Core/Lib/u8g2/u8g2_font.o
                0x0000000008004d18                u8g2_font_get_glyph_data
 .text.u8g2_DrawGlyph
                0x0000000008004d86       0x5a Core/Lib/u8g2/u8g2_font.o
                0x0000000008004d86                u8g2_DrawGlyph
 .text.u8g2_draw_string
                0x0000000008004de0       0x6e Core/Lib/u8g2/u8g2_font.o
 *fill*         0x0000000008004e4e        0x2 
 .text.u8g2_DrawStr
                0x0000000008004e50       0x14 Core/Lib/u8g2/u8g2_font.o
                0x0000000008004e50                u8g2_DrawStr
 .text.u8g2_UpdateRefHeight
                0x0000000008004e64       0x56 Core/Lib/u8g2/u8g2_font.o
                0x0000000008004e64                u8g2_UpdateRefHeight
 *fill*         0x0000000008004eba        0x2 
 .text.u8g2_SetFontPosBaseline
                0x0000000008004ebc        0xc Core/Lib/u8g2/u8g2_font.o
                0x0000000008004ebc                u8g2_SetFontPosBaseline
 .text.u8g2_SetFont
                0x0000000008004ec8       0x1e Core/Lib/u8g2/u8g2_font.o
                0x0000000008004ec8                u8g2_SetFont
 .text.u8g2_draw_hv_line_2dir
                0x0000000008004ee6       0x18 Core/Lib/u8g2/u8g2_hvline.o
                0x0000000008004ee6                u8g2_draw_hv_line_2dir
 .text.u8g2_DrawHVLine
                0x0000000008004efe       0xd0 Core/Lib/u8g2/u8g2_hvline.o
                0x0000000008004efe                u8g2_DrawHVLine
 .text.u8g2_is_intersection_decision_tree
                0x0000000008004fce       0x1e Core/Lib/u8g2/u8g2_intersection.o
                0x0000000008004fce                u8g2_is_intersection_decision_tree
 .text.u8g2_IsIntersection
                0x0000000008004fec       0x30 Core/Lib/u8g2/u8g2_intersection.o
                0x0000000008004fec                u8g2_IsIntersection
 .text.u8g2_ll_hvline_vertical_top_lsb
                0x000000000800501c       0x8c Core/Lib/u8g2/u8g2_ll_hvline.o
                0x000000000800501c                u8g2_ll_hvline_vertical_top_lsb
 .text.u8g2_update_dimension_common
                0x00000000080050a8       0x5a Core/Lib/u8g2/u8g2_setup.o
 .text.u8g2_update_dimension_r0
                0x0000000008005102        0x4 Core/Lib/u8g2/u8g2_setup.o
                0x0000000008005102                u8g2_update_dimension_r0
 .text.u8g2_draw_l90_r0
                0x0000000008005106       0x10 Core/Lib/u8g2/u8g2_setup.o
                0x0000000008005106                u8g2_draw_l90_r0
 .text.u8g2_apply_clip_window
                0x0000000008005116       0x6c Core/Lib/u8g2/u8g2_setup.o
 .text.u8g2_update_page_win_r0
                0x0000000008005182       0x22 Core/Lib/u8g2/u8g2_setup.o
                0x0000000008005182                u8g2_update_page_win_r0
 .text.u8g2_SetMaxClipWindow
                0x00000000080051a4       0x16 Core/Lib/u8g2/u8g2_setup.o
                0x00000000080051a4                u8g2_SetMaxClipWindow
 .text.u8g2_SetupBuffer
                0x00000000080051ba       0x3e Core/Lib/u8g2/u8g2_setup.o
                0x00000000080051ba                u8g2_SetupBuffer
 .text.u8x8_ascii_next
                0x00000000080051f8       0x10 Core/Lib/u8g2/u8x8_8x8.o
                0x00000000080051f8                u8x8_ascii_next
 .text.u8x8_utf8_init
                0x0000000008005208        0x8 Core/Lib/u8g2/u8x8_8x8.o
                0x0000000008005208                u8x8_utf8_init
 .text.u8x8_byte_SendBytes
                0x0000000008005210       0x12 Core/Lib/u8g2/u8x8_byte.o
                0x0000000008005210                u8x8_byte_SendBytes
 .text.u8x8_byte_SendByte
                0x0000000008005222       0x16 Core/Lib/u8g2/u8x8_byte.o
                0x0000000008005222                u8x8_byte_SendByte
 .text.u8x8_byte_StartTransfer
                0x0000000008005238       0x12 Core/Lib/u8g2/u8x8_byte.o
                0x0000000008005238                u8x8_byte_StartTransfer
 .text.u8x8_byte_EndTransfer
                0x000000000800524a       0x12 Core/Lib/u8g2/u8x8_byte.o
                0x000000000800524a                u8x8_byte_EndTransfer
 .text.u8x8_i2c_data_transfer
                0x000000000800525c       0x2c Core/Lib/u8g2/u8x8_cad.o
 .text.u8x8_cad_SendCmd
                0x0000000008005288       0x12 Core/Lib/u8g2/u8x8_cad.o
                0x0000000008005288                u8x8_cad_SendCmd
 .text.u8x8_cad_SendArg
                0x000000000800529a       0x12 Core/Lib/u8g2/u8x8_cad.o
                0x000000000800529a                u8x8_cad_SendArg
 .text.u8x8_cad_SendData
                0x00000000080052ac       0x12 Core/Lib/u8g2/u8x8_cad.o
                0x00000000080052ac                u8x8_cad_SendData
 .text.u8x8_cad_StartTransfer
                0x00000000080052be       0x12 Core/Lib/u8g2/u8x8_cad.o
                0x00000000080052be                u8x8_cad_StartTransfer
 .text.u8x8_cad_EndTransfer
                0x00000000080052d0       0x12 Core/Lib/u8g2/u8x8_cad.o
                0x00000000080052d0                u8x8_cad_EndTransfer
 .text.u8x8_cad_SendSequence
                0x00000000080052e2       0x62 Core/Lib/u8g2/u8x8_cad.o
                0x00000000080052e2                u8x8_cad_SendSequence
 .text.u8x8_cad_ssd13xx_fast_i2c
                0x0000000008005344       0xc0 Core/Lib/u8g2/u8x8_cad.o
                0x0000000008005344                u8x8_cad_ssd13xx_fast_i2c
 .text.u8x8_d_ssd1306_128x32_generic
                0x0000000008005404       0xd4 Core/Lib/u8g2/u8x8_d_ssd1306_128x32.o
 .text.u8x8_d_ssd1306_128x32_univision
                0x00000000080054d8       0x1c Core/Lib/u8g2/u8x8_d_ssd1306_128x32.o
                0x00000000080054d8                u8x8_d_ssd1306_128x32_univision
 .text.u8x8_d_helper_display_setup_memory
                0x00000000080054f4        0xa Core/Lib/u8g2/u8x8_display.o
                0x00000000080054f4                u8x8_d_helper_display_setup_memory
 .text.u8x8_d_helper_display_init
                0x00000000080054fe       0x60 Core/Lib/u8g2/u8x8_display.o
                0x00000000080054fe                u8x8_d_helper_display_init
 .text.u8x8_DrawTile
                0x000000000800555e       0x20 Core/Lib/u8g2/u8x8_display.o
                0x000000000800555e                u8x8_DrawTile
 .text.u8x8_SetupMemory
                0x000000000800557e       0x12 Core/Lib/u8g2/u8x8_display.o
                0x000000000800557e                u8x8_SetupMemory
 .text.u8x8_InitDisplay
                0x0000000008005590       0x12 Core/Lib/u8g2/u8x8_display.o
                0x0000000008005590                u8x8_InitDisplay
 .text.u8x8_SetPowerSave
                0x00000000080055a2       0x12 Core/Lib/u8g2/u8x8_display.o
                0x00000000080055a2                u8x8_SetPowerSave
 .text.u8x8_RefreshDisplay
                0x00000000080055b4       0x12 Core/Lib/u8g2/u8x8_display.o
                0x00000000080055b4                u8x8_RefreshDisplay
 .text.u8x8_gpio_call
                0x00000000080055c6        0xe Core/Lib/u8g2/u8x8_gpio.o
                0x00000000080055c6                u8x8_gpio_call
 .text.u8x8_dummy_cb
                0x00000000080055d4        0x4 Core/Lib/u8g2/u8x8_setup.o
                0x00000000080055d4                u8x8_dummy_cb
 .text.u8x8_SetupDefaults
                0x00000000080055d8       0x28 Core/Lib/u8g2/u8x8_setup.o
                0x00000000080055d8                u8x8_SetupDefaults
 .text.u8x8_Setup
                0x0000000008005600       0x1c Core/Lib/u8g2/u8x8_setup.o
                0x0000000008005600                u8x8_Setup
 .text.MX_DMA_Init
                0x000000000800561c       0x50 Core/Src/dma.o
                0x000000000800561c                MX_DMA_Init
 .text.MX_GPIO_Init
                0x000000000800566c      0x174 Core/Src/gpio.o
                0x000000000800566c                MX_GPIO_Init
 .text.MX_I2C1_Init
                0x00000000080057e0       0x58 Core/Src/i2c.o
                0x00000000080057e0                MX_I2C1_Init
 .text.MX_I2C2_Init
                0x0000000008005838       0x58 Core/Src/i2c.o
                0x0000000008005838                MX_I2C2_Init
 .text.HAL_I2C_MspInit
                0x0000000008005890       0xc0 Core/Src/i2c.o
                0x0000000008005890                HAL_I2C_MspInit
 .text.MX_IWDG_Init
                0x0000000008005950       0x30 Core/Src/iwdg.o
                0x0000000008005950                MX_IWDG_Init
 .text.SystemClock_Config
                0x0000000008005980       0xa8 Core/Src/main.o
                0x0000000008005980                SystemClock_Config
 .text.HAL_TIM_PeriodElapsedCallback
                0x0000000008005a28       0x88 Core/Src/main.o
                0x0000000008005a28                HAL_TIM_PeriodElapsedCallback
 .text.HAL_UART_RxCpltCallback
                0x0000000008005ab0        0x2 Core/Src/main.o
                0x0000000008005ab0                HAL_UART_RxCpltCallback
 .text.vibration_LBL
                0x0000000008005ab2       0x1e Core/Src/main.o
                0x0000000008005ab2                vibration_LBL
 .text.jumpToBootloader
                0x0000000008005ad0       0x50 Core/Src/main.o
                0x0000000008005ad0                jumpToBootloader
 .text.startup.main
                0x0000000008005b20      0x754 Core/Src/main.o
                0x0000000008005b20                main
 .text.Error_Handler
                0x0000000008006274        0x2 Core/Src/main.o
                0x0000000008006274                Error_Handler
 *fill*         0x0000000008006276        0x2 
 .text.HAL_MspInit
                0x0000000008006278       0x30 Core/Src/stm32l4xx_hal_msp.o
                0x0000000008006278                HAL_MspInit
 .text.NMI_Handler
                0x00000000080062a8        0x2 Core/Src/stm32l4xx_it.o
                0x00000000080062a8                NMI_Handler
 .text.HardFault_Handler
                0x00000000080062aa        0x2 Core/Src/stm32l4xx_it.o
                0x00000000080062aa                HardFault_Handler
 .text.MemManage_Handler
                0x00000000080062ac        0x2 Core/Src/stm32l4xx_it.o
                0x00000000080062ac                MemManage_Handler
 .text.BusFault_Handler
                0x00000000080062ae        0x2 Core/Src/stm32l4xx_it.o
                0x00000000080062ae                BusFault_Handler
 .text.UsageFault_Handler
                0x00000000080062b0        0x2 Core/Src/stm32l4xx_it.o
                0x00000000080062b0                UsageFault_Handler
 .text.SVC_Handler
                0x00000000080062b2        0x2 Core/Src/stm32l4xx_it.o
                0x00000000080062b2                SVC_Handler
 .text.DebugMon_Handler
                0x00000000080062b4        0x2 Core/Src/stm32l4xx_it.o
                0x00000000080062b4                DebugMon_Handler
 .text.PendSV_Handler
                0x00000000080062b6        0x2 Core/Src/stm32l4xx_it.o
                0x00000000080062b6                PendSV_Handler
 .text.SysTick_Handler
                0x00000000080062b8        0x4 Core/Src/stm32l4xx_it.o
                0x00000000080062b8                SysTick_Handler
 .text.DMA1_Channel3_IRQHandler
                0x00000000080062bc        0xc Core/Src/stm32l4xx_it.o
                0x00000000080062bc                DMA1_Channel3_IRQHandler
 .text.DMA1_Channel5_IRQHandler
                0x00000000080062c8        0xc Core/Src/stm32l4xx_it.o
                0x00000000080062c8                DMA1_Channel5_IRQHandler
 .text.DMA1_Channel6_IRQHandler
                0x00000000080062d4        0xc Core/Src/stm32l4xx_it.o
                0x00000000080062d4                DMA1_Channel6_IRQHandler
 .text.TIM1_UP_TIM16_IRQHandler
                0x00000000080062e0        0xc Core/Src/stm32l4xx_it.o
                0x00000000080062e0                TIM1_UP_TIM16_IRQHandler
 .text.USART1_IRQHandler
                0x00000000080062ec        0xc Core/Src/stm32l4xx_it.o
                0x00000000080062ec                USART1_IRQHandler
 .text.USART2_IRQHandler
                0x00000000080062f8        0xc Core/Src/stm32l4xx_it.o
                0x00000000080062f8                USART2_IRQHandler
 .text.USART3_IRQHandler
                0x0000000008006304        0xc Core/Src/stm32l4xx_it.o
                0x0000000008006304                USART3_IRQHandler
 .text.TIM7_IRQHandler
                0x0000000008006310        0xc Core/Src/stm32l4xx_it.o
                0x0000000008006310                TIM7_IRQHandler
 .text.USB_IRQHandler
                0x000000000800631c        0xc Core/Src/stm32l4xx_it.o
                0x000000000800631c                USB_IRQHandler
 .text._getpid  0x0000000008006328        0x4 Core/Src/syscalls.o
                0x0000000008006328                _getpid
 .text._kill    0x000000000800632c       0x10 Core/Src/syscalls.o
                0x000000000800632c                _kill
 .text._exit    0x000000000800633c        0xc Core/Src/syscalls.o
                0x000000000800633c                _exit
 .text._read    0x0000000008006348       0x1a Core/Src/syscalls.o
                0x0000000008006348                _read
 .text._write   0x0000000008006362       0x1a Core/Src/syscalls.o
                0x0000000008006362                _write
 .text._close   0x000000000800637c        0x6 Core/Src/syscalls.o
                0x000000000800637c                _close
 .text._fstat   0x0000000008006382        0xa Core/Src/syscalls.o
                0x0000000008006382                _fstat
 .text._isatty  0x000000000800638c        0x4 Core/Src/syscalls.o
                0x000000000800638c                _isatty
 .text._lseek   0x0000000008006390        0x4 Core/Src/syscalls.o
                0x0000000008006390                _lseek
 .text._sbrk    0x0000000008006394       0x40 Core/Src/sysmem.o
                0x0000000008006394                _sbrk
 .text.SystemInit
                0x00000000080063d4       0x48 Core/Src/system_stm32l4xx.o
                0x00000000080063d4                SystemInit
 .text.MX_TIM7_Init
                0x000000000800641c       0x48 Core/Src/tim.o
                0x000000000800641c                MX_TIM7_Init
 .text.HAL_TIM_Base_MspInit
                0x0000000008006464       0x70 Core/Src/tim.o
                0x0000000008006464                HAL_TIM_Base_MspInit
 .text.HAL_TIM_MspPostInit
                0x00000000080064d4       0x54 Core/Src/tim.o
                0x00000000080064d4                HAL_TIM_MspPostInit
 .text.MX_TIM16_Init
                0x0000000008006528       0xa0 Core/Src/tim.o
                0x0000000008006528                MX_TIM16_Init
 .text.MX_USART1_UART_Init
                0x00000000080065c8       0x3c Core/Src/usart.o
                0x00000000080065c8                MX_USART1_UART_Init
 .text.MX_USART2_UART_Init
                0x0000000008006604       0x3c Core/Src/usart.o
                0x0000000008006604                MX_USART2_UART_Init
 .text.MX_USART3_UART_Init
                0x0000000008006640       0x3c Core/Src/usart.o
                0x0000000008006640                MX_USART3_UART_Init
 .text.HAL_UART_MspInit
                0x000000000800667c      0x1e8 Core/Src/usart.o
                0x000000000800667c                HAL_UART_MspInit
 .text.Reset_Handler
                0x0000000008006864       0x50 Core/Startup/startup_stm32l433ccux.o
                0x0000000008006864                Reset_Handler
 .text.Default_Handler
                0x00000000080068b4        0x2 Core/Startup/startup_stm32l433ccux.o
                0x00000000080068b4                DMA1_Channel4_IRQHandler
                0x00000000080068b4                SWPMI1_IRQHandler
                0x00000000080068b4                EXTI1_IRQHandler
                0x00000000080068b4                CRS_IRQHandler
                0x00000000080068b4                ADC1_IRQHandler
                0x00000000080068b4                SPI2_IRQHandler
                0x00000000080068b4                EXTI9_5_IRQHandler
                0x00000000080068b4                SPI1_IRQHandler
                0x00000000080068b4                PVD_PVM_IRQHandler
                0x00000000080068b4                WWDG_IRQHandler
                0x00000000080068b4                DMA2_Channel5_IRQHandler
                0x00000000080068b4                I2C3_EV_IRQHandler
                0x00000000080068b4                RCC_IRQHandler
                0x00000000080068b4                I2C1_ER_IRQHandler
                0x00000000080068b4                DMA1_Channel2_IRQHandler
                0x00000000080068b4                SAI1_IRQHandler
                0x00000000080068b4                I2C2_EV_IRQHandler
                0x00000000080068b4                CAN1_RX0_IRQHandler
                0x00000000080068b4                LPUART1_IRQHandler
                0x00000000080068b4                DMA1_Channel7_IRQHandler
                0x00000000080068b4                TIM6_DAC_IRQHandler
                0x00000000080068b4                FLASH_IRQHandler
                0x00000000080068b4                CAN1_TX_IRQHandler
                0x00000000080068b4                QUADSPI_IRQHandler
                0x00000000080068b4                LCD_IRQHandler
                0x00000000080068b4                EXTI15_10_IRQHandler
                0x00000000080068b4                RTC_WKUP_IRQHandler
                0x00000000080068b4                TIM2_IRQHandler
                0x00000000080068b4                CAN1_SCE_IRQHandler
                0x00000000080068b4                TAMP_STAMP_IRQHandler
                0x00000000080068b4                LPTIM2_IRQHandler
                0x00000000080068b4                DMA2_Channel3_IRQHandler
                0x00000000080068b4                DMA2_Channel7_IRQHandler
                0x00000000080068b4                TIM1_BRK_TIM15_IRQHandler
                0x00000000080068b4                SDMMC1_IRQHandler
                0x00000000080068b4                TSC_IRQHandler
                0x00000000080068b4                DMA2_Channel6_IRQHandler
                0x00000000080068b4                Default_Handler
                0x00000000080068b4                RNG_IRQHandler
                0x00000000080068b4                EXTI2_IRQHandler
                0x00000000080068b4                I2C3_ER_IRQHandler
                0x00000000080068b4                EXTI3_IRQHandler
                0x00000000080068b4                I2C2_ER_IRQHandler
                0x00000000080068b4                TIM1_TRG_COM_IRQHandler
                0x00000000080068b4                FPU_IRQHandler
                0x00000000080068b4                I2C1_EV_IRQHandler
                0x00000000080068b4                TIM1_CC_IRQHandler
                0x00000000080068b4                LPTIM1_IRQHandler
                0x00000000080068b4                SPI3_IRQHandler
                0x00000000080068b4                DMA1_Channel1_IRQHandler
                0x00000000080068b4                DMA2_Channel4_IRQHandler
                0x00000000080068b4                EXTI0_IRQHandler
                0x00000000080068b4                DMA2_Channel2_IRQHandler
                0x00000000080068b4                DMA2_Channel1_IRQHandler
                0x00000000080068b4                RTC_Alarm_IRQHandler
                0x00000000080068b4                EXTI4_IRQHandler
                0x00000000080068b4                CAN1_RX1_IRQHandler
                0x00000000080068b4                COMP_IRQHandler
 *fill*         0x00000000080068b6        0x2 
 .text.HAL_InitTick
                0x00000000080068b8       0x4c Drivers/STM32L4xx_HAL_Driver/Src/stm32l4xx_hal.o
                0x00000000080068b8                HAL_InitTick
 .text.HAL_Init
                0x0000000008006904       0x1e Drivers/STM32L4xx_HAL_Driver/Src/stm32l4xx_hal.o
                0x0000000008006904                HAL_Init
 *fill*         0x0000000008006922        0x2 
 .text.HAL_IncTick
                0x0000000008006924       0x18 Drivers/STM32L4xx_HAL_Driver/Src/stm32l4xx_hal.o
                0x0000000008006924                HAL_IncTick
 .text.HAL_GetTick
                0x000000000800693c        0xc Drivers/STM32L4xx_HAL_Driver/Src/stm32l4xx_hal.o
                0x000000000800693c                HAL_GetTick
 .text.HAL_Delay
                0x0000000008006948       0x28 Drivers/STM32L4xx_HAL_Driver/Src/stm32l4xx_hal.o
                0x0000000008006948                HAL_Delay
 .text.HAL_NVIC_SetPriorityGrouping
                0x0000000008006970       0x24 Drivers/STM32L4xx_HAL_Driver/Src/stm32l4xx_hal_cortex.o
                0x0000000008006970                HAL_NVIC_SetPriorityGrouping
 .text.HAL_NVIC_SetPriority
                0x0000000008006994       0x64 Drivers/STM32L4xx_HAL_Driver/Src/stm32l4xx_hal_cortex.o
                0x0000000008006994                HAL_NVIC_SetPriority
 .text.HAL_NVIC_EnableIRQ
                0x00000000080069f8       0x1c Drivers/STM32L4xx_HAL_Driver/Src/stm32l4xx_hal_cortex.o
                0x00000000080069f8                HAL_NVIC_EnableIRQ
 .text.HAL_SYSTICK_Config
                0x0000000008006a14       0x2c Drivers/STM32L4xx_HAL_Driver/Src/stm32l4xx_hal_cortex.o
                0x0000000008006a14                HAL_SYSTICK_Config
 .text.HAL_DMA_Init
                0x0000000008006a40       0xd4 Drivers/STM32L4xx_HAL_Driver/Src/stm32l4xx_hal_dma.o
                0x0000000008006a40                HAL_DMA_Init
 .text.HAL_DMA_Start_IT
                0x0000000008006b14       0x7e Drivers/STM32L4xx_HAL_Driver/Src/stm32l4xx_hal_dma.o
                0x0000000008006b14                HAL_DMA_Start_IT
 .text.HAL_DMA_Abort
                0x0000000008006b92       0x46 Drivers/STM32L4xx_HAL_Driver/Src/stm32l4xx_hal_dma.o
                0x0000000008006b92                HAL_DMA_Abort
 .text.HAL_DMA_Abort_IT
                0x0000000008006bd8       0x4c Drivers/STM32L4xx_HAL_Driver/Src/stm32l4xx_hal_dma.o
                0x0000000008006bd8                HAL_DMA_Abort_IT
 .text.HAL_DMA_IRQHandler
                0x0000000008006c24       0x94 Drivers/STM32L4xx_HAL_Driver/Src/stm32l4xx_hal_dma.o
                0x0000000008006c24                HAL_DMA_IRQHandler
 .text.FLASH_Program_Fast
                0x0000000008006cb8       0x2c Drivers/STM32L4xx_HAL_Driver/Src/stm32l4xx_hal_flash.o
 .text.HAL_FLASH_Unlock
                0x0000000008006ce4       0x24 Drivers/STM32L4xx_HAL_Driver/Src/stm32l4xx_hal_flash.o
                0x0000000008006ce4                HAL_FLASH_Unlock
 .text.HAL_FLASH_Lock
                0x0000000008006d08       0x14 Drivers/STM32L4xx_HAL_Driver/Src/stm32l4xx_hal_flash.o
                0x0000000008006d08                HAL_FLASH_Lock
 .text.FLASH_WaitForLastOperation
                0x0000000008006d1c       0x58 Drivers/STM32L4xx_HAL_Driver/Src/stm32l4xx_hal_flash.o
                0x0000000008006d1c                FLASH_WaitForLastOperation
 .text.HAL_FLASH_Program
                0x0000000008006d74       0xa4 Drivers/STM32L4xx_HAL_Driver/Src/stm32l4xx_hal_flash.o
                0x0000000008006d74                HAL_FLASH_Program
 .text.FLASH_MassErase
                0x0000000008006e18       0x20 Drivers/STM32L4xx_HAL_Driver/Src/stm32l4xx_hal_flash_ex.o
 .text.FLASH_PageErase
                0x0000000008006e38       0x28 Drivers/STM32L4xx_HAL_Driver/Src/stm32l4xx_hal_flash_ex.o
                0x0000000008006e38                FLASH_PageErase
 .text.FLASH_FlushCaches
                0x0000000008006e60       0x58 Drivers/STM32L4xx_HAL_Driver/Src/stm32l4xx_hal_flash_ex.o
                0x0000000008006e60                FLASH_FlushCaches
 .text.HAL_FLASHEx_Erase
                0x0000000008006eb8       0xe4 Drivers/STM32L4xx_HAL_Driver/Src/stm32l4xx_hal_flash_ex.o
                0x0000000008006eb8                HAL_FLASHEx_Erase
 .text.HAL_GPIO_Init
                0x0000000008006f9c      0x18c Drivers/STM32L4xx_HAL_Driver/Src/stm32l4xx_hal_gpio.o
                0x0000000008006f9c                HAL_GPIO_Init
 .text.HAL_GPIO_DeInit
                0x0000000008007128       0xf4 Drivers/STM32L4xx_HAL_Driver/Src/stm32l4xx_hal_gpio.o
                0x0000000008007128                HAL_GPIO_DeInit
 .text.HAL_GPIO_ReadPin
                0x000000000800721c        0xc Drivers/STM32L4xx_HAL_Driver/Src/stm32l4xx_hal_gpio.o
                0x000000000800721c                HAL_GPIO_ReadPin
 .text.HAL_GPIO_WritePin
                0x0000000008007228        0xa Drivers/STM32L4xx_HAL_Driver/Src/stm32l4xx_hal_gpio.o
                0x0000000008007228                HAL_GPIO_WritePin
 .text.I2C_Flush_TXDR
                0x0000000008007232       0x1c Drivers/STM32L4xx_HAL_Driver/Src/stm32l4xx_hal_i2c.o
 *fill*         0x000000000800724e        0x2 
 .text.I2C_TransferConfig
                0x0000000008007250       0x28 Drivers/STM32L4xx_HAL_Driver/Src/stm32l4xx_hal_i2c.o
 .text.I2C_IsAcknowledgeFailed
                0x0000000008007278       0x7a Drivers/STM32L4xx_HAL_Driver/Src/stm32l4xx_hal_i2c.o
 .text.I2C_WaitOnSTOPFlagUntilTimeout
                0x00000000080072f2       0x4a Drivers/STM32L4xx_HAL_Driver/Src/stm32l4xx_hal_i2c.o
 .text.I2C_WaitOnFlagUntilTimeout
                0x000000000800733c       0x54 Drivers/STM32L4xx_HAL_Driver/Src/stm32l4xx_hal_i2c.o
 .text.I2C_WaitOnTXISFlagUntilTimeout
                0x0000000008007390       0x4e Drivers/STM32L4xx_HAL_Driver/Src/stm32l4xx_hal_i2c.o
 *fill*         0x00000000080073de        0x2 
 .text.I2C_RequestMemoryWrite
                0x00000000080073e0       0x6c Drivers/STM32L4xx_HAL_Driver/Src/stm32l4xx_hal_i2c.o
 .text.I2C_RequestMemoryRead
                0x000000000800744c       0x6c Drivers/STM32L4xx_HAL_Driver/Src/stm32l4xx_hal_i2c.o
 .text.HAL_I2C_Init
                0x00000000080074b8       0xa2 Drivers/STM32L4xx_HAL_Driver/Src/stm32l4xx_hal_i2c.o
                0x00000000080074b8                HAL_I2C_Init
 *fill*         0x000000000800755a        0x2 
 .text.HAL_I2C_Master_Transmit
                0x000000000800755c      0x12c Drivers/STM32L4xx_HAL_Driver/Src/stm32l4xx_hal_i2c.o
                0x000000000800755c                HAL_I2C_Master_Transmit
 .text.HAL_I2C_Mem_Write
                0x0000000008007688      0x16c Drivers/STM32L4xx_HAL_Driver/Src/stm32l4xx_hal_i2c.o
                0x0000000008007688                HAL_I2C_Mem_Write
 .text.HAL_I2C_Mem_Read
                0x00000000080077f4      0x178 Drivers/STM32L4xx_HAL_Driver/Src/stm32l4xx_hal_i2c.o
                0x00000000080077f4                HAL_I2C_Mem_Read
 .text.HAL_I2CEx_ConfigAnalogFilter
                0x000000000800796c       0x4c Drivers/STM32L4xx_HAL_Driver/Src/stm32l4xx_hal_i2c_ex.o
                0x000000000800796c                HAL_I2CEx_ConfigAnalogFilter
 .text.HAL_I2CEx_ConfigDigitalFilter
                0x00000000080079b8       0x4a Drivers/STM32L4xx_HAL_Driver/Src/stm32l4xx_hal_i2c_ex.o
                0x00000000080079b8                HAL_I2CEx_ConfigDigitalFilter
 .text.HAL_IWDG_Init
                0x0000000008007a02       0x4e Drivers/STM32L4xx_HAL_Driver/Src/stm32l4xx_hal_iwdg.o
                0x0000000008007a02                HAL_IWDG_Init
 .text.HAL_IWDG_Refresh
                0x0000000008007a50        0xc Drivers/STM32L4xx_HAL_Driver/Src/stm32l4xx_hal_iwdg.o
                0x0000000008007a50                HAL_IWDG_Refresh
 .text.HAL_PCD_Init
                0x0000000008007a5c       0xfe Drivers/STM32L4xx_HAL_Driver/Src/stm32l4xx_hal_pcd.o
                0x0000000008007a5c                HAL_PCD_Init
 .text.HAL_PCD_Start
                0x0000000008007b5a       0x2a Drivers/STM32L4xx_HAL_Driver/Src/stm32l4xx_hal_pcd.o
                0x0000000008007b5a                HAL_PCD_Start
 .text.HAL_PCD_Stop
                0x0000000008007b84       0x2a Drivers/STM32L4xx_HAL_Driver/Src/stm32l4xx_hal_pcd.o
                0x0000000008007b84                HAL_PCD_Stop
 .text.HAL_PCD_SetAddress
                0x0000000008007bae       0x28 Drivers/STM32L4xx_HAL_Driver/Src/stm32l4xx_hal_pcd.o
                0x0000000008007bae                HAL_PCD_SetAddress
 *fill*         0x0000000008007bd6        0x2 
 .text.HAL_PCD_IRQHandler
                0x0000000008007bd8      0x9bc Drivers/STM32L4xx_HAL_Driver/Src/stm32l4xx_hal_pcd.o
                0x0000000008007bd8                HAL_PCD_IRQHandler
 .text.HAL_PCD_EP_Open
                0x0000000008008594       0x64 Drivers/STM32L4xx_HAL_Driver/Src/stm32l4xx_hal_pcd.o
                0x0000000008008594                HAL_PCD_EP_Open
 .text.HAL_PCD_EP_Close
                0x00000000080085f8       0x52 Drivers/STM32L4xx_HAL_Driver/Src/stm32l4xx_hal_pcd.o
                0x00000000080085f8                HAL_PCD_EP_Close
 .text.HAL_PCD_EP_Receive
                0x000000000800864a       0x2c Drivers/STM32L4xx_HAL_Driver/Src/stm32l4xx_hal_pcd.o
                0x000000000800864a                HAL_PCD_EP_Receive
 .text.HAL_PCD_EP_GetRxCount
                0x0000000008008676       0x10 Drivers/STM32L4xx_HAL_Driver/Src/stm32l4xx_hal_pcd.o
                0x0000000008008676                HAL_PCD_EP_GetRxCount
 .text.HAL_PCD_EP_Transmit
                0x0000000008008686       0x3c Drivers/STM32L4xx_HAL_Driver/Src/stm32l4xx_hal_pcd.o
                0x0000000008008686                HAL_PCD_EP_Transmit
 .text.HAL_PCD_EP_SetStall
                0x00000000080086c2       0x6c Drivers/STM32L4xx_HAL_Driver/Src/stm32l4xx_hal_pcd.o
                0x00000000080086c2                HAL_PCD_EP_SetStall
 .text.HAL_PCD_EP_ClrStall
                0x000000000800872e       0x64 Drivers/STM32L4xx_HAL_Driver/Src/stm32l4xx_hal_pcd.o
                0x000000000800872e                HAL_PCD_EP_ClrStall
 .text.HAL_PCDEx_PMAConfig
                0x0000000008008792       0x34 Drivers/STM32L4xx_HAL_Driver/Src/stm32l4xx_hal_pcd_ex.o
                0x0000000008008792                HAL_PCDEx_PMAConfig
 .text.HAL_PCDEx_ActivateLPM
                0x00000000080087c6       0x2e Drivers/STM32L4xx_HAL_Driver/Src/stm32l4xx_hal_pcd_ex.o
                0x00000000080087c6                HAL_PCDEx_ActivateLPM
 .text.HAL_PWR_EnableBkUpAccess
                0x00000000080087f4       0x10 Drivers/STM32L4xx_HAL_Driver/Src/stm32l4xx_hal_pwr.o
                0x00000000080087f4                HAL_PWR_EnableBkUpAccess
 .text.HAL_PWREx_GetVoltageRange
                0x0000000008008804       0x10 Drivers/STM32L4xx_HAL_Driver/Src/stm32l4xx_hal_pwr_ex.o
                0x0000000008008804                HAL_PWREx_GetVoltageRange
 .text.HAL_PWREx_ControlVoltageScaling
                0x0000000008008814       0x6c Drivers/STM32L4xx_HAL_Driver/Src/stm32l4xx_hal_pwr_ex.o
                0x0000000008008814                HAL_PWREx_ControlVoltageScaling
 .text.HAL_PWREx_EnableVddUSB
                0x0000000008008880       0x10 Drivers/STM32L4xx_HAL_Driver/Src/stm32l4xx_hal_pwr_ex.o
                0x0000000008008880                HAL_PWREx_EnableVddUSB
 .text.RCC_SetFlashLatencyFromMSIRange
                0x0000000008008890       0x84 Drivers/STM32L4xx_HAL_Driver/Src/stm32l4xx_hal_rcc.o
 .text.HAL_RCC_DeInit
                0x0000000008008914       0xd8 Drivers/STM32L4xx_HAL_Driver/Src/stm32l4xx_hal_rcc.o
                0x0000000008008914                HAL_RCC_DeInit
 .text.HAL_RCC_GetSysClockFreq
                0x00000000080089ec       0x9c Drivers/STM32L4xx_HAL_Driver/Src/stm32l4xx_hal_rcc.o
                0x00000000080089ec                HAL_RCC_GetSysClockFreq
 .text.HAL_RCC_OscConfig
                0x0000000008008a88      0x554 Drivers/STM32L4xx_HAL_Driver/Src/stm32l4xx_hal_rcc.o
                0x0000000008008a88                HAL_RCC_OscConfig
 .text.HAL_RCC_ClockConfig
                0x0000000008008fdc      0x128 Drivers/STM32L4xx_HAL_Driver/Src/stm32l4xx_hal_rcc.o
                0x0000000008008fdc                HAL_RCC_ClockConfig
 .text.HAL_RCC_GetPCLK1Freq
                0x0000000008009104       0x24 Drivers/STM32L4xx_HAL_Driver/Src/stm32l4xx_hal_rcc.o
                0x0000000008009104                HAL_RCC_GetPCLK1Freq
 .text.HAL_RCC_GetPCLK2Freq
                0x0000000008009128       0x24 Drivers/STM32L4xx_HAL_Driver/Src/stm32l4xx_hal_rcc.o
                0x0000000008009128                HAL_RCC_GetPCLK2Freq
 .text.RCCEx_PLLSAI1_Config
                0x000000000800914c      0x114 Drivers/STM32L4xx_HAL_Driver/Src/stm32l4xx_hal_rcc_ex.o
 .text.HAL_RCCEx_PeriphCLKConfig
                0x0000000008009260      0x2ec Drivers/STM32L4xx_HAL_Driver/Src/stm32l4xx_hal_rcc_ex.o
                0x0000000008009260                HAL_RCCEx_PeriphCLKConfig
 .text.HAL_RCCEx_EnableMSIPLLMode
                0x000000000800954c       0x10 Drivers/STM32L4xx_HAL_Driver/Src/stm32l4xx_hal_rcc_ex.o
                0x000000000800954c                HAL_RCCEx_EnableMSIPLLMode
 .text.TIM_OC1_SetConfig
                0x000000000800955c       0x78 Drivers/STM32L4xx_HAL_Driver/Src/stm32l4xx_hal_tim.o
 .text.TIM_OC3_SetConfig
                0x00000000080095d4       0x70 Drivers/STM32L4xx_HAL_Driver/Src/stm32l4xx_hal_tim.o
 .text.TIM_OC4_SetConfig
                0x0000000008009644       0x58 Drivers/STM32L4xx_HAL_Driver/Src/stm32l4xx_hal_tim.o
 .text.TIM_OC5_SetConfig
                0x000000000800969c       0x58 Drivers/STM32L4xx_HAL_Driver/Src/stm32l4xx_hal_tim.o
 .text.TIM_OC6_SetConfig
                0x00000000080096f4       0x58 Drivers/STM32L4xx_HAL_Driver/Src/stm32l4xx_hal_tim.o
 .text.HAL_TIM_Base_Start_IT
                0x000000000800974c       0x54 Drivers/STM32L4xx_HAL_Driver/Src/stm32l4xx_hal_tim.o
                0x000000000800974c                HAL_TIM_Base_Start_IT
 .text.HAL_TIM_PWM_MspInit
                0x00000000080097a0        0x2 Drivers/STM32L4xx_HAL_Driver/Src/stm32l4xx_hal_tim.o
                0x00000000080097a0                HAL_TIM_PWM_MspInit
 .text.HAL_TIM_OC_DelayElapsedCallback
                0x00000000080097a2        0x2 Drivers/STM32L4xx_HAL_Driver/Src/stm32l4xx_hal_tim.o
                0x00000000080097a2                HAL_TIM_OC_DelayElapsedCallback
 .text.HAL_TIM_IC_CaptureCallback
                0x00000000080097a4        0x2 Drivers/STM32L4xx_HAL_Driver/Src/stm32l4xx_hal_tim.o
                0x00000000080097a4                HAL_TIM_IC_CaptureCallback
 .text.HAL_TIM_PWM_PulseFinishedCallback
                0x00000000080097a6        0x2 Drivers/STM32L4xx_HAL_Driver/Src/stm32l4xx_hal_tim.o
                0x00000000080097a6                HAL_TIM_PWM_PulseFinishedCallback
 .text.HAL_TIM_TriggerCallback
                0x00000000080097a8        0x2 Drivers/STM32L4xx_HAL_Driver/Src/stm32l4xx_hal_tim.o
                0x00000000080097a8                HAL_TIM_TriggerCallback
 .text.HAL_TIM_IRQHandler
                0x00000000080097aa      0x160 Drivers/STM32L4xx_HAL_Driver/Src/stm32l4xx_hal_tim.o
                0x00000000080097aa                HAL_TIM_IRQHandler
 *fill*         0x000000000800990a        0x2 
 .text.TIM_Base_SetConfig
                0x000000000800990c       0x74 Drivers/STM32L4xx_HAL_Driver/Src/stm32l4xx_hal_tim.o
                0x000000000800990c                TIM_Base_SetConfig
 .text.HAL_TIM_Base_Init
                0x0000000008009980       0x60 Drivers/STM32L4xx_HAL_Driver/Src/stm32l4xx_hal_tim.o
                0x0000000008009980                HAL_TIM_Base_Init
 .text.HAL_TIM_PWM_Init
                0x00000000080099e0       0x60 Drivers/STM32L4xx_HAL_Driver/Src/stm32l4xx_hal_tim.o
                0x00000000080099e0                HAL_TIM_PWM_Init
 .text.TIM_OC2_SetConfig
                0x0000000008009a40       0x70 Drivers/STM32L4xx_HAL_Driver/Src/stm32l4xx_hal_tim.o
                0x0000000008009a40                TIM_OC2_SetConfig
 .text.HAL_TIM_PWM_ConfigChannel
                0x0000000008009ab0      0x102 Drivers/STM32L4xx_HAL_Driver/Src/stm32l4xx_hal_tim.o
                0x0000000008009ab0                HAL_TIM_PWM_ConfigChannel
 .text.TIM_CCxChannelCmd
                0x0000000008009bb2       0x1c Drivers/STM32L4xx_HAL_Driver/Src/stm32l4xx_hal_tim.o
                0x0000000008009bb2                TIM_CCxChannelCmd
 *fill*         0x0000000008009bce        0x2 
 .text.HAL_TIM_OC_Start
                0x0000000008009bd0       0xe0 Drivers/STM32L4xx_HAL_Driver/Src/stm32l4xx_hal_tim.o
                0x0000000008009bd0                HAL_TIM_OC_Start
 .text.HAL_TIM_PWM_Start
                0x0000000008009cb0        0x4 Drivers/STM32L4xx_HAL_Driver/Src/stm32l4xx_hal_tim.o
                0x0000000008009cb0                HAL_TIM_PWM_Start
 .text.HAL_TIM_OC_Stop
                0x0000000008009cb4       0x9c Drivers/STM32L4xx_HAL_Driver/Src/stm32l4xx_hal_tim.o
                0x0000000008009cb4                HAL_TIM_OC_Stop
 .text.HAL_TIM_PWM_Stop
                0x0000000008009d50        0x4 Drivers/STM32L4xx_HAL_Driver/Src/stm32l4xx_hal_tim.o
                0x0000000008009d50                HAL_TIM_PWM_Stop
 .text.HAL_TIMEx_MasterConfigSynchronization
                0x0000000008009d54       0x64 Drivers/STM32L4xx_HAL_Driver/Src/stm32l4xx_hal_tim_ex.o
                0x0000000008009d54                HAL_TIMEx_MasterConfigSynchronization
 .text.HAL_TIMEx_ConfigBreakDeadTime
                0x0000000008009db8       0x7c Drivers/STM32L4xx_HAL_Driver/Src/stm32l4xx_hal_tim_ex.o
                0x0000000008009db8                HAL_TIMEx_ConfigBreakDeadTime
 .text.HAL_TIMEx_CommutCallback
                0x0000000008009e34        0x2 Drivers/STM32L4xx_HAL_Driver/Src/stm32l4xx_hal_tim_ex.o
                0x0000000008009e34                HAL_TIMEx_CommutCallback
 .text.HAL_TIMEx_BreakCallback
                0x0000000008009e36        0x2 Drivers/STM32L4xx_HAL_Driver/Src/stm32l4xx_hal_tim_ex.o
                0x0000000008009e36                HAL_TIMEx_BreakCallback
 .text.HAL_TIMEx_Break2Callback
                0x0000000008009e38        0x2 Drivers/STM32L4xx_HAL_Driver/Src/stm32l4xx_hal_tim_ex.o
                0x0000000008009e38                HAL_TIMEx_Break2Callback
 .text.UART_EndRxTransfer
                0x0000000008009e3a       0x2c Drivers/STM32L4xx_HAL_Driver/Src/stm32l4xx_hal_uart.o
 .text.UART_TxISR_8BIT
                0x0000000008009e66       0x3a Drivers/STM32L4xx_HAL_Driver/Src/stm32l4xx_hal_uart.o
 .text.UART_TxISR_16BIT
                0x0000000008009ea0       0x3e Drivers/STM32L4xx_HAL_Driver/Src/stm32l4xx_hal_uart.o
 *fill*         0x0000000008009ede        0x2 
 .text.HAL_UART_Transmit_IT
                0x0000000008009ee0       0x64 Drivers/STM32L4xx_HAL_Driver/Src/stm32l4xx_hal_uart.o
                0x0000000008009ee0                HAL_UART_Transmit_IT
 .text.HAL_UART_TxCpltCallback
                0x0000000008009f44        0x2 Drivers/STM32L4xx_HAL_Driver/Src/stm32l4xx_hal_uart.o
                0x0000000008009f44                HAL_UART_TxCpltCallback
 .text.HAL_UART_RxHalfCpltCallback
                0x0000000008009f46        0x2 Drivers/STM32L4xx_HAL_Driver/Src/stm32l4xx_hal_uart.o
                0x0000000008009f46                HAL_UART_RxHalfCpltCallback
 .text.HAL_UART_ErrorCallback
                0x0000000008009f48        0x2 Drivers/STM32L4xx_HAL_Driver/Src/stm32l4xx_hal_uart.o
                0x0000000008009f48                HAL_UART_ErrorCallback
 .text.UART_DMAError
                0x0000000008009f4a       0x4c Drivers/STM32L4xx_HAL_Driver/Src/stm32l4xx_hal_uart.o
 .text.UART_DMAAbortOnError
                0x0000000008009f96       0x14 Drivers/STM32L4xx_HAL_Driver/Src/stm32l4xx_hal_uart.o
 .text.HAL_UARTEx_RxEventCallback
                0x0000000008009faa        0x2 Drivers/STM32L4xx_HAL_Driver/Src/stm32l4xx_hal_uart.o
                0x0000000008009faa                HAL_UARTEx_RxEventCallback
 .text.HAL_UART_IRQHandler
                0x0000000008009fac      0x21c Drivers/STM32L4xx_HAL_Driver/Src/stm32l4xx_hal_uart.o
                0x0000000008009fac                HAL_UART_IRQHandler
 .text.UART_DMARxHalfCplt
                0x000000000800a1c8       0x1c Drivers/STM32L4xx_HAL_Driver/Src/stm32l4xx_hal_uart.o
 .text.UART_DMAReceiveCplt
                0x000000000800a1e4       0x56 Drivers/STM32L4xx_HAL_Driver/Src/stm32l4xx_hal_uart.o
 *fill*         0x000000000800a23a        0x2 
 .text.UART_SetConfig
                0x000000000800a23c      0x228 Drivers/STM32L4xx_HAL_Driver/Src/stm32l4xx_hal_uart.o
                0x000000000800a23c                UART_SetConfig
 .text.UART_AdvFeatureConfig
                0x000000000800a464       0xa8 Drivers/STM32L4xx_HAL_Driver/Src/stm32l4xx_hal_uart.o
                0x000000000800a464                UART_AdvFeatureConfig
 .text.UART_WaitOnFlagUntilTimeout
                0x000000000800a50c       0x8c Drivers/STM32L4xx_HAL_Driver/Src/stm32l4xx_hal_uart.o
                0x000000000800a50c                UART_WaitOnFlagUntilTimeout
 .text.HAL_UART_Transmit
                0x000000000800a598       0xb4 Drivers/STM32L4xx_HAL_Driver/Src/stm32l4xx_hal_uart.o
                0x000000000800a598                HAL_UART_Transmit
 .text.UART_CheckIdleState
                0x000000000800a64c       0x66 Drivers/STM32L4xx_HAL_Driver/Src/stm32l4xx_hal_uart.o
                0x000000000800a64c                UART_CheckIdleState
 .text.HAL_UART_Init
                0x000000000800a6b2       0x5c Drivers/STM32L4xx_HAL_Driver/Src/stm32l4xx_hal_uart.o
                0x000000000800a6b2                HAL_UART_Init
 *fill*         0x000000000800a70e        0x2 
 .text.UART_Start_Receive_DMA
                0x000000000800a710       0x78 Drivers/STM32L4xx_HAL_Driver/Src/stm32l4xx_hal_uart.o
                0x000000000800a710                UART_Start_Receive_DMA
 .text.HAL_UART_Receive_DMA
                0x000000000800a788       0x4c Drivers/STM32L4xx_HAL_Driver/Src/stm32l4xx_hal_uart.o
                0x000000000800a788                HAL_UART_Receive_DMA
 .text.HAL_UARTEx_WakeupCallback
                0x000000000800a7d4        0x2 Drivers/STM32L4xx_HAL_Driver/Src/stm32l4xx_hal_uart_ex.o
                0x000000000800a7d4                HAL_UARTEx_WakeupCallback
 .text.USB_CoreInit
                0x000000000800a7d6        0xe Drivers/STM32L4xx_HAL_Driver/Src/stm32l4xx_ll_usb.o
                0x000000000800a7d6                USB_CoreInit
 .text.USB_EnableGlobalInt
                0x000000000800a7e4       0x12 Drivers/STM32L4xx_HAL_Driver/Src/stm32l4xx_ll_usb.o
                0x000000000800a7e4                USB_EnableGlobalInt
 .text.USB_DisableGlobalInt
                0x000000000800a7f6       0x14 Drivers/STM32L4xx_HAL_Driver/Src/stm32l4xx_ll_usb.o
                0x000000000800a7f6                USB_DisableGlobalInt
 .text.USB_SetCurrentMode
                0x000000000800a80a        0x4 Drivers/STM32L4xx_HAL_Driver/Src/stm32l4xx_ll_usb.o
                0x000000000800a80a                USB_SetCurrentMode
 .text.USB_DevInit
                0x000000000800a80e       0x28 Drivers/STM32L4xx_HAL_Driver/Src/stm32l4xx_ll_usb.o
                0x000000000800a80e                USB_DevInit
 *fill*         0x000000000800a836        0x2 
 .text.USB_ActivateEndpoint
                0x000000000800a838      0x2b8 Drivers/STM32L4xx_HAL_Driver/Src/stm32l4xx_ll_usb.o
                0x000000000800a838                USB_ActivateEndpoint
 .text.USB_DeactivateEndpoint
                0x000000000800aaf0      0x1be Drivers/STM32L4xx_HAL_Driver/Src/stm32l4xx_ll_usb.o
                0x000000000800aaf0                USB_DeactivateEndpoint
 .text.USB_EPSetStall
                0x000000000800acae       0x40 Drivers/STM32L4xx_HAL_Driver/Src/stm32l4xx_ll_usb.o
                0x000000000800acae                USB_EPSetStall
 .text.USB_EPClearStall
                0x000000000800acee       0x96 Drivers/STM32L4xx_HAL_Driver/Src/stm32l4xx_ll_usb.o
                0x000000000800acee                USB_EPClearStall
 .text.USB_SetDevAddress
                0x000000000800ad84        0xc Drivers/STM32L4xx_HAL_Driver/Src/stm32l4xx_ll_usb.o
                0x000000000800ad84                USB_SetDevAddress
 .text.USB_DevConnect
                0x000000000800ad90       0x16 Drivers/STM32L4xx_HAL_Driver/Src/stm32l4xx_ll_usb.o
                0x000000000800ad90                USB_DevConnect
 .text.USB_DevDisconnect
                0x000000000800ada6       0x10 Drivers/STM32L4xx_HAL_Driver/Src/stm32l4xx_ll_usb.o
                0x000000000800ada6                USB_DevDisconnect
 .text.USB_ReadInterrupts
                0x000000000800adb6        0x8 Drivers/STM32L4xx_HAL_Driver/Src/stm32l4xx_ll_usb.o
                0x000000000800adb6                USB_ReadInterrupts
 .text.USB_EP0_OutStart
                0x000000000800adbe        0x4 Drivers/STM32L4xx_HAL_Driver/Src/stm32l4xx_ll_usb.o
                0x000000000800adbe                USB_EP0_OutStart
 .text.USB_WritePMA
                0x000000000800adc2       0x1e Drivers/STM32L4xx_HAL_Driver/Src/stm32l4xx_ll_usb.o
                0x000000000800adc2                USB_WritePMA
 .text.USB_EPStartXfer
                0x000000000800ade0      0x740 Drivers/STM32L4xx_HAL_Driver/Src/stm32l4xx_ll_usb.o
                0x000000000800ade0                USB_EPStartXfer
 .text.USB_ReadPMA
                0x000000000800b520       0x36 Drivers/STM32L4xx_HAL_Driver/Src/stm32l4xx_ll_usb.o
                0x000000000800b520                USB_ReadPMA
 *fill*         0x000000000800b556        0x2 
 .text.USBD_DFU_GetCfgDesc
                0x000000000800b558        0xc Middlewares/ST/STM32_USB_Device_Library/Class/DFU/Src/usbd_dfu.o
 .text.USBD_DFU_EP0_RxReady
                0x000000000800b564        0x4 Middlewares/ST/STM32_USB_Device_Library/Class/DFU/Src/usbd_dfu.o
 .text.USBD_DFU_GetDeviceQualifierDesc
                0x000000000800b568        0xc Middlewares/ST/STM32_USB_Device_Library/Class/DFU/Src/usbd_dfu.o
 .text.USBD_DFU_GetUsrStringDesc
                0x000000000800b574       0x20 Middlewares/ST/STM32_USB_Device_Library/Class/DFU/Src/usbd_dfu.o
 .text.USBD_DFU_EP0_TxReady
                0x000000000800b594      0x128 Middlewares/ST/STM32_USB_Device_Library/Class/DFU/Src/usbd_dfu.o
 .text.USBD_DFU_DeInit
                0x000000000800b6bc       0x3e Middlewares/ST/STM32_USB_Device_Library/Class/DFU/Src/usbd_dfu.o
 .text.USBD_DFU_Init
                0x000000000800b6fa       0x4c Middlewares/ST/STM32_USB_Device_Library/Class/DFU/Src/usbd_dfu.o
 *fill*         0x000000000800b746        0x2 
 .text.USBD_DFU_Setup
                0x000000000800b748      0x340 Middlewares/ST/STM32_USB_Device_Library/Class/DFU/Src/usbd_dfu.o
 .text.USBD_DFU_SOF
                0x000000000800ba88        0x4 Middlewares/ST/STM32_USB_Device_Library/Class/DFU/Src/usbd_dfu.o
 .text.USBD_DFU_RegisterMedia
                0x000000000800ba8c        0xe Middlewares/ST/STM32_USB_Device_Library/Class/DFU/Src/usbd_dfu.o
                0x000000000800ba8c                USBD_DFU_RegisterMedia
 .text.USBD_Init
                0x000000000800ba9a       0x26 Middlewares/ST/STM32_USB_Device_Library/Core/Src/usbd_core.o
                0x000000000800ba9a                USBD_Init
 .text.USBD_Init_CDC
                0x000000000800bac0       0x2c Middlewares/ST/STM32_USB_Device_Library/Core/Src/usbd_core.o
                0x000000000800bac0                USBD_Init_CDC
 .text.USBD_RegisterClass
                0x000000000800baec       0x2c Middlewares/ST/STM32_USB_Device_Library/Core/Src/usbd_core.o
                0x000000000800baec                USBD_RegisterClass
 .text.USBD_Start
                0x000000000800bb18        0x4 Middlewares/ST/STM32_USB_Device_Library/Core/Src/usbd_core.o
                0x000000000800bb18                USBD_Start
 .text.USBD_Stop
                0x000000000800bb1c       0x1a Middlewares/ST/STM32_USB_Device_Library/Core/Src/usbd_core.o
                0x000000000800bb1c                USBD_Stop
 .text.USBD_SetClassConfig
                0x000000000800bb36        0xe Middlewares/ST/STM32_USB_Device_Library/Core/Src/usbd_core.o
                0x000000000800bb36                USBD_SetClassConfig
 .text.USBD_ClrClassConfig
                0x000000000800bb44       0x10 Middlewares/ST/STM32_USB_Device_Library/Core/Src/usbd_core.o
                0x000000000800bb44                USBD_ClrClassConfig
 .text.USBD_LL_SetupStage
                0x000000000800bb54       0x60 Middlewares/ST/STM32_USB_Device_Library/Core/Src/usbd_core.o
                0x000000000800bb54                USBD_LL_SetupStage
 .text.USBD_LL_DataOutStage
                0x000000000800bbb4       0x60 Middlewares/ST/STM32_USB_Device_Library/Core/Src/usbd_core.o
                0x000000000800bbb4                USBD_LL_DataOutStage
 .text.USBD_LL_DataInStage
                0x000000000800bc14       0xa4 Middlewares/ST/STM32_USB_Device_Library/Core/Src/usbd_core.o
                0x000000000800bc14                USBD_LL_DataInStage
 .text.USBD_LL_Reset
                0x000000000800bcb8       0x58 Middlewares/ST/STM32_USB_Device_Library/Core/Src/usbd_core.o
                0x000000000800bcb8                USBD_LL_Reset
 .text.USBD_LL_SetSpeed
                0x000000000800bd10        0x6 Middlewares/ST/STM32_USB_Device_Library/Core/Src/usbd_core.o
                0x000000000800bd10                USBD_LL_SetSpeed
 .text.USBD_LL_Suspend
                0x000000000800bd16       0x14 Middlewares/ST/STM32_USB_Device_Library/Core/Src/usbd_core.o
                0x000000000800bd16                USBD_LL_Suspend
 .text.USBD_LL_Resume
                0x000000000800bd2a       0x16 Middlewares/ST/STM32_USB_Device_Library/Core/Src/usbd_core.o
                0x000000000800bd2a                USBD_LL_Resume
 .text.USBD_LL_SOF
                0x000000000800bd40       0x22 Middlewares/ST/STM32_USB_Device_Library/Core/Src/usbd_core.o
                0x000000000800bd40                USBD_LL_SOF
 .text.USBD_CtlError.constprop.0
                0x000000000800bd62       0x16 Middlewares/ST/STM32_USB_Device_Library/Core/Src/usbd_ctlreq.o
 .text.USBD_StdDevReq
                0x000000000800bd78      0x2a8 Middlewares/ST/STM32_USB_Device_Library/Core/Src/usbd_ctlreq.o
                0x000000000800bd78                USBD_StdDevReq
 .text.USBD_StdItfReq
                0x000000000800c020       0x4c Middlewares/ST/STM32_USB_Device_Library/Core/Src/usbd_ctlreq.o
                0x000000000800c020                USBD_StdItfReq
 .text.USBD_StdEPReq
                0x000000000800c06c      0x11e Middlewares/ST/STM32_USB_Device_Library/Core/Src/usbd_ctlreq.o
                0x000000000800c06c                USBD_StdEPReq
 .text.USBD_ParseSetupRequest
                0x000000000800c18a       0x28 Middlewares/ST/STM32_USB_Device_Library/Core/Src/usbd_ctlreq.o
                0x000000000800c18a                USBD_ParseSetupRequest
 .text.USBD_CtlError
                0x000000000800c1b2       0x16 Middlewares/ST/STM32_USB_Device_Library/Core/Src/usbd_ctlreq.o
                0x000000000800c1b2                USBD_CtlError
 .text.USBD_GetString
                0x000000000800c1c8       0x38 Middlewares/ST/STM32_USB_Device_Library/Core/Src/usbd_ctlreq.o
                0x000000000800c1c8                USBD_GetString
 .text.USBD_CtlSendData
                0x000000000800c200       0x1a Middlewares/ST/STM32_USB_Device_Library/Core/Src/usbd_ioreq.o
                0x000000000800c200                USBD_CtlSendData
 .text.USBD_CtlContinueSendData
                0x000000000800c21a       0x10 Middlewares/ST/STM32_USB_Device_Library/Core/Src/usbd_ioreq.o
                0x000000000800c21a                USBD_CtlContinueSendData
 .text.USBD_CtlPrepareRx
                0x000000000800c22a       0x1a Middlewares/ST/STM32_USB_Device_Library/Core/Src/usbd_ioreq.o
                0x000000000800c22a                USBD_CtlPrepareRx
 .text.USBD_CtlContinueRx
                0x000000000800c244       0x10 Middlewares/ST/STM32_USB_Device_Library/Core/Src/usbd_ioreq.o
                0x000000000800c244                USBD_CtlContinueRx
 .text.USBD_CtlSendStatus
                0x000000000800c254       0x16 Middlewares/ST/STM32_USB_Device_Library/Core/Src/usbd_ioreq.o
                0x000000000800c254                USBD_CtlSendStatus
 .text.USBD_CtlReceiveStatus
                0x000000000800c26a       0x16 Middlewares/ST/STM32_USB_Device_Library/Core/Src/usbd_ioreq.o
                0x000000000800c26a                USBD_CtlReceiveStatus
 .text.Hes_USB_Config_Mode
                0x000000000800c280       0x50 USB_DEVICE/App/usb_device.o
                0x000000000800c280                Hes_USB_Config_Mode
 .text.MX_USB_DEVICE_Init
                0x000000000800c2d0       0x50 USB_DEVICE/App/usb_device.o
                0x000000000800c2d0                MX_USB_DEVICE_Init
 .text.USB_DFU  0x000000000800c320        0x4 USB_DEVICE/App/usb_device.o
                0x000000000800c320                USB_DFU
 .text.USBD_FS_DeviceDescriptor_CDC
                0x000000000800c324        0xc USB_DEVICE/App/usbd_desc.o
                0x000000000800c324                USBD_FS_DeviceDescriptor_CDC
 .text.USBD_FS_DeviceDescriptor
                0x000000000800c330        0xc USB_DEVICE/App/usbd_desc.o
                0x000000000800c330                USBD_FS_DeviceDescriptor
 .text.USBD_FS_LangIDStrDescriptor
                0x000000000800c33c        0xc USB_DEVICE/App/usbd_desc.o
                0x000000000800c33c                USBD_FS_LangIDStrDescriptor
 .text.USBD_FS_USR_BOSDescriptor
                0x000000000800c348        0xc USB_DEVICE/App/usbd_desc.o
                0x000000000800c348                USBD_FS_USR_BOSDescriptor
 .text.IntToUnicode
                0x000000000800c354       0x2a USB_DEVICE/App/usbd_desc.o
 *fill*         0x000000000800c37e        0x2 
 .text.USBD_FS_SerialStrDescriptor
                0x000000000800c380       0x40 USB_DEVICE/App/usbd_desc.o
                0x000000000800c380                USBD_FS_SerialStrDescriptor
 .text.USBD_FS_ManufacturerStrDescriptor
                0x000000000800c3c0       0x1c USB_DEVICE/App/usbd_desc.o
                0x000000000800c3c0                USBD_FS_ManufacturerStrDescriptor
 .text.USBD_FS_ProductStrDescriptor_CDC
                0x000000000800c3dc       0x1c USB_DEVICE/App/usbd_desc.o
                0x000000000800c3dc                USBD_FS_ProductStrDescriptor_CDC
 .text.USBD_FS_ProductStrDescriptor
                0x000000000800c3f8       0x1c USB_DEVICE/App/usbd_desc.o
                0x000000000800c3f8                USBD_FS_ProductStrDescriptor
 .text.USBD_FS_ConfigStrDescriptor_CDC
                0x000000000800c414       0x1c USB_DEVICE/App/usbd_desc.o
                0x000000000800c414                USBD_FS_ConfigStrDescriptor_CDC
 .text.USBD_FS_ConfigStrDescriptor
                0x000000000800c430       0x1c USB_DEVICE/App/usbd_desc.o
                0x000000000800c430                USBD_FS_ConfigStrDescriptor
 .text.USBD_FS_InterfaceStrDescriptor_CDC
                0x000000000800c44c       0x1c USB_DEVICE/App/usbd_desc.o
                0x000000000800c44c                USBD_FS_InterfaceStrDescriptor_CDC
 .text.USBD_FS_InterfaceStrDescriptor
                0x000000000800c468       0x1c USB_DEVICE/App/usbd_desc.o
                0x000000000800c468                USBD_FS_InterfaceStrDescriptor
 .text.MEM_If_Init_FS
                0x000000000800c484        0x4 USB_DEVICE/App/usbd_dfu_if.o
 .text.MEM_If_Erase_FS
                0x000000000800c488        0x4 USB_DEVICE/App/usbd_dfu_if.o
 .text.MEM_If_Write_FS
                0x000000000800c48c        0x4 USB_DEVICE/App/usbd_dfu_if.o
 .text.MEM_If_Read_FS
                0x000000000800c490        0x4 USB_DEVICE/App/usbd_dfu_if.o
 .text.MEM_If_GetStatus_FS
                0x000000000800c494        0x4 USB_DEVICE/App/usbd_dfu_if.o
 .text.MEM_If_DeInit_FS
                0x000000000800c498        0x4 USB_DEVICE/App/usbd_dfu_if.o
 .text.HAL_PCD_MspInit
                0x000000000800c49c       0x40 USB_DEVICE/Target/usbd_conf.o
                0x000000000800c49c                HAL_PCD_MspInit
 .text.HAL_PCD_SetupStageCallback
                0x000000000800c4dc        0xc USB_DEVICE/Target/usbd_conf.o
                0x000000000800c4dc                HAL_PCD_SetupStageCallback
 .text.HAL_PCD_DataOutStageCallback
                0x000000000800c4e8       0x12 USB_DEVICE/Target/usbd_conf.o
                0x000000000800c4e8                HAL_PCD_DataOutStageCallback
 .text.HAL_PCD_DataInStageCallback
                0x000000000800c4fa       0x10 USB_DEVICE/Target/usbd_conf.o
                0x000000000800c4fa                HAL_PCD_DataInStageCallback
 .text.HAL_PCD_SOFCallback
                0x000000000800c50a        0x8 USB_DEVICE/Target/usbd_conf.o
                0x000000000800c50a                HAL_PCD_SOFCallback
 .text.HAL_PCD_ResetCallback
                0x000000000800c512       0x24 USB_DEVICE/Target/usbd_conf.o
                0x000000000800c512                HAL_PCD_ResetCallback
 *fill*         0x000000000800c536        0x2 
 .text.HAL_PCD_SuspendCallback
                0x000000000800c538       0x20 USB_DEVICE/Target/usbd_conf.o
                0x000000000800c538                HAL_PCD_SuspendCallback
 .text.HAL_PCD_ResumeCallback
                0x000000000800c558       0x28 USB_DEVICE/Target/usbd_conf.o
                0x000000000800c558                HAL_PCD_ResumeCallback
 .text.USBD_LL_Init
                0x000000000800c580       0x5c USB_DEVICE/Target/usbd_conf.o
                0x000000000800c580                USBD_LL_Init
 .text.USBD_LL_Init_CDC