Archive member included to satisfy reference by file (symbol)

c:/st/stm32cubeide_1.5.0/stm32cubeide/plugins/com.st.stm32cube.ide.mcu.externaltools.gnu-tools-for-stm32.9-2020-q2-update.win32_1.5.0.202011040924/tools/bin/../lib/gcc/arm-none-eabi/9.3.1/../../../../arm-none-eabi/lib/thumb/v7e-m+fp/hard\libc_nano.a(lib_a-atoi.o)
                              Core/Lib/hes_task.o (atoi)
c:/st/stm32cubeide_1.5.0/stm32cubeide/plugins/com.st.stm32cube.ide.mcu.externaltools.gnu-tools-for-stm32.9-2020-q2-update.win32_1.5.0.202011040924/tools/bin/../lib/gcc/arm-none-eabi/9.3.1/../../../../arm-none-eabi/lib/thumb/v7e-m+fp/hard\libc_nano.a(lib_a-errno.o)
                              Core/Src/syscalls.o (__errno)
c:/st/stm32cubeide_1.5.0/stm32cubeide/plugins/com.st.stm32cube.ide.mcu.externaltools.gnu-tools-for-stm32.9-2020-q2-update.win32_1.5.0.202011040924/tools/bin/../lib/gcc/arm-none-eabi/9.3.1/../../../../arm-none-eabi/lib/thumb/v7e-m+fp/hard\libc_nano.a(lib_a-exit.o)
                              c:/st/stm32cubeide_1.5.0/stm32cubeide/plugins/com.st.stm32cube.ide.mcu.externaltools.gnu-tools-for-stm32.9-2020-q2-update.win32_1.5.0.202011040924/tools/bin/../lib/gcc/arm-none-eabi/9.3.1/../../../../arm-none-eabi/lib/thumb/v7e-m+fp/hard/crt0.o (exit)
c:/st/stm32cubeide_1.5.0/stm32cubeide/plugins/com.st.stm32cube.ide.mcu.externaltools.gnu-tools-for-stm32.9-2020-q2-update.win32_1.5.0.202011040924/tools/bin/../lib/gcc/arm-none-eabi/9.3.1/../../../../arm-none-eabi/lib/thumb/v7e-m+fp/hard\libc_nano.a(lib_a-impure.o)
                              c:/st/stm32cubeide_1.5.0/stm32cubeide/plugins/com.st.stm32cube.ide.mcu.externaltools.gnu-tools-for-stm32.9-2020-q2-update.win32_1.5.0.202011040924/tools/bin/../lib/gcc/arm-none-eabi/9.3.1/../../../../arm-none-eabi/lib/thumb/v7e-m+fp/hard\libc_nano.a(lib_a-exit.o) (_global_impure_ptr)
c:/st/stm32cubeide_1.5.0/stm32cubeide/plugins/com.st.stm32cube.ide.mcu.externaltools.gnu-tools-for-stm32.9-2020-q2-update.win32_1.5.0.202011040924/tools/bin/../lib/gcc/arm-none-eabi/9.3.1/../../../../arm-none-eabi/lib/thumb/v7e-m+fp/hard\libc_nano.a(lib_a-init.o)
                              c:/st/stm32cubeide_1.5.0/stm32cubeide/plugins/com.st.stm32cube.ide.mcu.externaltools.gnu-tools-for-stm32.9-2020-q2-update.win32_1.5.0.202011040924/tools/bin/../lib/gcc/arm-none-eabi/9.3.1/../../../../arm-none-eabi/lib/thumb/v7e-m+fp/hard/crt0.o (__libc_init_array)
c:/st/stm32cubeide_1.5.0/stm32cubeide/plugins/com.st.stm32cube.ide.mcu.externaltools.gnu-tools-for-stm32.9-2020-q2-update.win32_1.5.0.202011040924/tools/bin/../lib/gcc/arm-none-eabi/9.3.1/../../../../arm-none-eabi/lib/thumb/v7e-m+fp/hard\libc_nano.a(lib_a-memcpy-stub.o)
                              Core/Lib/USB_CDC/usbd_cdc_if.o (memcpy)
c:/st/stm32cubeide_1.5.0/stm32cubeide/plugins/com.st.stm32cube.ide.mcu.externaltools.gnu-tools-for-stm32.9-2020-q2-update.win32_1.5.0.202011040924/tools/bin/../lib/gcc/arm-none-eabi/9.3.1/../../../../arm-none-eabi/lib/thumb/v7e-m+fp/hard\libc_nano.a(lib_a-memset.o)
                              c:/st/stm32cubeide_1.5.0/stm32cubeide/plugins/com.st.stm32cube.ide.mcu.externaltools.gnu-tools-for-stm32.9-2020-q2-update.win32_1.5.0.202011040924/tools/bin/../lib/gcc/arm-none-eabi/9.3.1/../../../../arm-none-eabi/lib/thumb/v7e-m+fp/hard/crt0.o (memset)
c:/st/stm32cubeide_1.5.0/stm32cubeide/plugins/com.st.stm32cube.ide.mcu.externaltools.gnu-tools-for-stm32.9-2020-q2-update.win32_1.5.0.202011040924/tools/bin/../lib/gcc/arm-none-eabi/9.3.1/../../../../arm-none-eabi/lib/thumb/v7e-m+fp/hard\libc_nano.a(lib_a-nano-vfprintf_float.o)
                              (_printf_float)
c:/st/stm32cubeide_1.5.0/stm32cubeide/plugins/com.st.stm32cube.ide.mcu.externaltools.gnu-tools-for-stm32.9-2020-q2-update.win32_1.5.0.202011040924/tools/bin/../lib/gcc/arm-none-eabi/9.3.1/../../../../arm-none-eabi/lib/thumb/v7e-m+fp/hard\libc_nano.a(lib_a-nano-vfprintf_i.o)
                              c:/st/stm32cubeide_1.5.0/stm32cubeide/plugins/com.st.stm32cube.ide.mcu.externaltools.gnu-tools-for-stm32.9-2020-q2-update.win32_1.5.0.202011040924/tools/bin/../lib/gcc/arm-none-eabi/9.3.1/../../../../arm-none-eabi/lib/thumb/v7e-m+fp/hard\libc_nano.a(lib_a-nano-vfprintf_float.o) (_printf_common)
c:/st/stm32cubeide_1.5.0/stm32cubeide/plugins/com.st.stm32cube.ide.mcu.externaltools.gnu-tools-for-stm32.9-2020-q2-update.win32_1.5.0.202011040924/tools/bin/../lib/gcc/arm-none-eabi/9.3.1/../../../../arm-none-eabi/lib/thumb/v7e-m+fp/hard\libc_nano.a(lib_a-putchar.o)
                              Core/Lib/u8g2/u8x8_d_stdio.o (putchar)
c:/st/stm32cubeide_1.5.0/stm32cubeide/plugins/com.st.stm32cube.ide.mcu.externaltools.gnu-tools-for-stm32.9-2020-q2-update.win32_1.5.0.202011040924/tools/bin/../lib/gcc/arm-none-eabi/9.3.1/../../../../arm-none-eabi/lib/thumb/v7e-m+fp/hard\libc_nano.a(lib_a-rand.o)
                              Core/Lib/hes_task.o (srand)
[...]
Memory Configuration

Name             Origin             Length             Attributes
RAM              0x0000000020000000 0x0000000000010000 xrw
FLASH            0x0000000008000000 0x0000000000040000 xr
*default*        0x0000000000000000 0xffffffffffffffff

Linker script and memory map

LOAD c:/st/stm32cubeide_1.5.0/stm32cubeide/plugins/com.st.stm32cube.ide.mcu.externaltools.gnu-tools-for-stm32.9-2020-q2-update.win32_1.5.0.202011040924/tools/bin/../lib/gcc/arm-none-eabi/9.3.1/thumb/v7e-m+fp/hard/crti.o
LOAD c:/st/stm32cubeide_1.5.0/stm32cubeide/plugins/com.st.stm32cube.ide.mcu.externaltools.gnu-tools-for-stm32.9-2020-q2-update.win32_1.5.0.202011040924/tools/bin/../lib/gcc/arm-none-eabi/9.3.1/thumb/v7e-m+fp/hard/crtbegin.o
LOAD c:/st/stm32cubeide_1.5.0/stm32cubeide/plugins/com.st.stm32cube.ide.mcu.externaltools.gnu-tools-for-stm32.9-2020-q2-update.win32_1.5.0.202011040924/tools/bin/../lib/gcc/arm-none-eabi/9.3.1/../../../../arm-none-eabi/lib/thumb/v7e-m+fp/hard/crt0.o
LOAD Core/Lib/USB_CDC/usbd_cdc.o
LOAD Core/Lib/USB_CDC/usbd_cdc_if.o
LOAD Core/Lib/dco_display.o
LOAD Core/Lib/eeprom_emul.o
LOAD Core/Lib/eeprom_flash.o
LOAD Core/Lib/flash_interface.o
LOAD Core/Lib/hes_adc_CartreGaz.o
LOAD Core/Lib/hes_bms.o
LOAD Core/Lib/hes_buzvib.o
LOAD Core/Lib/hes_charger.o
LOAD Core/Lib/hes_ee.o
LOAD Core/Lib/hes_fall.o
LOAD Core/Lib/hes_fct.o
LOAD Core/Lib/hes_fct_screen.o
LOAD Core/Lib/hes_filt.o
LOAD Core/Lib/hes_fonts.o
LOAD Core/Lib/hes_gpio_h3.o
LOAD Core/Lib/hes_gps.o
LOAD Core/Lib/hes_imu.o
LOAD Core/Lib/hes_led.o
LOAD Core/Lib/hes_powersave.o
LOAD Core/Lib/hes_screen.o
LOAD Core/Lib/hes_sequencer.o
LOAD Core/Lib/hes_sigfoxlora.o
LOAD Core/Lib/hes_task.o
LOAD Core/Lib/hes_uart_CarteGaz.o
LOAD Core/Lib/hes_uint82bitint.o
LOAD Core/Lib/lis2dh12_reg.o
LOAD Core/Lib/u8g2/u8g2_bitmap.o
LOAD Core/Lib/u8g2/u8g2_box.o
LOAD Core/Lib/u8g2/u8g2_buffer.o
LOAD Core/Lib/u8g2/u8g2_circle.o
LOAD Core/Lib/u8g2/u8g2_cleardisplay.o
LOAD Core/Lib/u8g2/u8g2_d_memory.o
LOAD Core/Lib/u8g2/u8g2_d_setup.o
LOAD Core/Lib/u8g2/u8g2_font.o
LOAD Core/Lib/u8g2/u8g2_fonts.o
LOAD Core/Lib/u8g2/u8g2_hvline.o
LOAD Core/Lib/u8g2/u8g2_input_value.o
LOAD Core/Lib/u8g2/u8g2_intersection.o
LOAD Core/Lib/u8g2/u8g2_kerning.o
LOAD Core/Lib/u8g2/u8g2_line.o
LOAD Core/Lib/u8g2/u8g2_ll_hvline.o
LOAD Core/Lib/u8g2/u8g2_message.o
LOAD Core/Lib/u8g2/u8g2_polygon.o
LOAD Core/Lib/u8g2/u8g2_selection_list.o
LOAD Core/Lib/u8g2/u8g2_setup.o
LOAD Core/Lib/u8g2/u8log.o
LOAD Core/Lib/u8g2/u8log_u8g2.o
LOAD Core/Lib/u8g2/u8log_u8x8.o
LOAD Core/Lib/u8g2/u8x8_8x8.o
LOAD Core/Lib/u8g2/u8x8_byte.o
LOAD Core/Lib/u8g2/u8x8_cad.o
LOAD Core/Lib/u8g2/u8x8_capture.o
LOAD Core/Lib/u8g2/u8x8_d_a2printer.o
LOAD Core/Lib/u8g2/u8x8_d_il3820_296x128.o
LOAD Core/Lib/u8g2/u8x8_d_ist3020.o
LOAD Core/Lib/u8g2/u8x8_d_ist7920.o
LOAD Core/Lib/u8g2/u8x8_d_ks0108.o
LOAD Core/Lib/u8g2/u8x8_d_lc7981.o
LOAD Core/Lib/u8g2/u8x8_d_ld7032_60x32.o
LOAD Core/Lib/u8g2/u8x8_d_ls013b7dh03.o
LOAD Core/Lib/u8g2/u8x8_d_max7219.o
LOAD Core/Lib/u8g2/u8x8_d_pcd8544_84x48.o
LOAD Core/Lib/u8g2/u8x8_d_pcf8812.o
LOAD Core/Lib/u8g2/u8x8_d_pcf8814_hx1230.o
LOAD Core/Lib/u8g2/u8x8_d_sbn1661.o
LOAD Core/Lib/u8g2/u8x8_d_sed1330.o
LOAD Core/Lib/u8g2/u8x8_d_sh1106_64x32.o
LOAD Core/Lib/u8g2/u8x8_d_sh1106_72x40.o
LOAD Core/Lib/u8g2/u8x8_d_sh1107.o
LOAD Core/Lib/u8g2/u8x8_d_sh1108.o
LOAD Core/Lib/u8g2/u8x8_d_sh1122.o
LOAD Core/Lib/u8g2/u8x8_d_ssd1305.o
LOAD Core/Lib/u8g2/u8x8_d_ssd1306_128x32.o
LOAD Core/Lib/u8g2/u8x8_d_ssd1306_128x64_noname.o
LOAD Core/Lib/u8g2/u8x8_d_ssd1306_48x64.o
LOAD Core/Lib/u8g2/u8x8_d_ssd1306_64x32.o
LOAD Core/Lib/u8g2/u8x8_d_ssd1306_64x48.o
LOAD Core/Lib/u8g2/u8x8_d_ssd1306_96x16.o
LOAD Core/Lib/u8g2/u8x8_d_ssd1309.o
LOAD Core/Lib/u8g2/u8x8_d_ssd1316.o
LOAD Core/Lib/u8g2/u8x8_d_ssd1317.o
LOAD Core/Lib/u8g2/u8x8_d_ssd1318.o
LOAD Core/Lib/u8g2/u8x8_d_ssd1322.o
LOAD Core/Lib/u8g2/u8x8_d_ssd1325.o
LOAD Core/Lib/u8g2/u8x8_d_ssd1326.o
LOAD Core/Lib/u8g2/u8x8_d_ssd1327.o
LOAD Core/Lib/u8g2/u8x8_d_ssd1329.o
LOAD Core/Lib/u8g2/u8x8_d_ssd1606_172x72.o
LOAD Core/Lib/u8g2/u8x8_d_ssd1607_200x200.o
LOAD Core/Lib/u8g2/u8x8_d_st7511.o
LOAD Core/Lib/u8g2/u8x8_d_st75256.o
LOAD Core/Lib/u8g2/u8x8_d_st7528.o
LOAD Core/Lib/u8g2/u8x8_d_st75320.o
LOAD Core/Lib/u8g2/u8x8_d_st7565.o
LOAD Core/Lib/u8g2/u8x8_d_st7567.o
LOAD Core/Lib/u8g2/u8x8_d_st7586s_erc240160.o
LOAD Core/Lib/u8g2/u8x8_d_st7586s_s028hn118a.o
LOAD Core/Lib/u8g2/u8x8_d_st7588.o
LOAD Core/Lib/u8g2/u8x8_d_st7920.o
LOAD Core/Lib/u8g2/u8x8_d_stdio.o
LOAD Core/Lib/u8g2/u8x8_d_t6963.o
LOAD Core/Lib/u8g2/u8x8_d_uc1601.o
LOAD Core/Lib/u8g2/u8x8_d_uc1604.o
LOAD Core/Lib/u8g2/u8x8_d_uc1608.o
LOAD Core/Lib/u8g2/u8x8_d_uc1610.o
LOAD Core/Lib/u8g2/u8x8_d_uc1611.o
LOAD Core/Lib/u8g2/u8x8_d_uc1617.o
LOAD Core/Lib/u8g2/u8x8_d_uc1638.o
LOAD Core/Lib/u8g2/u8x8_d_uc1701_dogs102.o
LOAD Core/Lib/u8g2/u8x8_d_uc1701_mini12864.o
LOAD Core/Lib/u8g2/u8x8_debounce.o
LOAD Core/Lib/u8g2/u8x8_display.o
LOAD Core/Lib/u8g2/u8x8_fonts.o
LOAD Core/Lib/u8g2/u8x8_gpio.o
LOAD Core/Lib/u8g2/u8x8_input_value.o
LOAD Core/Lib/u8g2/u8x8_message.o
LOAD Core/Lib/u8g2/u8x8_selection_list.o
LOAD Core/Lib/u8g2/u8x8_setup.o
LOAD Core/Lib/u8g2/u8x8_string.o
LOAD Core/Lib/u8g2/u8x8_u16toa.o
LOAD Core/Lib/u8g2/u8x8_u8toa.o
LOAD Core/Src/adc.o
LOAD Core/Src/dma.o
LOAD Core/Src/gpio.o
LOAD Core/Src/i2c.o
LOAD Core/Src/iwdg.o
LOAD Core/Src/main.o
LOAD Core/Src/stm32l4xx_hal_msp.o
LOAD Core/Src/stm32l4xx_it.o
LOAD Core/Src/syscalls.o
LOAD Core/Src/sysmem.o
LOAD Core/Src/system_stm32l4xx.o
LOAD Core/Src/tim.o
LOAD Core/Src/usart.o
LOAD Core/Startup/startup_stm32l433ccux.o
LOAD Drivers/STM32L4xx_HAL_Driver/Src/stm32l4xx_hal.o
LOAD Drivers/STM32L4xx_HAL_Driver/Src/stm32l4xx_hal_adc.o
LOAD Drivers/STM32L4xx_HAL_Driver/Src/stm32l4xx_hal_adc_ex.o
LOAD Drivers/STM32L4xx_HAL_Driver/Src/stm32l4xx_hal_cortex.o
LOAD Drivers/STM32L4xx_HAL_Driver/Src/stm32l4xx_hal_dma.o
LOAD Drivers/STM32L4xx_HAL_Driver/Src/stm32l4xx_hal_dma_ex.o
LOAD Drivers/STM32L4xx_HAL_Driver/Src/stm32l4xx_hal_exti.o
LOAD Drivers/STM32L4xx_HAL_Driver/Src/stm32l4xx_hal_flash.o
LOAD Drivers/STM32L4xx_HAL_Driver/Src/stm32l4xx_hal_flash_ex.o
LOAD Drivers/STM32L4xx_HAL_Driver/Src/stm32l4xx_hal_flash_ramfunc.o
LOAD Drivers/STM32L4xx_HAL_Driver/Src/stm32l4xx_hal_gpio.o
LOAD Drivers/STM32L4xx_HAL_Driver/Src/stm32l4xx_hal_i2c.o
LOAD Drivers/STM32L4xx_HAL_Driver/Src/stm32l4xx_hal_i2c_ex.o
LOAD Drivers/STM32L4xx_HAL_Driver/Src/stm32l4xx_hal_iwdg.o
LOAD Drivers/STM32L4xx_HAL_Driver/Src/stm32l4xx_hal_pcd.o
LOAD Drivers/STM32L4xx_HAL_Driver/Src/stm32l4xx_hal_pcd_ex.o
LOAD Drivers/STM32L4xx_HAL_Driver/Src/stm32l4xx_hal_pwr.o
LOAD Drivers/STM32L4xx_HAL_Driver/Src/stm32l4xx_hal_pwr_ex.o
LOAD Drivers/STM32L4xx_HAL_Driver/Src/stm32l4xx_hal_rcc.o
LOAD Drivers/STM32L4xx_HAL_Driver/Src/stm32l4xx_hal_rcc_ex.o
LOAD Drivers/STM32L4xx_HAL_Driver/Src/stm32l4xx_hal_tim.o
LOAD Drivers/STM32L4xx_HAL_Driver/Src/stm32l4xx_hal_tim_ex.o
LOAD Drivers/STM32L4xx_HAL_Driver/Src/stm32l4xx_hal_uart.o
LOAD Drivers/STM32L4xx_HAL_Driver/Src/stm32l4xx_hal_uart_ex.o
LOAD Drivers/STM32L4xx_HAL_Driver/Src/stm32l4xx_ll_usb.o
LOAD Middlewares/ST/STM32_USB_Device_Library/Class/DFU/Src/usbd_dfu.o
LOAD Middlewares/ST/STM32_USB_Device_Library/Core/Src/usbd_core.o
LOAD Middlewares/ST/STM32_USB_Device_Library/Core/Src/usbd_ctlreq.o
LOAD Middlewares/ST/STM32_USB_Device_Library/Core/Src/usbd_ioreq.o
LOAD USB_DEVICE/App/usb_device.o
LOAD USB_DEVICE/App/usbd_desc.o
LOAD USB_DEVICE/App/usbd_dfu_if.o
LOAD USB_DEVICE/Target/usbd_conf.o
START GROUP
LOAD c:/st/stm32cubeide_1.5.0/stm32cubeide/plugins/com.st.stm32cube.ide.mcu.externaltools.gnu-tools-for-stm32.9-2020-q2-update.win32_1.5.0.202011040924/tools/bin/../lib/gcc/arm-none-eabi/9.3.1/../../../../arm-none-eabi/lib/thumb/v7e-m+fp/hard\libc_nano.a
LOAD c:/st/stm32cubeide_1.5.0/stm32cubeide/plugins/com.st.stm32cube.ide.mcu.externaltools.gnu-tools-for-stm32.9-2020-q2-update.win32_1.5.0.202011040924/tools/bin/../lib/gcc/arm-none-eabi/9.3.1/../../../../arm-none-eabi/lib/thumb/v7e-m+fp/hard\libm.a
END GROUP
START GROUP
LOAD c:/st/stm32cubeide_1.5.0/stm32cubeide/plugins/com.st.stm32cube.ide.mcu.externaltools.gnu-tools-for-stm32.9-2020-q2-update.win32_1.5.0.202011040924/tools/bin/../lib/gcc/arm-none-eabi/9.3.1/thumb/v7e-m+fp/hard\libgcc.a
LOAD c:/st/stm32cubeide_1.5.0/stm32cubeide/plugins/com.st.stm32cube.ide.mcu.externaltools.gnu-tools-for-stm32.9-2020-q2-update.win32_1.5.0.202011040924/tools/bin/../lib/gcc/arm-none-eabi/9.3.1/../../../../arm-none-eabi/lib/thumb/v7e-m+fp/hard\libc_nano.a
END GROUP
START GROUP
LOAD c:/st/stm32cubeide_1.5.0/stm32cubeide/plugins/com.st.stm32cube.ide.mcu.externaltools.gnu-tools-for-stm32.9-2020-q2-update.win32_1.5.0.202011040924/tools/bin/../lib/gcc/arm-none-eabi/9.3.1/thumb/v7e-m+fp/hard\libgcc.a
LOAD c:/st/stm32cubeide_1.5.0/stm32cubeide/plugins/com.st.stm32cube.ide.mcu.externaltools.gnu-tools-for-stm32.9-2020-q2-update.win32_1.5.0.202011040924/tools/bin/../lib/gcc/arm-none-eabi/9.3.1/../../../../arm-none-eabi/lib/thumb/v7e-m+fp/hard\libc_nano.a
LOAD c:/st/stm32cubeide_1.5.0/stm32cubeide/plugins/com.st.stm32cube.ide.mcu.externaltools.gnu-tools-for-stm32.9-2020-q2-update.win32_1.5.0.202011040924/tools/bin/../lib/gcc/arm-none-eabi/9.3.1/../../../../arm-none-eabi/lib/thumb/v7e-m+fp/hard\libnosys.a
END GROUP
START GROUP
LOAD c:/st/stm32cubeide_1.5.0/stm32cubeide/plugins/com.st.stm32cube.ide.mcu.externaltools.gnu-tools-for-stm32.9-2020-q2-update.win32_1.5.0.202011040924/tools/bin/../lib/gcc/arm-none-eabi/9.3.1/thumb/v7e-m+fp/hard\libgcc.a
LOAD c:/st/stm32cubeide_1.5.0/stm32cubeide/plugins/com.st.stm32cube.ide.mcu.externaltools.gnu-tools-for-stm32.9-2020-q2-update.win32_1.5.0.202011040924/tools/bin/../lib/gcc/arm-none-eabi/9.3.1/../../../../arm-none-eabi/lib/thumb/v7e-m+fp/hard\libc_nano.a
LOAD c:/st/stm32cubeide_1.5.0/stm32cubeide/plugins/com.st.stm32cube.ide.mcu.externaltools.gnu-tools-for-stm32.9-2020-q2-update.win32_1.5.0.202011040924/tools/bin/../lib/gcc/arm-none-eabi/9.3.1/../../../../arm-none-eabi/lib/thumb/v7e-m+fp/hard\libnosys.a
END GROUP
LOAD c:/st/stm32cubeide_1.5.0/stm32cubeide/plugins/com.st.stm32cube.ide.mcu.externaltools.gnu-tools-for-stm32.9-2020-q2-update.win32_1.5.0.202011040924/tools/bin/../lib/gcc/arm-none-eabi/9.3.1/thumb/v7e-m+fp/hard/crtend.o
LOAD c:/st/stm32cubeide_1.5.0/stm32cubeide/plugins/com.st.stm32cube.ide.mcu.externaltools.gnu-tools-for-stm32.9-2020-q2-update.win32_1.5.0.202011040924/tools/bin/../lib/gcc/arm-none-eabi/9.3.1/thumb/v7e-m+fp/hard/crtn.o
                0x0000000020010000                _estack = (ORIGIN (RAM) + LENGTH (RAM))
                0x0000000000000800                _Min_Heap_Size = 0x800
                0x0000000000000800                _Min_Stack_Size = 0x800

.isr_vector     0x0000000008000000      0x18c
                0x0000000008000000                . = ALIGN (0x4)
 *(.isr_vector)
 .isr_vector    0x0000000008000000      0x18c Core/Startup/startup_stm32l433ccux.o
                0x0000000008000000                g_pfnVectors
                0x000000000800018c                . = ALIGN (0x4)

.text           0x0000000008000190    0x1aeec
                0x0000000008000190                . = ALIGN (0x4)
 *(.text)
 .text          0x0000000008000190       0x40 c:/st/stm32cubeide_1.5.0/stm32cubeide/plugins/com.st.stm32cube.ide.mcu.externaltools.gnu-tools-for-stm32.9-2020-q2-update.win32_1.5.0.202011040924/tools/bin/../lib/gcc/arm-none-eabi/9.3.1/thumb/v7e-m+fp/hard/crtbegin.o
 .text          0x00000000080001d0       0x10 c:/st/stm32cubeide_1.5.0/stm32cubeide/plugins/com.st.stm32cube.ide.mcu.externaltools.gnu-tools-for-stm32.9-2020-q2-update.win32_1.5.0.202011040924/tools/bin/../lib/gcc/arm-none-eabi/9.3.1/../../../../arm-none-eabi/lib/thumb/v7e-m+fp/hard\libc_nano.a(lib_a-strlen.o)
                0x00000000080001d0                strlen
 .text          0x00000000080001e0       0xa0 c:/st/stm32cubeide_1.5.0/stm32cubeide/plugins/com.st.stm32cube.ide.mcu.externaltools.gnu-tools-for-stm32.9-2020-q2-update.win32_1.5.0.202011040924/tools/bin/../lib/gcc/arm-none-eabi/9.3.1/../../../../arm-none-eabi/lib/thumb/v7e-m+fp/hard\libc_nano.a(lib_a-memchr.o)
                0x00000000080001e0                memchr
 .text          0x0000000008000280      0x378 c:/st/stm32cubeide_1.5.0/stm32cubeide/plugins/com.st.stm32cube.ide.mcu.externaltools.gnu-tools-for-stm32.9-2020-q2-update.win32_1.5.0.202011040924/tools/bin/../lib/gcc/arm-none-eabi/9.3.1/thumb/v7e-m+fp/hard\libgcc.a(_arm_addsubdf3.o)
                0x0000000008000280                __aeabi_drsub
                0x0000000008000288                __subdf3
                0x0000000008000288                __aeabi_dsub
                0x000000000800028c                __aeabi_dadd
                0x000000000800028c                __adddf3
                0x0000000008000504                __floatunsidf
                0x0000000008000504                __aeabi_ui2d
                0x0000000008000524                __aeabi_i2d
                0x0000000008000524                __floatsidf
                0x0000000008000548                __extendsfdf2
                0x0000000008000548                __aeabi_f2d
                0x000000000800058c                __floatundidf
                0x000000000800058c                __aeabi_ul2d
                0x000000000800059c                __aeabi_l2d
                0x000000000800059c                __floatdidf
 .text          0x00000000080005f8      0x424 c:/st/stm32cubeide_1.5.0/stm32cubeide/plugins/com.st.stm32cube.ide.mcu.externaltools.gnu-tools-for-stm32.9-2020-q2-update.win32_1.5.0.202011040924/tools/bin/../lib/gcc/arm-none-eabi/9.3.1/thumb/v7e-m+fp/hard\libgcc.a(_arm_muldivdf3.o)
                0x00000000080005f8                __aeabi_dmul
                0x00000000080005f8                __muldf3
                0x000000000800084c                __divdf3
                0x000000000800084c                __aeabi_ddiv
 .text          0x0000000008000a1c      0x110 c:/st/stm32cubeide_1.5.0/stm32cubeide/plugins/com.st.stm32cube.ide.mcu.externaltools.gnu-tools-for-stm32.9-2020-q2-update.win32_1.5.0.202011040924/tools/bin/../lib/gcc/arm-none-eabi/9.3.1/thumb/v7e-m+fp/hard\libgcc.a(_arm_cmpdf2.o)
                0x0000000008000a1c                __gtdf2
                0x0000000008000a1c                __gedf2
                0x0000000008000a24                __ltdf2
                0x0000000008000a24                __ledf2
                0x0000000008000a2c                __nedf2
                0x0000000008000a2c                __cmpdf2
                0x0000000008000a2c                __eqdf2
                0x0000000008000aa8                __aeabi_cdrcmple
                0x0000000008000ab8                __aeabi_cdcmple
                0x0000000008000ab8                __aeabi_cdcmpeq
                0x0000000008000ac8                __aeabi_dcmpeq
                0x0000000008000adc                __aeabi_dcmplt
                0x0000000008000af0                __aeabi_dcmple
                0x0000000008000b04                __aeabi_dcmpge
                0x0000000008000b18                __aeabi_dcmpgt
 .text          0x0000000008000b2c       0x2c c:/st/stm32cubeide_1.5.0/stm32cubeide/plugins/com.st.stm32cube.ide.mcu.externaltools.gnu-tools-for-stm32.9-2020-q2-update.win32_1.5.0.202011040924/tools/bin/../lib/gcc/arm-none-eabi/9.3.1/thumb/v7e-m+fp/hard\libgcc.a(_arm_unorddf2.o)
                0x0000000008000b2c                __unorddf2
                0x0000000008000b2c                __aeabi_dcmpun
 .text          0x0000000008000b58       0x50 c:/st/stm32cubeide_1.5.0/stm32cubeide/plugins/com.st.stm32cube.ide.mcu.externaltools.gnu-tools-for-stm32.9-2020-q2-update.win32_1.5.0.202011040924/tools/bin/../lib/gcc/arm-none-eabi/9.3.1/thumb/v7e-m+fp/hard\libgcc.a(_arm_fixdfsi.o)
                0x0000000008000b58                __fixdfsi
                0x0000000008000b58                __aeabi_d2iz
 .text          0x0000000008000ba8       0x40 c:/st/stm32cubeide_1.5.0/stm32cubeide/plugins/com.st.stm32cube.ide.mcu.externaltools.gnu-tools-for-stm32.9-2020-q2-update.win32_1.5.0.202011040924/tools/bin/../lib/gcc/arm-none-eabi/9.3.1/thumb/v7e-m+fp/hard\libgcc.a(_arm_fixunsdfsi.o)
                0x0000000008000ba8                __fixunsdfsi
                0x0000000008000ba8                __aeabi_d2uiz
 .text          0x0000000008000be8       0xa0 c:/st/stm32cubeide_1.5.0/stm32cubeide/plugins/com.st.stm32cube.ide.mcu.externaltools.gnu-tools-for-stm32.9-2020-q2-update.win32_1.5.0.202011040924/tools/bin/../lib/gcc/arm-none-eabi/9.3.1/thumb/v7e-m+fp/hard\libgcc.a(_arm_truncdfsf2.o)
                0x0000000008000be8                __truncdfsf2
                0x0000000008000be8                __aeabi_d2f
 .text          0x0000000008000c88       0x30 c:/st/stm32cubeide_1.5.0/stm32cubeide/plugins/com.st.stm32cube.ide.mcu.externaltools.gnu-tools-for-stm32.9-2020-q2-update.win32_1.5.0.202011040924/tools/bin/../lib/gcc/arm-none-eabi/9.3.1/thumb/v7e-m+fp/hard\libgcc.a(_aeabi_uldivmod.o)
                0x0000000008000c88                __aeabi_uldivmod
 .text          0x0000000008000cb8      0x2c4 c:/st/stm32cubeide_1.5.0/stm32cubeide/plugins/com.st.stm32cube.ide.mcu.externaltools.gnu-tools-for-stm32.9-2020-q2-update.win32_1.5.0.202011040924/tools/bin/../lib/gcc/arm-none-eabi/9.3.1/thumb/v7e-m+fp/hard\libgcc.a(_udivmoddi4.o)
                0x0000000008000cb8                __udivmoddi4
 .text          0x0000000008000f7c        0x4 c:/st/stm32cubeide_1.5.0/stm32cubeide/plugins/com.st.stm32cube.ide.mcu.externaltools.gnu-tools-for-stm32.9-2020-q2-update.win32_1.5.0.202011040924/tools/bin/../lib/gcc/arm-none-eabi/9.3.1/thumb/v7e-m+fp/hard\libgcc.a(_dvmd_tls.o)
                0x0000000008000f7c                __aeabi_idiv0
                0x0000000008000f7c                __aeabi_ldiv0
 *(.text*)
 .text.USBD_CDC_Init
                0x0000000008000f80       0xfe Core/Lib/USB_CDC/usbd_cdc.o
 .text.USBD_CDC_DeInit
                0x000000000800107e       0x74 Core/Lib/USB_CDC/usbd_cdc.o
 *fill*         0x00000000080010f2        0x2 
 .text.USBD_CDC_Setup
                0x00000000080010f4      0x190 Core/Lib/USB_CDC/usbd_cdc.o
 .text.USBD_CDC_DataIn
                0x0000000008001284       0xca Core/Lib/USB_CDC/usbd_cdc.o
 .text.USBD_CDC_DataOut
                0x000000000800134e       0x56 Core/Lib/USB_CDC/usbd_cdc.o
 .text.USBD_CDC_EP0_RxReady
                0x00000000080013a4       0x5a Core/Lib/USB_CDC/usbd_cdc.o
 *fill*         0x00000000080013fe        0x2 
 .text.USBD_CDC_GetFSCfgDesc
                0x0000000008001400       0x20 Core/Lib/USB_CDC/usbd_cdc.o
 .text.USBD_CDC_GetHSCfgDesc
                0x0000000008001420       0x20 Core/Lib/USB_CDC/usbd_cdc.o
 .text.USBD_CDC_GetOtherSpeedCfgDesc
                0x0000000008001440       0x20 Core/Lib/USB_CDC/usbd_cdc.o
 .text.USBD_CDC_GetDeviceQualifierDescriptor
                0x0000000008001460       0x20 Core/Lib/USB_CDC/usbd_cdc.o
                0x0000000008001460                USBD_CDC_GetDeviceQualifierDescriptor
 .text.USBD_CDC_RegisterInterface
                0x0000000008001480       0x2a Core/Lib/USB_CDC/usbd_cdc.o
                0x0000000008001480                USBD_CDC_RegisterInterface
 .text.USBD_CDC_SetTxBuffer
                0x00000000080014aa       0x3c Core/Lib/USB_CDC/usbd_cdc.o
                0x00000000080014aa                USBD_CDC_SetTxBuffer
 .text.USBD_CDC_SetRxBuffer
                0x00000000080014e6       0x32 Core/Lib/USB_CDC/usbd_cdc.o
                0x00000000080014e6                USBD_CDC_SetRxBuffer
 .text.USBD_CDC_TransmitPacket
                0x0000000008001518       0x60 Core/Lib/USB_CDC/usbd_cdc.o
                0x0000000008001518                USBD_CDC_TransmitPacket
 .text.USBD_CDC_ReceivePacket
                0x0000000008001578       0x54 Core/Lib/USB_CDC/usbd_cdc.o
                0x0000000008001578                USBD_CDC_ReceivePacket
 .text.CDC_Init_FS
                0x00000000080015cc       0x28 Core/Lib/USB_CDC/usbd_cdc_if.o
 .text.CDC_DeInit_FS
                0x00000000080015f4       0x10 Core/Lib/USB_CDC/usbd_cdc_if.o
 .text.CDC_Control_FS
                0x0000000008001604       0xbc Core/Lib/USB_CDC/usbd_cdc_if.o
 .text.CDC_Receive_FS
                0x00000000080016c0       0x54 Core/Lib/USB_CDC/usbd_cdc_if.o
                0x00000000080016c0                CDC_Receive_FS
 .text.CDC_Transmit_FS
                0x0000000008001714       0x4c Core/Lib/USB_CDC/usbd_cdc_if.o
                0x0000000008001714                CDC_Transmit_FS
 .text.CDC_TransmitCplt_FS
                0x0000000008001760       0x22 Core/Lib/USB_CDC/usbd_cdc_if.o
 *fill*         0x0000000008001782        0x2 
 .text.display_Init
                0x0000000008001784       0x54 Core/Lib/dco_display.o
                0x0000000008001784                display_Init
 .text.display_InitBis
                0x00000000080017d8       0x38 Core/Lib/dco_display.o
                0x00000000080017d8                display_InitBis
 .text.display_dco
                0x0000000008001810      0x348 Core/Lib/dco_display.o
                0x0000000008001810                display_dco
 .text.display_GPS_status
                0x0000000008001b58      0x184 Core/Lib/dco_display.o
                0x0000000008001b58                display_GPS_status
 .text.display_Chargement_perso
                0x0000000008001cdc       0x64 Core/Lib/dco_display.o
                0x0000000008001cdc                display_Chargement_perso
 .text.display_AlerteDanger
                0x0000000008001d40      0x22c Core/Lib/dco_display.o
                0x0000000008001d40                display_AlerteDanger
 .text.display_SendMess
                0x0000000008001f6c       0x68 Core/Lib/dco_display.o
                0x0000000008001f6c                display_SendMess
 .text.display_Alerte
                0x0000000008001fd4      0x26c Core/Lib/dco_display.o
                0x0000000008001fd4                display_Alerte
 .text.display_wait
                0x0000000008002240      0x2a4 Core/Lib/dco_display.o
                0x0000000008002240                display_wait
 .text.display_Print
                0x00000000080024e4       0x40 Core/Lib/dco_display.o
                0x00000000080024e4                display_Print
 .text.u8x8_byte_hw_i2c
                0x0000000008002524       0xc0 Core/Lib/dco_display.o
                0x0000000008002524                u8x8_byte_hw_i2c
 .text.u8x8_gpio_and_delay
                0x00000000080025e4      0x104 Core/Lib/dco_display.o
                0x00000000080025e4                u8x8_gpio_and_delay
 .text.display_BatteryLvl
                0x00000000080026e8      0x118 Core/Lib/dco_display.o
                0x00000000080026e8                display_BatteryLvl
 .text.PowerBuzVib
                0x0000000008002800       0x2a Core/Lib/hes_buzvib.o
                0x0000000008002800                PowerBuzVib
 .text.PowerVib
                0x000000000800282a       0x22 Core/Lib/hes_buzvib.o
                0x000000000800282a                PowerVib
 .text.chargerRead
                0x000000000800284c       0x74 Core/Lib/hes_charger.o
                0x000000000800284c                chargerRead
 .text.ReadBat  0x00000000080028c0      0x2c0 Core/Lib/hes_charger.o
                0x00000000080028c0                ReadBat
 .text.ee_init  0x0000000008002b80       0x16 Core/Lib/hes_ee.o
                0x0000000008002b80                ee_init
 *fill*         0x0000000008002b96        0x2 
 .text.ee_format
                0x0000000008002b98       0x74 Core/Lib/hes_ee.o
                0x0000000008002b98                ee_format
 .text.ee_read  0x0000000008002c0c       0x84 Core/Lib/hes_ee.o
                0x0000000008002c0c                ee_read
 .text.ee_write
                0x0000000008002c90      0x1ae Core/Lib/hes_ee.o
                0x0000000008002c90                ee_write
 *fill*         0x0000000008002e3e        0x2 
 .text.ee_writeToRam
                0x0000000008002e40       0x44 Core/Lib/hes_ee.o
                0x0000000008002e40                ee_writeToRam
 .text.ee_commit
                0x0000000008002e84       0x30 Core/Lib/hes_ee.o
                0x0000000008002e84                ee_commit
 .text.mean     0x0000000008002eb4       0x68 Core/Lib/hes_fall.o
                0x0000000008002eb4                mean
 .text.test_chute
                0x0000000008002f1c       0xd6 Core/Lib/hes_fall.o
                0x0000000008002f1c                test_chute
 .text.LedChargeIndic
                0x0000000008002ff2       0xa8 Core/Lib/hes_fct.o
                0x0000000008002ff2                LedChargeIndic
 .text.TaskAlertAcc
                0x000000000800309a       0x7e Core/Lib/hes_fct.o
                0x000000000800309a                TaskAlertAcc
 .text.bootloader
                0x0000000008003118       0x3e Core/Lib/hes_fct.o
                0x0000000008003118                bootloader
 *fill*         0x0000000008003156        0x2 
 .text.default_value
                0x0000000008003158      0x174 Core/Lib/hes_fct.o
                0x0000000008003158                default_value
 .text.Load_configuration_value
                0x00000000080032cc       0xec Core/Lib/hes_fct.o
                0x00000000080032cc                Load_configuration_value
 .text.OuChaIsel
                0x00000000080033b8       0x30 Core/Lib/hes_gpio_h3.o
                0x00000000080033b8                OuChaIsel
 .text.OutDone1
                0x00000000080033e8       0x30 Core/Lib/hes_gpio_h3.o
                0x00000000080033e8                OutDone1
 .text.OutDone2
                0x0000000008003418       0x30 Core/Lib/hes_gpio_h3.o
                0x0000000008003418                OutDone2
 .text.OutDwmRst
                0x0000000008003448       0x34 Core/Lib/hes_gpio_h3.o
                0x0000000008003448                OutDwmRst
 .text.OutDwmWu
                0x000000000800347c       0x34 Core/Lib/hes_gpio_h3.o
                0x000000000800347c                OutDwmWu
 .text.OutOledWu
                0x00000000080034b0       0x34 Core/Lib/hes_gpio_h3.o
                0x00000000080034b0                OutOledWu
 .text.OutLoraWu
                0x00000000080034e4       0x30 Core/Lib/hes_gpio_h3.o
                0x00000000080034e4                OutLoraWu
 .text.OutGpsRst
                0x0000000008003514       0x30 Core/Lib/hes_gpio_h3.o
                0x0000000008003514                OutGpsRst
 .text.OutLedWu
                0x0000000008003544       0x30 Core/Lib/hes_gpio_h3.o
                0x0000000008003544                OutLedWu
 .text.OutMotorWu
                0x0000000008003574       0x30 Core/Lib/hes_gpio_h3.o
                0x0000000008003574                OutMotorWu
 .text.OutOledRst
                0x00000000080035a4       0x34 Core/Lib/hes_gpio_h3.o
                0x00000000080035a4                OutOledRst
 .text.InOn     0x00000000080035d8       0x2c Core/Lib/hes_gpio_h3.o
                0x00000000080035d8                InOn
 .text.InSOS    0x0000000008003604       0x2c Core/Lib/hes_gpio_h3.o
                0x0000000008003604                InSOS
 .text.OutBuzOn
                0x0000000008003630       0x14 Core/Lib/hes_gpio_h3.o
                0x0000000008003630                OutBuzOn
 .text.OutBuzOff
                0x0000000008003644       0x14 Core/Lib/hes_gpio_h3.o
                0x0000000008003644                OutBuzOff
 .text.GpsStop  0x0000000008003658       0x64 Core/Lib/hes_gps.o
                0x0000000008003658                GpsStop
 .text.CheckSum
                0x00000000080036bc       0x66 Core/Lib/hes_gps.o
                0x00000000080036bc                CheckSum
 *fill*         0x0000000008003722        0x2 
 .text.GpsStart
                0x0000000008003724      0x1c4 Core/Lib/hes_gps.o
                0x0000000008003724                GpsStart
 .text.Init_IMU
                0x00000000080038e8       0x4c Core/Lib/hes_imu.o
                0x00000000080038e8                Init_IMU
 .text.Measure_IMU
                0x0000000008003934      0x104 Core/Lib/hes_imu.o
                0x0000000008003934                Measure_IMU
 .text.imuMsr2floatG_y_bit_res16bit
                0x0000000008003a38      0x130 Core/Lib/hes_imu.o
                0x0000000008003a38                imuMsr2floatG_y_bit_res16bit
 .text.LedOff   0x0000000008003b68       0x7c Core/Lib/hes_led.o
                0x0000000008003b68                LedOff
 .text.LedOn    0x0000000008003be4       0x94 Core/Lib/hes_led.o
                0x0000000008003be4                LedOn
 .text.PowerSave
                0x0000000008003c78       0x34 Core/Lib/hes_powersave.o
                0x0000000008003c78                PowerSave
 .text.ScreenOn
                0x0000000008003cac       0x2c Core/Lib/hes_screen.o
                0x0000000008003cac                ScreenOn
 .text.ScreenOff
                0x0000000008003cd8       0x14 Core/Lib/hes_screen.o
                0x0000000008003cd8                ScreenOff
 .text.InitTaskState
                0x0000000008003cec       0x3c Core/Lib/hes_sequencer.o
                0x0000000008003cec                InitTaskState
 .text.TaskState
                0x0000000008003d28       0x9c Core/Lib/hes_sequencer.o
                0x0000000008003d28                TaskState
 .text.WakeUpNemeusLS
                0x0000000008003dc4       0x1a Core/Lib/hes_sigfoxlora.o
                0x0000000008003dc4                WakeUpNemeusLS
 *fill*         0x0000000008003dde        0x2 
 .text.RebootNemeusLS
                0x0000000008003de0       0x3c Core/Lib/hes_sigfoxlora.o
                0x0000000008003de0                RebootNemeusLS
 .text.LoraWanOn
                0x0000000008003e1c        0xe Core/Lib/hes_sigfoxlora.o
                0x0000000008003e1c                LoraWanOn
 .text.SendOnLora
                0x0000000008003e2a        0xe Core/Lib/hes_sigfoxlora.o
                0x0000000008003e2a                SendOnLora
 .text.SendMessLoraWan
                0x0000000008003e38       0x14 Core/Lib/hes_sigfoxlora.o
                0x0000000008003e38                SendMessLoraWan
 .text.SigfoxOn
                0x0000000008003e4c       0x38 Core/Lib/hes_sigfoxlora.o
                0x0000000008003e4c                SigfoxOn
 .text.SendMessSigfox
                0x0000000008003e84       0x64 Core/Lib/hes_sigfoxlora.o
                0x0000000008003e84                SendMessSigfox
 .text.SendOnMessSigfox
                0x0000000008003ee8       0x64 Core/Lib/hes_sigfoxlora.o
                0x0000000008003ee8                SendOnMessSigfox
 .text.BuildMessGPS
                0x0000000008003f4c      0x3ec Core/Lib/hes_sigfoxlora.o
                0x0000000008003f4c                BuildMessGPS
 .text.SendMess
                0x0000000008004338       0x3c Core/Lib/hes_sigfoxlora.o
                0x0000000008004338                SendMess
 .text.decimal2hexa
                0x0000000008004374       0x64 Core/Lib/hes_sigfoxlora.o
                0x0000000008004374                decimal2hexa
 .text.TaskBigScreen
                0x00000000080043d8       0xc8 Core/Lib/hes_task.o
                0x00000000080043d8                TaskBigScreen
 .text.TaskLedBlinking
                0x00000000080044a0       0x88 Core/Lib/hes_task.o
                0x00000000080044a0                TaskLedBlinking
 .text.TaskUpdateUpperLed
                0x0000000008004528      0x190 Core/Lib/hes_task.o
                0x0000000008004528                TaskUpdateUpperLed
 .text.TaskCharger
                0x00000000080046b8       0x52 Core/Lib/hes_task.o
                0x00000000080046b8                TaskCharger
 .text.TaskReadBat
                0x000000000800470a       0x26 Core/Lib/hes_task.o
                0x000000000800470a                TaskReadBat
 .text.TaskExtButton
                0x0000000008004730      0x2b4 Core/Lib/hes_task.o
                0x0000000008004730                TaskExtButton
 .text.TaskFallTest
                0x00000000080049e4       0xfc Core/Lib/hes_task.o
                0x00000000080049e4                TaskFallTest
 .text.TaskAlertAll
                0x0000000008004ae0      0x440 Core/Lib/hes_task.o
                0x0000000008004ae0                TaskAlertAll
 .text.TaskOnScreen
                0x0000000008004f20       0x74 Core/Lib/hes_task.o
                0x0000000008004f20                TaskOnScreen
 *fill*         0x0000000008004f94        0x4 
 .text.TaskGPS  0x0000000008004f98      0x534 Core/Lib/hes_task.o
                0x0000000008004f98                TaskGPS
 .text.TaskSendSigfox
                0x00000000080054cc       0xc4 Core/Lib/hes_task.o
                0x00000000080054cc                TaskSendSigfox
 .text.TaskSendDUAL
                0x0000000008005590      0x11c Core/Lib/hes_task.o
                0x0000000008005590                TaskSendDUAL
 .text.TaskButtonManager
                0x00000000080056ac      0x194 Core/Lib/hes_task.o
                0x00000000080056ac                TaskButtonManager
 .text.TaskAlertManager
                0x0000000008005840      0x1ac Core/Lib/hes_task.o
                0x0000000008005840                TaskAlertManager
 .text.TaskFallManager
                0x00000000080059ec      0x260 Core/Lib/hes_task.o
                0x00000000080059ec                TaskFallManager
 .text.Task_Read_Nemeus
                0x0000000008005c4c      0x514 Core/Lib/hes_task.o
                0x0000000008005c4c                Task_Read_Nemeus
 .text.Battery_Charger_Management
                0x0000000008006160      0x2cc Core/Lib/hes_task.o
                0x0000000008006160                Battery_Charger_Management
 .text.GPS_Management
                0x000000000800642c       0xf0 Core/Lib/hes_task.o
                0x000000000800642c                GPS_Management
 .text.Task_USB_Configuration
                0x000000000800651c      0x670 Core/Lib/hes_task.o
                0x000000000800651c                Task_USB_Configuration
 *fill*         0x0000000008006b8c        0x4 
 .text.Task_Gaz
                0x0000000008006b90      0x3cc Core/Lib/hes_task.o
                0x0000000008006b90                Task_Gaz
 .text.u8g2_DrawHXBM
                0x0000000008006f5c       0xdc Core/Lib/u8g2/u8g2_bitmap.o
                0x0000000008006f5c                u8g2_DrawHXBM
 .text.u8g2_DrawXBM
                0x0000000008007038       0x86 Core/Lib/u8g2/u8g2_bitmap.o
                0x0000000008007038                u8g2_DrawXBM
 .text.u8g2_ClearBuffer
                0x00000000080070be       0x3c Core/Lib/u8g2/u8g2_buffer.o
                0x00000000080070be                u8g2_ClearBuffer
 .text.u8g2_send_tile_row
                0x00000000080070fa       0x56 Core/Lib/u8g2/u8g2_buffer.o
 .text.u8g2_send_buffer
                0x0000000008007150       0x54 Core/Lib/u8g2/u8g2_buffer.o
 .text.u8g2_SetBufferCurrTileRow
                0x00000000080071a4       0x30 Core/Lib/u8g2/u8g2_buffer.o
                0x00000000080071a4                u8g2_SetBufferCurrTileRow
 .text.u8g2_FirstPage
                0x00000000080071d4       0x28 Core/Lib/u8g2/u8g2_buffer.o
                0x00000000080071d4                u8g2_FirstPage
 .text.u8g2_NextPage
                0x00000000080071fc       0x5c Core/Lib/u8g2/u8g2_buffer.o
                0x00000000080071fc                u8g2_NextPage
 .text.u8g2_ClearDisplay
                0x0000000008007258       0x2a Core/Lib/u8g2/u8g2_cleardisplay.o
                0x0000000008007258                u8g2_ClearDisplay
 *fill*         0x0000000008007282        0x2 
 .text.u8g2_m_16_4_1
                0x0000000008007284       0x20 Core/Lib/u8g2/u8g2_d_memory.o
                0x0000000008007284                u8g2_m_16_4_1
 .text.u8g2_Setup_ssd1306_i2c_128x32_univision_1
                0x00000000080072a4       0x50 Core/Lib/u8g2/u8g2_d_setup.o
                0x00000000080072a4                u8g2_Setup_ssd1306_i2c_128x32_univision_1
 .text.u8g2_font_get_byte
                0x00000000080072f4       0x24 Core/Lib/u8g2/u8g2_font.o
 .text.u8g2_font_get_word
                0x0000000008007318       0x40 Core/Lib/u8g2/u8g2_font.o
 .text.u8g2_read_font_info
                0x0000000008007358      0x152 Core/Lib/u8g2/u8g2_font.o
                0x0000000008007358                u8g2_read_font_info
 .text.u8g2_font_decode_get_unsigned_bits
                0x00000000080074aa       0x96 Core/Lib/u8g2/u8g2_font.o
                0x00000000080074aa                u8g2_font_decode_get_unsigned_bits
 .text.u8g2_font_decode_get_signed_bits
                0x0000000008007540       0x46 Core/Lib/u8g2/u8g2_font.o
                0x0000000008007540                u8g2_font_decode_get_signed_bits
 .text.u8g2_add_vector_y
                0x0000000008007586       0x66 Core/Lib/u8g2/u8g2_font.o
 .text.u8g2_add_vector_x
                0x00000000080075ec       0x66 Core/Lib/u8g2/u8g2_font.o
 .text.u8g2_font_decode_len
                0x0000000008007652      0x10c Core/Lib/u8g2/u8g2_font.o
                0x0000000008007652                u8g2_font_decode_len
 .text.u8g2_font_setup_decode
                0x000000000800775e       0x6e Core/Lib/u8g2/u8g2_font.o
 .text.u8g2_font_decode_glyph
                0x00000000080077cc      0x20c Core/Lib/u8g2/u8g2_font.o
                0x00000000080077cc                u8g2_font_decode_glyph
 .text.u8g2_font_get_glyph_data
                0x00000000080079d8      0x100 Core/Lib/u8g2/u8g2_font.o
                0x00000000080079d8                u8g2_font_get_glyph_data
 .text.u8g2_font_draw_glyph
                0x0000000008007ad8       0x56 Core/Lib/u8g2/u8g2_font.o
 *fill*         0x0000000008007b2e        0x2 
 .text.u8g2_DrawGlyph
                0x0000000008007b30       0xa4 Core/Lib/u8g2/u8g2_font.o
                0x0000000008007b30                u8g2_DrawGlyph
 .text.u8g2_draw_string
                0x0000000008007bd4       0xb8 Core/Lib/u8g2/u8g2_font.o
 .text.u8g2_DrawStr
                0x0000000008007c8c       0x34 Core/Lib/u8g2/u8g2_font.o
                0x0000000008007c8c                u8g2_DrawStr
 .text.u8g2_UpdateRefHeight
                0x0000000008007cc0       0xd8 Core/Lib/u8g2/u8g2_font.o
                0x0000000008007cc0                u8g2_UpdateRefHeight
 .text.u8g2_font_calc_vref_font
                0x0000000008007d98       0x16 Core/Lib/u8g2/u8g2_font.o
                0x0000000008007d98                u8g2_font_calc_vref_font
 *fill*         0x0000000008007dae        0x2 
 .text.u8g2_SetFontPosBaseline
                0x0000000008007db0       0x20 Core/Lib/u8g2/u8g2_font.o
                0x0000000008007db0                u8g2_SetFontPosBaseline
 .text.u8g2_SetFont
                0x0000000008007dd0       0x34 Core/Lib/u8g2/u8g2_font.o
                0x0000000008007dd0                u8g2_SetFont
 .text.u8g2_clip_intersection2
                0x0000000008007e04       0x9c Core/Lib/u8g2/u8g2_hvline.o
 .text.u8g2_draw_hv_line_2dir
                0x0000000008007ea0       0x42 Core/Lib/u8g2/u8g2_hvline.o
                0x0000000008007ea0                u8g2_draw_hv_line_2dir
 .text.u8g2_DrawHVLine
                0x0000000008007ee2      0x106 Core/Lib/u8g2/u8g2_hvline.o
                0x0000000008007ee2                u8g2_DrawHVLine
 .text.u8g2_is_intersection_decision_tree
                0x0000000008007fe8       0x66 Core/Lib/u8g2/u8g2_intersection.o
                0x0000000008007fe8                u8g2_is_intersection_decision_tree
 .text.u8g2_IsIntersection
                0x000000000800804e       0x56 Core/Lib/u8g2/u8g2_intersection.o
                0x000000000800804e                u8g2_IsIntersection
 .text.u8g2_ll_hvline_vertical_top_lsb
                0x00000000080080a4      0x142 Core/Lib/u8g2/u8g2_ll_hvline.o
                0x00000000080080a4                u8g2_ll_hvline_vertical_top_lsb
 .text.u8g2_SetMaxClipWindow
                0x00000000080081e6       0x3a Core/Lib/u8g2/u8g2_setup.o
                0x00000000080081e6                u8g2_SetMaxClipWindow
 .text.u8g2_SetupBuffer
                0x0000000008008220       0x7e Core/Lib/u8g2/u8g2_setup.o
                0x0000000008008220                u8g2_SetupBuffer
 .text.u8g2_update_dimension_common
                0x000000000800829e       0xe4 Core/Lib/u8g2/u8g2_setup.o
 .text.u8g2_apply_clip_window
                0x0000000008008382       0xba Core/Lib/u8g2/u8g2_setup.o
 .text.u8g2_update_dimension_r0
                0x000000000800843c       0x16 Core/Lib/u8g2/u8g2_setup.o
                0x000000000800843c                u8g2_update_dimension_r0
 .text.u8g2_update_page_win_r0
                0x0000000008008452       0x42 Core/Lib/u8g2/u8g2_setup.o
                0x0000000008008452                u8g2_update_page_win_r0
 .text.u8g2_draw_l90_r0
                0x0000000008008494       0x34 Core/Lib/u8g2/u8g2_setup.o
                0x0000000008008494                u8g2_draw_l90_r0
 .text.u8x8_utf8_init
                0x00000000080084c8       0x1c Core/Lib/u8g2/u8x8_8x8.o
                0x00000000080084c8                u8x8_utf8_init
 .text.u8x8_ascii_next
                0x00000000080084e4       0x2e Core/Lib/u8g2/u8x8_8x8.o
                0x00000000080084e4                u8x8_ascii_next
 .text.u8x8_byte_SendBytes
                0x0000000008008512       0x26 Core/Lib/u8g2/u8x8_byte.o
                0x0000000008008512                u8x8_byte_SendBytes
 .text.u8x8_byte_SendByte
                0x0000000008008538       0x22 Core/Lib/u8g2/u8x8_byte.o
                0x0000000008008538                u8x8_byte_SendByte
 .text.u8x8_byte_StartTransfer
                0x000000000800855a       0x20 Core/Lib/u8g2/u8x8_byte.o
                0x000000000800855a                u8x8_byte_StartTransfer
 .text.u8x8_byte_EndTransfer
                0x000000000800857a       0x20 Core/Lib/u8g2/u8x8_byte.o
                0x000000000800857a                u8x8_byte_EndTransfer
 .text.u8x8_cad_SendCmd
                0x000000000800859a       0x24 Core/Lib/u8g2/u8x8_cad.o
                0x000000000800859a                u8x8_cad_SendCmd
 .text.u8x8_cad_SendArg
                0x00000000080085be       0x24 Core/Lib/u8g2/u8x8_cad.o
                0x00000000080085be                u8x8_cad_SendArg
 .text.u8x8_cad_SendData
                0x00000000080085e2       0x26 Core/Lib/u8g2/u8x8_cad.o
                0x00000000080085e2                u8x8_cad_SendData
 .text.u8x8_cad_StartTransfer
                0x0000000008008608       0x20 Core/Lib/u8g2/u8x8_cad.o
                0x0000000008008608                u8x8_cad_StartTransfer
 .text.u8x8_cad_EndTransfer
                0x0000000008008628       0x20 Core/Lib/u8g2/u8x8_cad.o
                0x0000000008008628                u8x8_cad_EndTransfer
 .text.u8x8_cad_SendSequence
                0x0000000008008648       0xa4 Core/Lib/u8g2/u8x8_cad.o
                0x0000000008008648                u8x8_cad_SendSequence
 .text.u8x8_i2c_data_transfer
                0x00000000080086ec       0x38 Core/Lib/u8g2/u8x8_cad.o
 .text.u8x8_cad_ssd13xx_fast_i2c
                0x0000000008008724      0x10c Core/Lib/u8g2/u8x8_cad.o
                0x0000000008008724                u8x8_cad_ssd13xx_fast_i2c
 .text.u8x8_d_ssd1306_128x32_generic
                0x0000000008008830      0x160 Core/Lib/u8g2/u8x8_d_ssd1306_128x32.o
 .text.u8x8_d_ssd1306_128x32_univision
                0x0000000008008990       0x40 Core/Lib/u8g2/u8x8_d_ssd1306_128x32.o
                0x0000000008008990                u8x8_d_ssd1306_128x32_univision
 .text.u8x8_d_helper_display_setup_memory
                0x00000000080089d0       0x28 Core/Lib/u8g2/u8x8_display.o
                0x00000000080089d0                u8x8_d_helper_display_setup_memory
 .text.u8x8_d_helper_display_init
                0x00000000080089f8       0x7a Core/Lib/u8g2/u8x8_display.o
                0x00000000080089f8                u8x8_d_helper_display_init
 .text.u8x8_DrawTile
                0x0000000008008a72       0x44 Core/Lib/u8g2/u8x8_display.o
                0x0000000008008a72                u8x8_DrawTile
 .text.u8x8_SetupMemory
                0x0000000008008ab6       0x1e Core/Lib/u8g2/u8x8_display.o
                0x0000000008008ab6                u8x8_SetupMemory
 .text.u8x8_InitDisplay
                0x0000000008008ad4       0x1e Core/Lib/u8g2/u8x8_display.o
                0x0000000008008ad4                u8x8_InitDisplay
 .text.u8x8_SetPowerSave
                0x0000000008008af2       0x22 Core/Lib/u8g2/u8x8_display.o
                0x0000000008008af2                u8x8_SetPowerSave
 .text.u8x8_RefreshDisplay
                0x0000000008008b14       0x1e Core/Lib/u8g2/u8x8_display.o
                0x0000000008008b14                u8x8_RefreshDisplay
 .text.u8x8_gpio_call
                0x0000000008008b32       0x26 Core/Lib/u8g2/u8x8_gpio.o
                0x0000000008008b32                u8x8_gpio_call
 .text.u8x8_dummy_cb
                0x0000000008008b58       0x20 Core/Lib/u8g2/u8x8_setup.o
                0x0000000008008b58                u8x8_dummy_cb
 .text.u8x8_SetupDefaults
                0x0000000008008b78       0x64 Core/Lib/u8g2/u8x8_setup.o
                0x0000000008008b78                u8x8_SetupDefaults
 .text.u8x8_Setup
                0x0000000008008bdc       0x3a Core/Lib/u8g2/u8x8_setup.o
                0x0000000008008bdc                u8x8_Setup
 *fill*         0x0000000008008c16        0x2 
 .text.MX_ADC1_Init
                0x0000000008008c18       0xc8 Core/Src/adc.o
                0x0000000008008c18                MX_ADC1_Init
 .text.HAL_ADC_MspInit
                0x0000000008008ce0       0x7c Core/Src/adc.o
                0x0000000008008ce0                HAL_ADC_MspInit
 .text.MX_DMA_Init
                0x0000000008008d5c       0x5c Core/Src/dma.o
                0x0000000008008d5c                MX_DMA_Init
 .text.MX_GPIO_Init
                0x0000000008008db8      0x1dc Core/Src/gpio.o
                0x0000000008008db8                MX_GPIO_Init
 .text.MX_I2C1_Init
                0x0000000008008f94       0x7c Core/Src/i2c.o
                0x0000000008008f94                MX_I2C1_Init
 .text.MX_I2C2_Init
                0x0000000008009010       0x7c Core/Src/i2c.o
                0x0000000008009010                MX_I2C2_Init
 .text.HAL_I2C_MspInit
                0x000000000800908c       0xe8 Core/Src/i2c.o
                0x000000000800908c                HAL_I2C_MspInit
 .text.MX_IWDG_Init
                0x0000000008009174       0x3c Core/Src/iwdg.o
                0x0000000008009174                MX_IWDG_Init
 .text.main     0x00000000080091b0      0xaac Core/Src/main.o
                0x00000000080091b0                main
 .text.SystemClock_Config
                0x0000000008009c5c      0x138 Core/Src/main.o
                0x0000000008009c5c                SystemClock_Config
 .text.HAL_TIM_PeriodElapsedCallback
                0x0000000008009d94       0xcc Core/Src/main.o
                0x0000000008009d94                HAL_TIM_PeriodElapsedCallback
 .text.HAL_UART_RxCpltCallback
                0x0000000008009e60       0x14 Core/Src/main.o
                0x0000000008009e60                HAL_UART_RxCpltCallback
 .text.vibration_LBL
                0x0000000008009e74       0x3a Core/Src/main.o
                0x0000000008009e74                vibration_LBL
 *fill*         0x0000000008009eae        0x2 
 .text.jumpToBootloader
                0x0000000008009eb0       0x74 Core/Src/main.o
                0x0000000008009eb0                jumpToBootloader
 .text.Error_Handler
                0x0000000008009f24        0xe Core/Src/main.o
                0x0000000008009f24                Error_Handler
 *fill*         0x0000000008009f32        0x2 
 .text.HAL_MspInit
                0x0000000008009f34       0x48 Core/Src/stm32l4xx_hal_msp.o
                0x0000000008009f34                HAL_MspInit
 .text.NMI_Handler
                0x0000000008009f7c        0xe Core/Src/stm32l4xx_it.o
                0x0000000008009f7c                NMI_Handler
 .text.HardFault_Handler
                0x0000000008009f8a        0x6 Core/Src/stm32l4xx_it.o
                0x0000000008009f8a                HardFault_Handler
 .text.MemManage_Handler
                0x0000000008009f90        0x6 Core/Src/stm32l4xx_it.o
                0x0000000008009f90                MemManage_Handler
 .text.BusFault_Handler
                0x0000000008009f96        0x6 Core/Src/stm32l4xx_it.o
                0x0000000008009f96                BusFault_Handler
 .text.UsageFault_Handler
                0x0000000008009f9c        0x6 Core/Src/stm32l4xx_it.o
                0x0000000008009f9c                UsageFault_Handler
 .text.SVC_Handler
                0x0000000008009fa2        0xe Core/Src/stm32l4xx_it.o
                0x0000000008009fa2                SVC_Handler
 .text.DebugMon_Handler
                0x0000000008009fb0        0xe Core/Src/stm32l4xx_it.o
                0x0000000008009fb0                DebugMon_Handler
 .text.PendSV_Handler
                0x0000000008009fbe        0xe Core/Src/stm32l4xx_it.o
                0x0000000008009fbe                PendSV_Handler
 .text.SysTick_Handler
                0x0000000008009fcc        0xc Core/Src/stm32l4xx_it.o
                0x0000000008009fcc                SysTick_Handler
 .text.DMA1_Channel3_IRQHandler
                0x0000000008009fd8       0x14 Core/Src/stm32l4xx_it.o
                0x0000000008009fd8                DMA1_Channel3_IRQHandler
 .text.DMA1_Channel5_IRQHandler
                0x0000000008009fec       0x14 Core/Src/stm32l4xx_it.o
                0x0000000008009fec                DMA1_Channel5_IRQHandler
 .text.DMA1_Channel6_IRQHandler
                0x000000000800a000       0x14 Core/Src/stm32l4xx_it.o
                0x000000000800a000                DMA1_Channel6_IRQHandler
 .text.TIM1_UP_TIM16_IRQHandler
                0x000000000800a014       0x14 Core/Src/stm32l4xx_it.o
                0x000000000800a014                TIM1_UP_TIM16_IRQHandler
 .text.USART1_IRQHandler
                0x000000000800a028       0x14 Core/Src/stm32l4xx_it.o
                0x000000000800a028                USART1_IRQHandler
 .text.USART2_IRQHandler
                0x000000000800a03c       0x14 Core/Src/stm32l4xx_it.o
                0x000000000800a03c                USART2_IRQHandler
 .text.USART3_IRQHandler
                0x000000000800a050       0x14 Core/Src/stm32l4xx_it.o
                0x000000000800a050                USART3_IRQHandler
 .text.TIM7_IRQHandler
                0x000000000800a064       0x14 Core/Src/stm32l4xx_it.o
                0x000000000800a064                TIM7_IRQHandler
 .text.USB_IRQHandler
                0x000000000800a078       0x14 Core/Src/stm32l4xx_it.o
                0x000000000800a078                USB_IRQHandler
 .text._getpid  0x000000000800a08c       0x10 Core/Src/syscalls.o
                0x000000000800a08c                _getpid
 .text._kill    0x000000000800a09c       0x20 Core/Src/syscalls.o
                0x000000000800a09c                _kill
 .text._exit    0x000000000800a0bc       0x14 Core/Src/syscalls.o
                0x000000000800a0bc                _exit
 .text._read    0x000000000800a0d0       0x3a Core/Src/syscalls.o
                0x000000000800a0d0                _read
 .text._write   0x000000000800a10a       0x38 Core/Src/syscalls.o
                0x000000000800a10a                _write
 .text._close   0x000000000800a142       0x18 Core/Src/syscalls.o
                0x000000000800a142                _close
 .text._fstat   0x000000000800a15a       0x20 Core/Src/syscalls.o
                0x000000000800a15a                _fstat
 .text._isatty  0x000000000800a17a       0x16 Core/Src/syscalls.o
                0x000000000800a17a                _isatty
 .text._lseek   0x000000000800a190       0x1a Core/Src/syscalls.o
                0x000000000800a190                _lseek
 *fill*         0x000000000800a1aa        0x2 
 .text._sbrk    0x000000000800a1ac       0x6c Core/Src/sysmem.o
                0x000000000800a1ac                _sbrk
 .text.SystemInit
                0x000000000800a218       0x6c Core/Src/system_stm32l4xx.o
                0x000000000800a218                SystemInit
 .text.MX_TIM7_Init
                0x000000000800a284       0x6c Core/Src/tim.o
                0x000000000800a284                MX_TIM7_Init
 .text.MX_TIM16_Init
                0x000000000800a2f0       0xec Core/Src/tim.o
                0x000000000800a2f0                MX_TIM16_Init
 .text.HAL_TIM_Base_MspInit
                0x000000000800a3dc       0x84 Core/Src/tim.o
                0x000000000800a3dc                HAL_TIM_Base_MspInit
 .text.HAL_TIM_MspPostInit
                0x000000000800a460       0x6c Core/Src/tim.o
                0x000000000800a460                HAL_TIM_MspPostInit
 .text.MX_USART2_UART_Init
                0x000000000800a4cc       0x60 Core/Src/usart.o
                0x000000000800a4cc                MX_USART2_UART_Init
 .text.MX_USART3_UART_Init
                0x000000000800a52c       0x60 Core/Src/usart.o
                0x000000000800a52c                MX_USART3_UART_Init
 .text.HAL_UART_MspInit
                0x000000000800a58c      0x2b4 Core/Src/usart.o
                0x000000000800a58c                HAL_UART_MspInit
 .text.Reset_Handler
                0x000000000800a840       0x50 Core/Startup/startup_stm32l433ccux.o
                0x000000000800a840                Reset_Handler
 .text.Default_Handler
                0x000000000800a890        0x2 Core/Startup/startup_stm32l433ccux.o
                0x000000000800a890                DMA1_Channel4_IRQHandler
                0x000000000800a890                SWPMI1_IRQHandler
                0x000000000800a890                EXTI1_IRQHandler
                0x000000000800a890                CRS_IRQHandler
                0x000000000800a890                ADC1_IRQHandler
                0x000000000800a890                SPI2_IRQHandler
                0x000000000800a890                EXTI9_5_IRQHandler
                0x000000000800a890                SPI1_IRQHandler
                0x000000000800a890                PVD_PVM_IRQHandler
                0x000000000800a890                WWDG_IRQHandler
                0x000000000800a890                DMA2_Channel5_IRQHandler
                0x000000000800a890                I2C3_EV_IRQHandler
                0x000000000800a890                RCC_IRQHandler
                0x000000000800a890                I2C1_ER_IRQHandler
                0x000000000800a890                DMA1_Channel2_IRQHandler
                0x000000000800a890                SAI1_IRQHandler
                0x000000000800a890                I2C2_EV_IRQHandler
                0x000000000800a890                CAN1_RX0_IRQHandler
                0x000000000800a890                LPUART1_IRQHandler
                0x000000000800a890                DMA1_Channel7_IRQHandler
                0x000000000800a890                TIM6_DAC_IRQHandler
                0x000000000800a890                FLASH_IRQHandler
                0x000000000800a890                CAN1_TX_IRQHandler
                0x000000000800a890                QUADSPI_IRQHandler
                0x000000000800a890                LCD_IRQHandler
                0x000000000800a890                EXTI15_10_IRQHandler
                0x000000000800a890                RTC_WKUP_IRQHandler
                0x000000000800a890                TIM2_IRQHandler
                0x000000000800a890                CAN1_SCE_IRQHandler
                0x000000000800a890                TAMP_STAMP_IRQHandler
                0x000000000800a890                LPTIM2_IRQHandler
                0x000000000800a890                DMA2_Channel3_IRQHandler
                0x000000000800a890                DMA2_Channel7_IRQHandler
                0x000000000800a890                TIM1_BRK_TIM15_IRQHandler
                0x000000000800a890                SDMMC1_IRQHandler
                0x000000000800a890                TSC_IRQHandler
                0x000000000800a890                DMA2_Channel6_IRQHandler
                0x000000000800a890                Default_Handler
                0x000000000800a890                RNG_IRQHandler
                0x000000000800a890                EXTI2_IRQHandler
                0x000000000800a890                I2C3_ER_IRQHandler
                0x000000000800a890                EXTI3_IRQHandler
                0x000000000800a890                I2C2_ER_IRQHandler
                0x000000000800a890                TIM1_TRG_COM_IRQHandler
                0x000000000800a890                FPU_IRQHandler
                0x000000000800a890                I2C1_EV_IRQHandler
                0x000000000800a890                TIM1_CC_IRQHandler
                0x000000000800a890                LPTIM1_IRQHandler
                0x000000000800a890                SPI3_IRQHandler
                0x000000000800a890                DMA1_Channel1_IRQHandler
                0x000000000800a890                DMA2_Channel4_IRQHandler
                0x000000000800a890                EXTI0_IRQHandler
                0x000000000800a890                DMA2_Channel2_IRQHandler
                0x000000000800a890                DMA2_Channel1_IRQHandler
                0x000000000800a890                RTC_Alarm_IRQHandler
                0x000000000800a890                EXTI4_IRQHandler
                0x000000000800a890                CAN1_RX1_IRQHandler
                0x000000000800a890                COMP_IRQHandler
 .text.HAL_Init
                0x000000000800a892       0x30 Drivers/STM32L4xx_HAL_Driver/Src/stm32l4xx_hal.o
                0x000000000800a892                HAL_Init
 *fill*         0x000000000800a8c2        0x2 
 .text.HAL_InitTick
                0x000000000800a8c4       0x78 Drivers/STM32L4xx_HAL_Driver/Src/stm32l4xx_hal.o
                0x000000000800a8c4                HAL_InitTick
 .text.HAL_IncTick
                0x000000000800a93c       0x28 Drivers/STM32L4xx_HAL_Driver/Src/stm32l4xx_hal.o
                0x000000000800a93c                HAL_IncTick
 .text.HAL_GetTick
                0x000000000800a964       0x18 Drivers/STM32L4xx_HAL_Driver/Src/stm32l4xx_hal.o
                0x000000000800a964                HAL_GetTick
 .text.HAL_Delay
                0x000000000800a97c       0x48 Drivers/STM32L4xx_HAL_Driver/Src/stm32l4xx_hal.o
                0x000000000800a97c                HAL_Delay
 .text.LL_ADC_SetCommonClock
                0x000000000800a9c4       0x26 Drivers/STM32L4xx_HAL_Driver/Src/stm32l4xx_hal_adc.o
 .text.LL_ADC_SetCommonPathInternalCh
                0x000000000800a9ea       0x26 Drivers/STM32L4xx_HAL_Driver/Src/stm32l4xx_hal_adc.o
 .text.LL_ADC_GetCommonPathInternalCh
                0x000000000800aa10       0x1c Drivers/STM32L4xx_HAL_Driver/Src/stm32l4xx_hal_adc.o
 .text.LL_ADC_SetOffset
                0x000000000800aa2c       0x48 Drivers/STM32L4xx_HAL_Driver/Src/stm32l4xx_hal_adc.o
 .text.LL_ADC_GetOffsetChannel
                0x000000000800aa74       0x2c Drivers/STM32L4xx_HAL_Driver/Src/stm32l4xx_hal_adc.o
 .text.LL_ADC_SetOffsetState
                0x000000000800aaa0       0x36 Drivers/STM32L4xx_HAL_Driver/Src/stm32l4xx_hal_adc.o
 .text.LL_ADC_REG_IsTriggerSourceSWStart
                0x000000000800aad6       0x26 Drivers/STM32L4xx_HAL_Driver/Src/stm32l4xx_hal_adc.o
 .text.LL_ADC_REG_SetSequencerRanks
                0x000000000800aafc       0x58 Drivers/STM32L4xx_HAL_Driver/Src/stm32l4xx_hal_adc.o
 .text.LL_ADC_SetChannelSamplingTime
                0x000000000800ab54       0x56 Drivers/STM32L4xx_HAL_Driver/Src/stm32l4xx_hal_adc.o
 *fill*         0x000000000800abaa        0x2 
 .text.LL_ADC_SetChannelSingleDiff
                0x000000000800abac       0x48 Drivers/STM32L4xx_HAL_Driver/Src/stm32l4xx_hal_adc.o
 .text.LL_ADC_DisableDeepPowerDown
                0x000000000800abf4       0x24 Drivers/STM32L4xx_HAL_Driver/Src/stm32l4xx_hal_adc.o
 .text.LL_ADC_IsDeepPowerDownEnabled
                0x000000000800ac18       0x28 Drivers/STM32L4xx_HAL_Driver/Src/stm32l4xx_hal_adc.o
 .text.LL_ADC_EnableInternalRegulator
                0x000000000800ac40       0x28 Drivers/STM32L4xx_HAL_Driver/Src/stm32l4xx_hal_adc.o
 .text.LL_ADC_IsInternalRegulatorEnabled
                0x000000000800ac68       0x28 Drivers/STM32L4xx_HAL_Driver/Src/stm32l4xx_hal_adc.o
 .text.LL_ADC_Enable
                0x000000000800ac90       0x28 Drivers/STM32L4xx_HAL_Driver/Src/stm32l4xx_hal_adc.o
 .text.LL_ADC_Disable
                0x000000000800acb8       0x28 Drivers/STM32L4xx_HAL_Driver/Src/stm32l4xx_hal_adc.o
 .text.LL_ADC_IsEnabled
                0x000000000800ace0       0x26 Drivers/STM32L4xx_HAL_Driver/Src/stm32l4xx_hal_adc.o
 .text.LL_ADC_IsDisableOngoing
                0x000000000800ad06       0x26 Drivers/STM32L4xx_HAL_Driver/Src/stm32l4xx_hal_adc.o
 .text.LL_ADC_REG_StartConversion
                0x000000000800ad2c       0x28 Drivers/STM32L4xx_HAL_Driver/Src/stm32l4xx_hal_adc.o
 .text.LL_ADC_REG_StopConversion
                0x000000000800ad54       0x28 Drivers/STM32L4xx_HAL_Driver/Src/stm32l4xx_hal_adc.o
 .text.LL_ADC_REG_IsConversionOngoing
                0x000000000800ad7c       0x26 Drivers/STM32L4xx_HAL_Driver/Src/stm32l4xx_hal_adc.o
 .text.LL_ADC_INJ_StopConversion
                0x000000000800ada2       0x28 Drivers/STM32L4xx_HAL_Driver/Src/stm32l4xx_hal_adc.o
 .text.LL_ADC_INJ_IsConversionOngoing
                0x000000000800adca       0x26 Drivers/STM32L4xx_HAL_Driver/Src/stm32l4xx_hal_adc.o
 .text.HAL_ADC_Init
                0x000000000800adf0      0x290 Drivers/STM32L4xx_HAL_Driver/Src/stm32l4xx_hal_adc.o
                0x000000000800adf0                HAL_ADC_Init
 .text.HAL_ADC_Start
                0x000000000800b080       0xc6 Drivers/STM32L4xx_HAL_Driver/Src/stm32l4xx_hal_adc.o
                0x000000000800b080                HAL_ADC_Start
 .text.HAL_ADC_Stop
                0x000000000800b146       0x66 Drivers/STM32L4xx_HAL_Driver/Src/stm32l4xx_hal_adc.o
                0x000000000800b146                HAL_ADC_Stop
 .text.HAL_ADC_PollForConversion
                0x000000000800b1ac      0x11e Drivers/STM32L4xx_HAL_Driver/Src/stm32l4xx_hal_adc.o
                0x000000000800b1ac                HAL_ADC_PollForConversion
 .text.HAL_ADC_GetValue
                0x000000000800b2ca       0x1a Drivers/STM32L4xx_HAL_Driver/Src/stm32l4xx_hal_adc.o
                0x000000000800b2ca                HAL_ADC_GetValue
 .text.HAL_ADC_ConfigChannel
                0x000000000800b2e4      0x7c0 Drivers/STM32L4xx_HAL_Driver/Src/stm32l4xx_hal_adc.o
                0x000000000800b2e4                HAL_ADC_ConfigChannel
 .text.ADC_ConversionStop
                0x000000000800baa4      0x178 Drivers/STM32L4xx_HAL_Driver/Src/stm32l4xx_hal_adc.o
                0x000000000800baa4                ADC_ConversionStop
 .text.ADC_Enable
                0x000000000800bc1c       0xc4 Drivers/STM32L4xx_HAL_Driver/Src/stm32l4xx_hal_adc.o
                0x000000000800bc1c                ADC_Enable
 .text.ADC_Disable
                0x000000000800bce0       0xbe Drivers/STM32L4xx_HAL_Driver/Src/stm32l4xx_hal_adc.o
                0x000000000800bce0                ADC_Disable
 *fill*         0x000000000800bd9e        0x2 
 .text.__NVIC_SetPriorityGrouping
                0x000000000800bda0       0x48 Drivers/STM32L4xx_HAL_Driver/Src/stm32l4xx_hal_cortex.o
 .text.__NVIC_GetPriorityGrouping
                0x000000000800bde8       0x1c Drivers/STM32L4xx_HAL_Driver/Src/stm32l4xx_hal_cortex.o
 .text.__NVIC_EnableIRQ
                0x000000000800be04       0x3c Drivers/STM32L4xx_HAL_Driver/Src/stm32l4xx_hal_cortex.o
 .text.__NVIC_SetPriority
                0x000000000800be40       0x54 Drivers/STM32L4xx_HAL_Driver/Src/stm32l4xx_hal_cortex.o
 .text.NVIC_EncodePriority
                0x000000000800be94       0x66 Drivers/STM32L4xx_HAL_Driver/Src/stm32l4xx_hal_cortex.o
 *fill*         0x000000000800befa        0x2 
 .text.SysTick_Config
                0x000000000800befc       0x44 Drivers/STM32L4xx_HAL_Driver/Src/stm32l4xx_hal_cortex.o
 .text.HAL_NVIC_SetPriorityGrouping
                0x000000000800bf40       0x16 Drivers/STM32L4xx_HAL_Driver/Src/stm32l4xx_hal_cortex.o
                0x000000000800bf40                HAL_NVIC_SetPriorityGrouping
 .text.HAL_NVIC_SetPriority
                0x000000000800bf56       0x38 Drivers/STM32L4xx_HAL_Driver/Src/stm32l4xx_hal_cortex.o
                0x000000000800bf56                HAL_NVIC_SetPriority
 .text.HAL_NVIC_EnableIRQ
                0x000000000800bf8e       0x1c Drivers/STM32L4xx_HAL_Driver/Src/stm32l4xx_hal_cortex.o
                0x000000000800bf8e                HAL_NVIC_EnableIRQ
 .text.HAL_SYSTICK_Config
                0x000000000800bfaa       0x18 Drivers/STM32L4xx_HAL_Driver/Src/stm32l4xx_hal_cortex.o
                0x000000000800bfaa                HAL_SYSTICK_Config
 *fill*         0x000000000800bfc2        0x2 
 .text.HAL_DMA_Init
                0x000000000800bfc4      0x170 Drivers/STM32L4xx_HAL_Driver/Src/stm32l4xx_hal_dma.o
                0x000000000800bfc4                HAL_DMA_Init
 .text.HAL_DMA_Start_IT
                0x000000000800c134       0xc0 Drivers/STM32L4xx_HAL_Driver/Src/stm32l4xx_hal_dma.o
                0x000000000800c134                HAL_DMA_Start_IT
 .text.HAL_DMA_Abort
                0x000000000800c1f4       0x7c Drivers/STM32L4xx_HAL_Driver/Src/stm32l4xx_hal_dma.o
                0x000000000800c1f4                HAL_DMA_Abort
 .text.HAL_DMA_Abort_IT
                0x000000000800c270       0x82 Drivers/STM32L4xx_HAL_Driver/Src/stm32l4xx_hal_dma.o
                0x000000000800c270                HAL_DMA_Abort_IT
 .text.HAL_DMA_IRQHandler
                0x000000000800c2f2      0x15e Drivers/STM32L4xx_HAL_Driver/Src/stm32l4xx_hal_dma.o
                0x000000000800c2f2                HAL_DMA_IRQHandler
 .text.DMA_SetConfig
                0x000000000800c450       0x60 Drivers/STM32L4xx_HAL_Driver/Src/stm32l4xx_hal_dma.o
 .text.HAL_FLASH_Program
                0x000000000800c4b0       0xd8 Drivers/STM32L4xx_HAL_Driver/Src/stm32l4xx_hal_flash.o
                0x000000000800c4b0                HAL_FLASH_Program
 .text.HAL_FLASH_Unlock
                0x000000000800c588       0x44 Drivers/STM32L4xx_HAL_Driver/Src/stm32l4xx_hal_flash.o
                0x000000000800c588                HAL_FLASH_Unlock
 .text.HAL_FLASH_Lock
                0x000000000800c5cc       0x20 Drivers/STM32L4xx_HAL_Driver/Src/stm32l4xx_hal_flash.o
                0x000000000800c5cc                HAL_FLASH_Lock
 .text.FLASH_WaitForLastOperation
                0x000000000800c5ec       0xb0 Drivers/STM32L4xx_HAL_Driver/Src/stm32l4xx_hal_flash.o
                0x000000000800c5ec                FLASH_WaitForLastOperation
 .text.FLASH_Program_DoubleWord
                0x000000000800c69c       0x4c Drivers/STM32L4xx_HAL_Driver/Src/stm32l4xx_hal_flash.o
 .text.FLASH_Program_Fast
                0x000000000800c6e8       0x6c Drivers/STM32L4xx_HAL_Driver/Src/stm32l4xx_hal_flash.o
 .text.HAL_FLASHEx_Erase
                0x000000000800c754      0x140 Drivers/STM32L4xx_HAL_Driver/Src/stm32l4xx_hal_flash_ex.o
                0x000000000800c754                HAL_FLASHEx_Erase
 .text.FLASH_MassErase
                0x000000000800c894       0x3c Drivers/STM32L4xx_HAL_Driver/Src/stm32l4xx_hal_flash_ex.o
 .text.FLASH_PageErase
                0x000000000800c8d0       0x48 Drivers/STM32L4xx_HAL_Driver/Src/stm32l4xx_hal_flash_ex.o
                0x000000000800c8d0                FLASH_PageErase
 .text.FLASH_FlushCaches
                0x000000000800c918       0x88 Drivers/STM32L4xx_HAL_Driver/Src/stm32l4xx_hal_flash_ex.o
                0x000000000800c918                FLASH_FlushCaches
 .text.HAL_GPIO_Init
                0x000000000800c9a0      0x2f4 Drivers/STM32L4xx_HAL_Driver/Src/stm32l4xx_hal_gpio.o
                0x000000000800c9a0                HAL_GPIO_Init
 .text.HAL_GPIO_DeInit
                0x000000000800cc94      0x1b4 Drivers/STM32L4xx_HAL_Driver/Src/stm32l4xx_hal_gpio.o
                0x000000000800cc94                HAL_GPIO_DeInit
 .text.HAL_GPIO_ReadPin
                0x000000000800ce48       0x30 Drivers/STM32L4xx_HAL_Driver/Src/stm32l4xx_hal_gpio.o
                0x000000000800ce48                HAL_GPIO_ReadPin
 .text.HAL_GPIO_WritePin
                0x000000000800ce78       0x30 Drivers/STM32L4xx_HAL_Driver/Src/stm32l4xx_hal_gpio.o
                0x000000000800ce78                HAL_GPIO_WritePin
 .text.HAL_I2C_Init
                0x000000000800cea8      0x11e Drivers/STM32L4xx_HAL_Driver/Src/stm32l4xx_hal_i2c.o
                0x000000000800cea8                HAL_I2C_Init
 *fill*         0x000000000800cfc6        0x2 
 .text.HAL_I2C_Master_Transmit
                0x000000000800cfc8      0x1e8 Drivers/STM32L4xx_HAL_Driver/Src/stm32l4xx_hal_i2c.o
                0x000000000800cfc8                HAL_I2C_Master_Transmit
 .text.HAL_I2C_Mem_Read
                0x000000000800d1b0      0x234 Drivers/STM32L4xx_HAL_Driver/Src/stm32l4xx_hal_i2c.o
                0x000000000800d1b0                HAL_I2C_Mem_Read
 .text.I2C_RequestMemoryRead
                0x000000000800d3e4       0xa8 Drivers/STM32L4xx_HAL_Driver/Src/stm32l4xx_hal_i2c.o
 .text.I2C_Flush_TXDR
                0x000000000800d48c       0x48 Drivers/STM32L4xx_HAL_Driver/Src/stm32l4xx_hal_i2c.o
 .text.I2C_WaitOnFlagUntilTimeout
                0x000000000800d4d4       0x80 Drivers/STM32L4xx_HAL_Driver/Src/stm32l4xx_hal_i2c.o
 .text.I2C_WaitOnTXISFlagUntilTimeout
                0x000000000800d554       0x80 Drivers/STM32L4xx_HAL_Driver/Src/stm32l4xx_hal_i2c.o
 .text.I2C_WaitOnSTOPFlagUntilTimeout
                0x000000000800d5d4       0x78 Drivers/STM32L4xx_HAL_Driver/Src/stm32l4xx_hal_i2c.o
 .text.I2C_IsAcknowledgeFailed
                0x000000000800d64c       0xcc Drivers/STM32L4xx_HAL_Driver/Src/stm32l4xx_hal_i2c.o
 .text.I2C_TransferConfig
                0x000000000800d718       0x5c Drivers/STM32L4xx_HAL_Driver/Src/stm32l4xx_hal_i2c.o
 .text.HAL_I2CEx_ConfigAnalogFilter
                0x000000000800d774       0x96 Drivers/STM32L4xx_HAL_Driver/Src/stm32l4xx_hal_i2c_ex.o
                0x000000000800d774                HAL_I2CEx_ConfigAnalogFilter
 .text.HAL_I2CEx_ConfigDigitalFilter
                0x000000000800d80a       0x98 Drivers/STM32L4xx_HAL_Driver/Src/stm32l4xx_hal_i2c_ex.o
                0x000000000800d80a                HAL_I2CEx_ConfigDigitalFilter
 .text.HAL_IWDG_Init
                0x000000000800d8a2       0x8c Drivers/STM32L4xx_HAL_Driver/Src/stm32l4xx_hal_iwdg.o
                0x000000000800d8a2                HAL_IWDG_Init
 .text.HAL_IWDG_Refresh
                0x000000000800d92e       0x20 Drivers/STM32L4xx_HAL_Driver/Src/stm32l4xx_hal_iwdg.o
                0x000000000800d92e                HAL_IWDG_Refresh
 .text.HAL_PCD_Init
                0x000000000800d94e      0x224 Drivers/STM32L4xx_HAL_Driver/Src/stm32l4xx_hal_pcd.o
                0x000000000800d94e                HAL_PCD_Init
 .text.HAL_PCD_Start
                0x000000000800db72       0x44 Drivers/STM32L4xx_HAL_Driver/Src/stm32l4xx_hal_pcd.o
                0x000000000800db72                HAL_PCD_Start
 .text.HAL_PCD_Stop
                0x000000000800dbb6       0x44 Drivers/STM32L4xx_HAL_Driver/Src/stm32l4xx_hal_pcd.o
                0x000000000800dbb6                HAL_PCD_Stop
 .text.HAL_PCD_IRQHandler
                0x000000000800dbfa      0x29c Drivers/STM32L4xx_HAL_Driver/Src/stm32l4xx_hal_pcd.o
                0x000000000800dbfa                HAL_PCD_IRQHandler
 .text.HAL_PCD_SetAddress
                0x000000000800de96       0x4a Drivers/STM32L4xx_HAL_Driver/Src/stm32l4xx_hal_pcd.o
                0x000000000800de96                HAL_PCD_SetAddress
 .text.HAL_PCD_EP_Open
                0x000000000800dee0       0xcc Drivers/STM32L4xx_HAL_Driver/Src/stm32l4xx_hal_pcd.o
                0x000000000800dee0                HAL_PCD_EP_Open
 .text.HAL_PCD_EP_Close
                0x000000000800dfac       0x90 Drivers/STM32L4xx_HAL_Driver/Src/stm32l4xx_hal_pcd.o
                0x000000000800dfac                HAL_PCD_EP_Close
 .text.HAL_PCD_EP_Receive
                0x000000000800e03c       0x7a Drivers/STM32L4xx_HAL_Driver/Src/stm32l4xx_hal_pcd.o
                0x000000000800e03c                HAL_PCD_EP_Receive
 .text.HAL_PCD_EP_GetRxCount
                0x000000000800e0b6       0x30 Drivers/STM32L4xx_HAL_Driver/Src/stm32l4xx_hal_pcd.o
                0x000000000800e0b6                HAL_PCD_EP_GetRxCount
 .text.HAL_PCD_EP_Transmit
                0x000000000800e0e6       0x86 Drivers/STM32L4xx_HAL_Driver/Src/stm32l4xx_hal_pcd.o
                0x000000000800e0e6                HAL_PCD_EP_Transmit
 .text.HAL_PCD_EP_SetStall
                0x000000000800e16c       0xc0 Drivers/STM32L4xx_HAL_Driver/Src/stm32l4xx_hal_pcd.o
                0x000000000800e16c                HAL_PCD_EP_SetStall
 .text.HAL_PCD_EP_ClrStall
                0x000000000800e22c       0xa8 Drivers/STM32L4xx_HAL_Driver/Src/stm32l4xx_hal_pcd.o
                0x000000000800e22c                HAL_PCD_EP_ClrStall
 .text.PCD_EP_ISR_Handler
                0x000000000800e2d4      0x5d4 Drivers/STM32L4xx_HAL_Driver/Src/stm32l4xx_hal_pcd.o
 .text.HAL_PCD_EP_DB_Receive
                0x000000000800e8a8      0x212 Drivers/STM32L4xx_HAL_Driver/Src/stm32l4xx_hal_pcd.o
 .text.HAL_PCD_EP_DB_Transmit
                0x000000000800eaba      0x79c Drivers/STM32L4xx_HAL_Driver/Src/stm32l4xx_hal_pcd.o
 .text.HAL_PCDEx_PMAConfig
                0x000000000800f256       0x86 Drivers/STM32L4xx_HAL_Driver/Src/stm32l4xx_hal_pcd_ex.o
                0x000000000800f256                HAL_PCDEx_PMAConfig
 .text.HAL_PCDEx_ActivateLPM
                0x000000000800f2dc       0x54 Drivers/STM32L4xx_HAL_Driver/Src/stm32l4xx_hal_pcd_ex.o
                0x000000000800f2dc                HAL_PCDEx_ActivateLPM
 .text.HAL_PWR_EnableBkUpAccess
                0x000000000800f330       0x20 Drivers/STM32L4xx_HAL_Driver/Src/stm32l4xx_hal_pwr.o
                0x000000000800f330                HAL_PWR_EnableBkUpAccess
 .text.HAL_PWREx_GetVoltageRange
                0x000000000800f350       0x1c Drivers/STM32L4xx_HAL_Driver/Src/stm32l4xx_hal_pwr_ex.o
                0x000000000800f350                HAL_PWREx_GetVoltageRange
 .text.HAL_PWREx_ControlVoltageScaling
                0x000000000800f36c       0xac Drivers/STM32L4xx_HAL_Driver/Src/stm32l4xx_hal_pwr_ex.o
                0x000000000800f36c                HAL_PWREx_ControlVoltageScaling
 .text.HAL_PWREx_EnableVddUSB
                0x000000000800f418       0x20 Drivers/STM32L4xx_HAL_Driver/Src/stm32l4xx_hal_pwr_ex.o
                0x000000000800f418                HAL_PWREx_EnableVddUSB
 .text.HAL_RCC_DeInit
                0x000000000800f438      0x130 Drivers/STM32L4xx_HAL_Driver/Src/stm32l4xx_hal_rcc.o
                0x000000000800f438                HAL_RCC_DeInit
 .text.HAL_RCC_OscConfig
                0x000000000800f568      0x840 Drivers/STM32L4xx_HAL_Driver/Src/stm32l4xx_hal_rcc.o
                0x000000000800f568                HAL_RCC_OscConfig
 .text.HAL_RCC_ClockConfig
                0x000000000800fda8      0x1c4 Drivers/STM32L4xx_HAL_Driver/Src/stm32l4xx_hal_rcc.o
                0x000000000800fda8                HAL_RCC_ClockConfig
 .text.HAL_RCC_GetSysClockFreq
                0x000000000800ff6c      0x118 Drivers/STM32L4xx_HAL_Driver/Src/stm32l4xx_hal_rcc.o
                0x000000000800ff6c                HAL_RCC_GetSysClockFreq
 .text.HAL_RCC_GetHCLKFreq
                0x0000000008010084       0x18 Drivers/STM32L4xx_HAL_Driver/Src/stm32l4xx_hal_rcc.o
                0x0000000008010084                HAL_RCC_GetHCLKFreq
 .text.HAL_RCC_GetPCLK1Freq
                0x000000000801009c       0x2c Drivers/STM32L4xx_HAL_Driver/Src/stm32l4xx_hal_rcc.o
                0x000000000801009c                HAL_RCC_GetPCLK1Freq
 .text.HAL_RCC_GetPCLK2Freq
                0x00000000080100c8       0x2c Drivers/STM32L4xx_HAL_Driver/Src/stm32l4xx_hal_rcc.o
                0x00000000080100c8                HAL_RCC_GetPCLK2Freq
 .text.RCC_SetFlashLatencyFromMSIRange
                0x00000000080100f4       0xc0 Drivers/STM32L4xx_HAL_Driver/Src/stm32l4xx_hal_rcc.o
 .text.HAL_RCCEx_PeriphCLKConfig
                0x00000000080101b4      0x48c Drivers/STM32L4xx_HAL_Driver/Src/stm32l4xx_hal_rcc_ex.o
                0x00000000080101b4                HAL_RCCEx_PeriphCLKConfig
 .text.HAL_RCCEx_EnableMSIPLLMode
                0x0000000008010640       0x20 Drivers/STM32L4xx_HAL_Driver/Src/stm32l4xx_hal_rcc_ex.o
                0x0000000008010640                HAL_RCCEx_EnableMSIPLLMode
 .text.RCCEx_PLLSAI1_Config
                0x0000000008010660      0x1e4 Drivers/STM32L4xx_HAL_Driver/Src/stm32l4xx_hal_rcc_ex.o
 .text.HAL_TIM_Base_Init
                0x0000000008010844       0xae Drivers/STM32L4xx_HAL_Driver/Src/stm32l4xx_hal_tim.o
                0x0000000008010844                HAL_TIM_Base_Init
 *fill*         0x00000000080108f2        0x2 
 .text.HAL_TIM_Base_Start_IT
                0x00000000080108f4       0xa8 Drivers/STM32L4xx_HAL_Driver/Src/stm32l4xx_hal_tim.o
                0x00000000080108f4                HAL_TIM_Base_Start_IT
 .text.HAL_TIM_PWM_Init
                0x000000000801099c       0xae Drivers/STM32L4xx_HAL_Driver/Src/stm32l4xx_hal_tim.o
                0x000000000801099c                HAL_TIM_PWM_Init
 .text.HAL_TIM_PWM_MspInit
                0x0000000008010a4a       0x14 Drivers/STM32L4xx_HAL_Driver/Src/stm32l4xx_hal_tim.o
                0x0000000008010a4a                HAL_TIM_PWM_MspInit
 *fill*         0x0000000008010a5e        0x2 
 .text.HAL_TIM_PWM_Start
                0x0000000008010a60      0x1bc Drivers/STM32L4xx_HAL_Driver/Src/stm32l4xx_hal_tim.o
                0x0000000008010a60                HAL_TIM_PWM_Start
 .text.HAL_TIM_PWM_Stop
                0x0000000008010c1c      0x110 Drivers/STM32L4xx_HAL_Driver/Src/stm32l4xx_hal_tim.o
                0x0000000008010c1c                HAL_TIM_PWM_Stop
 .text.HAL_TIM_IRQHandler
                0x0000000008010d2c      0x23e Drivers/STM32L4xx_HAL_Driver/Src/stm32l4xx_hal_tim.o
                0x0000000008010d2c                HAL_TIM_IRQHandler
 *fill*         0x0000000008010f6a        0x2 
 .text.HAL_TIM_PWM_ConfigChannel
                0x0000000008010f6c      0x220 Drivers/STM32L4xx_HAL_Driver/Src/stm32l4xx_hal_tim.o
                0x0000000008010f6c                HAL_TIM_PWM_ConfigChannel
 .text.HAL_TIM_OC_DelayElapsedCallback
                0x000000000801118c       0x14 Drivers/STM32L4xx_HAL_Driver/Src/stm32l4xx_hal_tim.o
                0x000000000801118c                HAL_TIM_OC_DelayElapsedCallback
 .text.HAL_TIM_IC_CaptureCallback
                0x00000000080111a0       0x14 Drivers/STM32L4xx_HAL_Driver/Src/stm32l4xx_hal_tim.o
                0x00000000080111a0                HAL_TIM_IC_CaptureCallback
 .text.HAL_TIM_PWM_PulseFinishedCallback
                0x00000000080111b4       0x14 Drivers/STM32L4xx_HAL_Driver/Src/stm32l4xx_hal_tim.o
                0x00000000080111b4                HAL_TIM_PWM_PulseFinishedCallback
 .text.HAL_TIM_TriggerCallback
                0x00000000080111c8       0x14 Drivers/STM32L4xx_HAL_Driver/Src/stm32l4xx_hal_tim.o
                0x00000000080111c8                HAL_TIM_TriggerCallback
 .text.TIM_Base_SetConfig
                0x00000000080111dc       0xc8 Drivers/STM32L4xx_HAL_Driver/Src/stm32l4xx_hal_tim.o
                0x00000000080111dc                TIM_Base_SetConfig
 .text.TIM_OC1_SetConfig
                0x00000000080112a4       0xf8 Drivers/STM32L4xx_HAL_Driver/Src/stm32l4xx_hal_tim.o
 .text.TIM_OC2_SetConfig
                0x000000000801139c       0xf4 Drivers/STM32L4xx_HAL_Driver/Src/stm32l4xx_hal_tim.o
                0x000000000801139c                TIM_OC2_SetConfig
 .text.TIM_OC3_SetConfig
                0x0000000008011490       0xf0 Drivers/STM32L4xx_HAL_Driver/Src/stm32l4xx_hal_tim.o
 .text.TIM_OC4_SetConfig
                0x0000000008011580       0xbc Drivers/STM32L4xx_HAL_Driver/Src/stm32l4xx_hal_tim.o
 .text.TIM_OC5_SetConfig
                0x000000000801163c       0xb0 Drivers/STM32L4xx_HAL_Driver/Src/stm32l4xx_hal_tim.o
 .text.TIM_OC6_SetConfig
                0x00000000080116ec       0xb4 Drivers/STM32L4xx_HAL_Driver/Src/stm32l4xx_hal_tim.o
 .text.TIM_CCxChannelCmd
                0x00000000080117a0       0x4a Drivers/STM32L4xx_HAL_Driver/Src/stm32l4xx_hal_tim.o
                0x00000000080117a0                TIM_CCxChannelCmd
 *fill*         0x00000000080117ea        0x2 
 .text.HAL_TIMEx_MasterConfigSynchronization
                0x00000000080117ec       0xcc Drivers/STM32L4xx_HAL_Driver/Src/stm32l4xx_hal_tim_ex.o
                0x00000000080117ec                HAL_TIMEx_MasterConfigSynchronization
 .text.HAL_TIMEx_ConfigBreakDeadTime
                0x00000000080118b8       0xf0 Drivers/STM32L4xx_HAL_Driver/Src/stm32l4xx_hal_tim_ex.o
                0x00000000080118b8                HAL_TIMEx_ConfigBreakDeadTime
 .text.HAL_TIMEx_CommutCallback
                0x00000000080119a8       0x14 Drivers/STM32L4xx_HAL_Driver/Src/stm32l4xx_hal_tim_ex.o
                0x00000000080119a8                HAL_TIMEx_CommutCallback
 .text.HAL_TIMEx_BreakCallback
                0x00000000080119bc       0x14 Drivers/STM32L4xx_HAL_Driver/Src/stm32l4xx_hal_tim_ex.o
                0x00000000080119bc                HAL_TIMEx_BreakCallback
 .text.HAL_TIMEx_Break2Callback
                0x00000000080119d0       0x14 Drivers/STM32L4xx_HAL_Driver/Src/stm32l4xx_hal_tim_ex.o
                0x00000000080119d0                HAL_TIMEx_Break2Callback
 .text.HAL_UART_Init
                0x00000000080119e4       0x9c Drivers/STM32L4xx_HAL_Driver/Src/stm32l4xx_hal_uart.o
                0x00000000080119e4                HAL_UART_Init
 .text.HAL_UART_Transmit
                0x0000000008011a80      0x128 Drivers/STM32L4xx_HAL_Driver/Src/stm32l4xx_hal_uart.o
                0x0000000008011a80                HAL_UART_Transmit
 .text.HAL_UART_Transmit_IT
                0x0000000008011ba8       0xb8 Drivers/STM32L4xx_HAL_Driver/Src/stm32l4xx_hal_uart.o
                0x0000000008011ba8                HAL_UART_Transmit_IT
 .text.HAL_UART_Receive_DMA
                0x0000000008011c60       0x88 Drivers/STM32L4xx_HAL_Driver/Src/stm32l4xx_hal_uart.o
                0x0000000008011c60                HAL_UART_Receive_DMA
 .text.HAL_UART_IRQHandler
                0x0000000008011ce8      0x404 Drivers/STM32L4xx_HAL_Driver/Src/stm32l4xx_hal_uart.o
                0x0000000008011ce8                HAL_UART_IRQHandler
 .text.HAL_UART_TxCpltCallback
                0x00000000080120ec       0x14 Drivers/STM32L4xx_HAL_Driver/Src/stm32l4xx_hal_uart.o
                0x00000000080120ec                HAL_UART_TxCpltCallback
 .text.HAL_UART_RxHalfCpltCallback
                0x0000000008012100       0x14 Drivers/STM32L4xx_HAL_Driver/Src/stm32l4xx_hal_uart.o
                0x0000000008012100                HAL_UART_RxHalfCpltCallback
 .text.HAL_UART_ErrorCallback
                0x0000000008012114       0x14 Drivers/STM32L4xx_HAL_Driver/Src/stm32l4xx_hal_uart.o
                0x0000000008012114                HAL_UART_ErrorCallback
 .text.HAL_UARTEx_RxEventCallback
                0x0000000008012128       0x18 Drivers/STM32L4xx_HAL_Driver/Src/stm32l4xx_hal_uart.o
                0x0000000008012128                HAL_UARTEx_RxEventCallback
 .text.UART_SetConfig
                0x0000000008012140      0x468 Drivers/STM32L4xx_HAL_Driver/Src/stm32l4xx_hal_uart.o
                0x0000000008012140                UART_SetConfig
 .text.UART_AdvFeatureConfig
                0x00000000080125a8      0x144 Drivers/STM32L4xx_HAL_Driver/Src/stm32l4xx_hal_uart.o
                0x00000000080125a8                UART_AdvFeatureConfig
 .text.UART_CheckIdleState
                0x00000000080126ec       0x92 Drivers/STM32L4xx_HAL_Driver/Src/stm32l4xx_hal_uart.o
                0x00000000080126ec                UART_CheckIdleState
 .text.UART_WaitOnFlagUntilTimeout
                0x000000000801277e       0xf8 Drivers/STM32L4xx_HAL_Driver/Src/stm32l4xx_hal_uart.o
                0x000000000801277e                UART_WaitOnFlagUntilTimeout
 *fill*         0x0000000008012876        0x2 
 .text.UART_Start_Receive_DMA
                0x0000000008012878       0xd8 Drivers/STM32L4xx_HAL_Driver/Src/stm32l4xx_hal_uart.o
                0x0000000008012878                UART_Start_Receive_DMA
 .text.UART_EndTxTransfer
                0x0000000008012950       0x2a Drivers/STM32L4xx_HAL_Driver/Src/stm32l4xx_hal_uart.o
 .text.UART_EndRxTransfer
                0x000000000801297a       0x5e Drivers/STM32L4xx_HAL_Driver/Src/stm32l4xx_hal_uart.o
 .text.UART_DMAReceiveCplt
                0x00000000080129d8       0x98 Drivers/STM32L4xx_HAL_Driver/Src/stm32l4xx_hal_uart.o
 .text.UART_DMARxHalfCplt
                0x0000000008012a70       0x38 Drivers/STM32L4xx_HAL_Driver/Src/stm32l4xx_hal_uart.o
 .text.UART_DMAError
                0x0000000008012aa8       0x7c Drivers/STM32L4xx_HAL_Driver/Src/stm32l4xx_hal_uart.o
 .text.UART_DMAAbortOnError
                0x0000000008012b24       0x2c Drivers/STM32L4xx_HAL_Driver/Src/stm32l4xx_hal_uart.o
 .text.UART_TxISR_8BIT
                0x0000000008012b50       0x74 Drivers/STM32L4xx_HAL_Driver/Src/stm32l4xx_hal_uart.o
 .text.UART_TxISR_16BIT
                0x0000000008012bc4       0x7c Drivers/STM32L4xx_HAL_Driver/Src/stm32l4xx_hal_uart.o
 .text.UART_EndTransmit_IT
                0x0000000008012c40       0x32 Drivers/STM32L4xx_HAL_Driver/Src/stm32l4xx_hal_uart.o
 .text.HAL_UARTEx_WakeupCallback
                0x0000000008012c72       0x14 Drivers/STM32L4xx_HAL_Driver/Src/stm32l4xx_hal_uart_ex.o
                0x0000000008012c72                HAL_UARTEx_WakeupCallback
 .text.USB_CoreInit
                0x0000000008012c86       0x22 Drivers/STM32L4xx_HAL_Driver/Src/stm32l4xx_ll_usb.o
                0x0000000008012c86                USB_CoreInit
 .text.USB_EnableGlobalInt
                0x0000000008012ca8       0x2e Drivers/STM32L4xx_HAL_Driver/Src/stm32l4xx_ll_usb.o
                0x0000000008012ca8                USB_EnableGlobalInt
 .text.USB_DisableGlobalInt
                0x0000000008012cd6       0x36 Drivers/STM32L4xx_HAL_Driver/Src/stm32l4xx_ll_usb.o
                0x0000000008012cd6                USB_DisableGlobalInt
 .text.USB_SetCurrentMode
                0x0000000008012d0c       0x1a Drivers/STM32L4xx_HAL_Driver/Src/stm32l4xx_ll_usb.o
                0x0000000008012d0c                USB_SetCurrentMode
 .text.USB_DevInit
                0x0000000008012d26       0x42 Drivers/STM32L4xx_HAL_Driver/Src/stm32l4xx_ll_usb.o
                0x0000000008012d26                USB_DevInit
 .text.USB_ActivateEndpoint
                0x0000000008012d68      0x6dc Drivers/STM32L4xx_HAL_Driver/Src/stm32l4xx_ll_usb.o
                0x0000000008012d68                USB_ActivateEndpoint
 .text.USB_DeactivateEndpoint
                0x0000000008013444      0x3da Drivers/STM32L4xx_HAL_Driver/Src/stm32l4xx_ll_usb.o
                0x0000000008013444                USB_DeactivateEndpoint
 .text.USB_EPStartXfer
                0x000000000801381e     0x15ee Drivers/STM32L4xx_HAL_Driver/Src/stm32l4xx_ll_usb.o
                0x000000000801381e                USB_EPStartXfer
 .text.USB_EPSetStall
                0x0000000008014e0c       0xa2 Drivers/STM32L4xx_HAL_Driver/Src/stm32l4xx_ll_usb.o
                0x0000000008014e0c                USB_EPSetStall
 .text.USB_EPClearStall
                0x0000000008014eae      0x15c Drivers/STM32L4xx_HAL_Driver/Src/stm32l4xx_ll_usb.o
                0x0000000008014eae                USB_EPClearStall
 .text.USB_SetDevAddress
                0x000000000801500a       0x28 Drivers/STM32L4xx_HAL_Driver/Src/stm32l4xx_ll_usb.o
                0x000000000801500a                USB_SetDevAddress
 .text.USB_DevConnect
                0x0000000008015032       0x2e Drivers/STM32L4xx_HAL_Driver/Src/stm32l4xx_ll_usb.o
                0x0000000008015032                USB_DevConnect
 .text.USB_DevDisconnect
                0x0000000008015060       0x2a Drivers/STM32L4xx_HAL_Driver/Src/stm32l4xx_ll_usb.o
                0x0000000008015060                USB_DevDisconnect
 .text.USB_ReadInterrupts
                0x000000000801508a       0x20 Drivers/STM32L4xx_HAL_Driver/Src/stm32l4xx_ll_usb.o
                0x000000000801508a                USB_ReadInterrupts
 .text.USB_EP0_OutStart
                0x00000000080150aa       0x18 Drivers/STM32L4xx_HAL_Driver/Src/stm32l4xx_ll_usb.o
                0x00000000080150aa                USB_EP0_OutStart
 .text.USB_WritePMA
                0x00000000080150c2       0x84 Drivers/STM32L4xx_HAL_Driver/Src/stm32l4xx_ll_usb.o
                0x00000000080150c2                USB_WritePMA
 .text.USB_ReadPMA
                0x0000000008015146       0x98 Drivers/STM32L4xx_HAL_Driver/Src/stm32l4xx_ll_usb.o
                0x0000000008015146                USB_ReadPMA
 *fill*         0x00000000080151de        0x2 
 .text.__NVIC_SystemReset
                0x00000000080151e0       0x2c Middlewares/ST/STM32_USB_Device_Library/Class/DFU/Src/usbd_dfu.o
 .text.USBD_DFU_Init
                0x000000000801520c       0xb0 Middlewares/ST/STM32_USB_Device_Library/Class/DFU/Src/usbd_dfu.o
 .text.USBD_DFU_DeInit
                0x00000000080152bc       0x72 Middlewares/ST/STM32_USB_Device_Library/Class/DFU/Src/usbd_dfu.o
 *fill*         0x000000000801532e        0x2 
 .text.USBD_DFU_Setup
                0x0000000008015330      0x1e4 Middlewares/ST/STM32_USB_Device_Library/Class/DFU/Src/usbd_dfu.o
 .text.USBD_DFU_GetCfgDesc
                0x0000000008015514       0x20 Middlewares/ST/STM32_USB_Device_Library/Class/DFU/Src/usbd_dfu.o
 .text.USBD_DFU_EP0_RxReady
                0x0000000008015534       0x16 Middlewares/ST/STM32_USB_Device_Library/Class/DFU/Src/usbd_dfu.o
 .text.USBD_DFU_EP0_TxReady
                0x000000000801554a      0x1c8 Middlewares/ST/STM32_USB_Device_Library/Class/DFU/Src/usbd_dfu.o
 .text.USBD_DFU_SOF
                0x0000000008015712       0x16 Middlewares/ST/STM32_USB_Device_Library/Class/DFU/Src/usbd_dfu.o
 .text.USBD_DFU_GetDeviceQualifierDesc
                0x0000000008015728       0x20 Middlewares/ST/STM32_USB_Device_Library/Class/DFU/Src/usbd_dfu.o
 .text.USBD_DFU_GetUsrStringDesc
                0x0000000008015748       0x3c Middlewares/ST/STM32_USB_Device_Library/Class/DFU/Src/usbd_dfu.o
 .text.USBD_DFU_RegisterMedia
                0x0000000008015784       0x2a Middlewares/ST/STM32_USB_Device_Library/Class/DFU/Src/usbd_dfu.o
                0x0000000008015784                USBD_DFU_RegisterMedia
 *fill*         0x00000000080157ae        0x2 
 .text.DFU_Detach
                0x00000000080157b0       0xc8 Middlewares/ST/STM32_USB_Device_Library/Class/DFU/Src/usbd_dfu.o
 .text.DFU_Download
                0x0000000008015878       0xd8 Middlewares/ST/STM32_USB_Device_Library/Class/DFU/Src/usbd_dfu.o
 .text.DFU_Upload
                0x0000000008015950      0x1b2 Middlewares/ST/STM32_USB_Device_Library/Class/DFU/Src/usbd_dfu.o
 *fill*         0x0000000008015b02        0x2 
 .text.DFU_GetStatus
                0x0000000008015b04      0x16c Middlewares/ST/STM32_USB_Device_Library/Class/DFU/Src/usbd_dfu.o
 .text.DFU_ClearStatus
                0x0000000008015c70       0xa8 Middlewares/ST/STM32_USB_Device_Library/Class/DFU/Src/usbd_dfu.o
 .text.DFU_GetState
                0x0000000008015d18       0x30 Middlewares/ST/STM32_USB_Device_Library/Class/DFU/Src/usbd_dfu.o
 .text.DFU_Abort
                0x0000000008015d48       0xa2 Middlewares/ST/STM32_USB_Device_Library/Class/DFU/Src/usbd_dfu.o
 *fill*         0x0000000008015dea        0x2 
 .text.DFU_Leave
                0x0000000008015dec       0x9c Middlewares/ST/STM32_USB_Device_Library/Class/DFU/Src/usbd_dfu.o
 .text.USBD_Init
                0x0000000008015e88       0x60 Middlewares/ST/STM32_USB_Device_Library/Core/Src/usbd_core.o
                0x0000000008015e88                USBD_Init
 .text.USBD_Init_CDC
                0x0000000008015ee8       0x60 Middlewares/ST/STM32_USB_Device_Library/Core/Src/usbd_core.o
                0x0000000008015ee8                USBD_Init_CDC
 .text.USBD_RegisterClass
                0x0000000008015f48       0x4e Middlewares/ST/STM32_USB_Device_Library/Core/Src/usbd_core.o
                0x0000000008015f48                USBD_RegisterClass
 .text.USBD_Start
                0x0000000008015f96       0x18 Middlewares/ST/STM32_USB_Device_Library/Core/Src/usbd_core.o
                0x0000000008015f96                USBD_Start
 .text.USBD_Stop
                0x0000000008015fae       0x36 Middlewares/ST/STM32_USB_Device_Library/Core/Src/usbd_core.o
                0x0000000008015fae                USBD_Stop
 .text.USBD_RunTestMode
                0x0000000008015fe4       0x16 Middlewares/ST/STM32_USB_Device_Library/Core/Src/usbd_core.o
                0x0000000008015fe4                USBD_RunTestMode
 .text.USBD_SetClassConfig
                0x0000000008015ffa       0x38 Middlewares/ST/STM32_USB_Device_Library/Core/Src/usbd_core.o
                0x0000000008015ffa                USBD_SetClassConfig
 .text.USBD_ClrClassConfig
                0x0000000008016032       0x30 Middlewares/ST/STM32_USB_Device_Library/Core/Src/usbd_core.o
                0x0000000008016032                USBD_ClrClassConfig
 .text.USBD_LL_SetupStage
                0x0000000008016062       0xaa Middlewares/ST/STM32_USB_Device_Library/Core/Src/usbd_core.o
                0x0000000008016062                USBD_LL_SetupStage
 .text.USBD_LL_DataOutStage
                0x000000000801610c       0xc6 Middlewares/ST/STM32_USB_Device_Library/Core/Src/usbd_core.o
                0x000000000801610c                USBD_LL_DataOutStage
 .text.USBD_LL_DataInStage
                0x00000000080161d2      0x12c Middlewares/ST/STM32_USB_Device_Library/Core/Src/usbd_core.o
                0x00000000080161d2                USBD_LL_DataInStage
 .text.USBD_LL_Reset
                0x00000000080162fe       0x9c Middlewares/ST/STM32_USB_Device_Library/Core/Src/usbd_core.o
                0x00000000080162fe                USBD_LL_Reset
 .text.USBD_LL_SetSpeed
                0x000000000801639a       0x20 Middlewares/ST/STM32_USB_Device_Library/Core/Src/usbd_core.o
                0x000000000801639a                USBD_LL_SetSpeed
 .text.USBD_LL_Suspend
                0x00000000080163ba       0x2c Middlewares/ST/STM32_USB_Device_Library/Core/Src/usbd_core.o