usbd_core.c:89:20:USBD_Init	0	static
usbd_core.c:125:20:USBD_Init_CDC	8	static
usbd_core.c:167:20:USBD_DeInit	8	static
usbd_core.c:202:20:USBD_RegisterClass	24	static
usbd_core.c:239:20:USBD_Start	0	static
usbd_core.c:251:20:USBD_Stop	8	static
usbd_core.c:271:20:USBD_RunTestMode	0	static
usbd_core.c:287:20:USBD_SetClassConfig	0	static
usbd_core.c:307:20:USBD_ClrClassConfig	8	static
usbd_core.c:325:20:USBD_LL_SetupStage	16	static
usbd_core.c:365:20:USBD_LL_DataOutStage	16	static
usbd_core.c:436:20:USBD_LL_DataInStage	24	static
usbd_core.c:527:20:USBD_LL_Reset	16	static
usbd_core.c:569:20:USBD_LL_SetSpeed	0	static
usbd_core.c:584:20:USBD_LL_Suspend	0	static
usbd_core.c:599:20:USBD_LL_Resume	0	static
usbd_core.c:616:20:USBD_LL_SOF	8	static
usbd_core.c:640:20:USBD_LL_IsoINIncomplete	8	static
usbd_core.c:665:20:USBD_LL_IsoOUTIncomplete	8	static
usbd_core.c:690:20:USBD_LL_DevConnected	0	static
usbd_core.c:704:20:USBD_LL_DevDisconnected	8	static
